Archive member included to satisfy reference by file (symbol)

c:/ac6/systemworkbench/plugins/fr.ac6.mcu.externaltools.arm-none.win32_1.17.0.201812190825/tools/compiler/bin/../lib/gcc/arm-none-eabi/7.3.1/../../../../arm-none-eabi/lib/thumb/v7e-m/fpv4-sp/hard\libc.a(lib_a-exit.o)
                              c:/ac6/systemworkbench/plugins/fr.ac6.mcu.externaltools.arm-none.win32_1.17.0.201812190825/tools/compiler/bin/../lib/gcc/arm-none-eabi/7.3.1/../../../../arm-none-eabi/lib/thumb/v7e-m/fpv4-sp/hard/rdimon-crt0.o (exit)
c:/ac6/systemworkbench/plugins/fr.ac6.mcu.externaltools.arm-none.win32_1.17.0.201812190825/tools/compiler/bin/../lib/gcc/arm-none-eabi/7.3.1/../../../../arm-none-eabi/lib/thumb/v7e-m/fpv4-sp/hard\libc.a(lib_a-impure.o)
                              c:/ac6/systemworkbench/plugins/fr.ac6.mcu.externaltools.arm-none.win32_1.17.0.201812190825/tools/compiler/bin/../lib/gcc/arm-none-eabi/7.3.1/../../../../arm-none-eabi/lib/thumb/v7e-m/fpv4-sp/hard\libc.a(lib_a-exit.o) (_global_impure_ptr)
c:/ac6/systemworkbench/plugins/fr.ac6.mcu.externaltools.arm-none.win32_1.17.0.201812190825/tools/compiler/bin/../lib/gcc/arm-none-eabi/7.3.1/../../../../arm-none-eabi/lib/thumb/v7e-m/fpv4-sp/hard\libc.a(lib_a-init.o)
                              c:/ac6/systemworkbench/plugins/fr.ac6.mcu.externaltools.arm-none.win32_1.17.0.201812190825/tools/compiler/bin/../lib/gcc/arm-none-eabi/7.3.1/../../../../arm-none-eabi/lib/thumb/v7e-m/fpv4-sp/hard/rdimon-crt0.o (__libc_init_array)
c:/ac6/systemworkbench/plugins/fr.ac6.mcu.externaltools.arm-none.win32_1.17.0.201812190825/tools/compiler/bin/../lib/gcc/arm-none-eabi/7.3.1/../../../../arm-none-eabi/lib/thumb/v7e-m/fpv4-sp/hard\libc.a(lib_a-memset.o)
                              c:/ac6/systemworkbench/plugins/fr.ac6.mcu.externaltools.arm-none.win32_1.17.0.201812190825/tools/compiler/bin/../lib/gcc/arm-none-eabi/7.3.1/../../../../arm-none-eabi/lib/thumb/v7e-m/fpv4-sp/hard/rdimon-crt0.o (memset)
c:/ac6/systemworkbench/plugins/fr.ac6.mcu.externaltools.arm-none.win32_1.17.0.201812190825/tools/compiler/bin/../lib/gcc/arm-none-eabi/7.3.1/../../../../arm-none-eabi/lib/thumb/v7e-m/fpv4-sp/hard\libc.a(lib_a-__call_atexit.o)
                              c:/ac6/systemworkbench/plugins/fr.ac6.mcu.externaltools.arm-none.win32_1.17.0.201812190825/tools/compiler/bin/../lib/gcc/arm-none-eabi/7.3.1/../../../../arm-none-eabi/lib/thumb/v7e-m/fpv4-sp/hard\libc.a(lib_a-exit.o) (__call_exitprocs)
c:/ac6/systemworkbench/plugins/fr.ac6.mcu.externaltools.arm-none.win32_1.17.0.201812190825/tools/compiler/bin/../lib/gcc/arm-none-eabi/7.3.1/../../../../arm-none-eabi/lib/thumb/v7e-m/fpv4-sp/hard\libc.a(lib_a-atexit.o)
                              c:/ac6/systemworkbench/plugins/fr.ac6.mcu.externaltools.arm-none.win32_1.17.0.201812190825/tools/compiler/bin/../lib/gcc/arm-none-eabi/7.3.1/../../../../arm-none-eabi/lib/thumb/v7e-m/fpv4-sp/hard\libc.a(lib_a-__call_atexit.o) (atexit)
c:/ac6/systemworkbench/plugins/fr.ac6.mcu.externaltools.arm-none.win32_1.17.0.201812190825/tools/compiler/bin/../lib/gcc/arm-none-eabi/7.3.1/../../../../arm-none-eabi/lib/thumb/v7e-m/fpv4-sp/hard\libc.a(lib_a-fini.o)
                              c:/ac6/systemworkbench/plugins/fr.ac6.mcu.externaltools.arm-none.win32_1.17.0.201812190825/tools/compiler/bin/../lib/gcc/arm-none-eabi/7.3.1/../../../../arm-none-eabi/lib/thumb/v7e-m/fpv4-sp/hard\libc.a(lib_a-__call_atexit.o) (__libc_fini_array)
c:/ac6/systemworkbench/plugins/fr.ac6.mcu.externaltools.arm-none.win32_1.17.0.201812190825/tools/compiler/bin/../lib/gcc/arm-none-eabi/7.3.1/../../../../arm-none-eabi/lib/thumb/v7e-m/fpv4-sp/hard\libc.a(lib_a-lock.o)
                              c:/ac6/systemworkbench/plugins/fr.ac6.mcu.externaltools.arm-none.win32_1.17.0.201812190825/tools/compiler/bin/../lib/gcc/arm-none-eabi/7.3.1/../../../../arm-none-eabi/lib/thumb/v7e-m/fpv4-sp/hard\libc.a(lib_a-__call_atexit.o) (__retarget_lock_acquire_recursive)
c:/ac6/systemworkbench/plugins/fr.ac6.mcu.externaltools.arm-none.win32_1.17.0.201812190825/tools/compiler/bin/../lib/gcc/arm-none-eabi/7.3.1/../../../../arm-none-eabi/lib/thumb/v7e-m/fpv4-sp/hard\libc.a(lib_a-__atexit.o)
                              c:/ac6/systemworkbench/plugins/fr.ac6.mcu.externaltools.arm-none.win32_1.17.0.201812190825/tools/compiler/bin/../lib/gcc/arm-none-eabi/7.3.1/../../../../arm-none-eabi/lib/thumb/v7e-m/fpv4-sp/hard\libc.a(lib_a-atexit.o) (__register_exitproc)
c:/ac6/systemworkbench/plugins/fr.ac6.mcu.externaltools.arm-none.win32_1.17.0.201812190825/tools/compiler/bin/../lib/gcc/arm-none-eabi/7.3.1/../../../../arm-none-eabi/lib/thumb/v7e-m/fpv4-sp/hard\librdimon.a(rdimon-syscalls.o)
                              c:/ac6/systemworkbench/plugins/fr.ac6.mcu.externaltools.arm-none.win32_1.17.0.201812190825/tools/compiler/bin/../lib/gcc/arm-none-eabi/7.3.1/../../../../arm-none-eabi/lib/thumb/v7e-m/fpv4-sp/hard/rdimon-crt0.o (initialise_monitor_handles)
[...]
Memory Configuration

Name             Origin             Length             Attributes
RAM              0x20000000         0x00020000         xrw
ROM              0x08000000         0x00080000         xr
*default*        0x00000000         0xffffffff

Linker script and memory map

LOAD c:/ac6/systemworkbench/plugins/fr.ac6.mcu.externaltools.arm-none.win32_1.17.0.201812190825/tools/compiler/bin/../lib/gcc/arm-none-eabi/7.3.1/thumb/v7e-m/fpv4-sp/hard/crti.o
LOAD c:/ac6/systemworkbench/plugins/fr.ac6.mcu.externaltools.arm-none.win32_1.17.0.201812190825/tools/compiler/bin/../lib/gcc/arm-none-eabi/7.3.1/thumb/v7e-m/fpv4-sp/hard/crtbegin.o
LOAD c:/ac6/systemworkbench/plugins/fr.ac6.mcu.externaltools.arm-none.win32_1.17.0.201812190825/tools/compiler/bin/../lib/gcc/arm-none-eabi/7.3.1/../../../../arm-none-eabi/lib/thumb/v7e-m/fpv4-sp/hard/rdimon-crt0.o
LOAD c:/ac6/systemworkbench/plugins/fr.ac6.mcu.externaltools.arm-none.win32_1.17.0.201812190825/tools/compiler/bin/../lib/gcc/arm-none-eabi/7.3.1/../../../../arm-none-eabi/lib/thumb/v7e-m/fpv4-sp/hard\libc.a
LOAD c:/ac6/systemworkbench/plugins/fr.ac6.mcu.externaltools.arm-none.win32_1.17.0.201812190825/tools/compiler/bin/../lib/gcc/arm-none-eabi/7.3.1/../../../../arm-none-eabi/lib/thumb/v7e-m/fpv4-sp/hard\librdimon.a
LOAD StdPeriph_Driver/src/misc.o
LOAD StdPeriph_Driver/src/stm32f4xx_adc.o
LOAD StdPeriph_Driver/src/stm32f4xx_can.o
LOAD StdPeriph_Driver/src/stm32f4xx_cec.o
LOAD StdPeriph_Driver/src/stm32f4xx_crc.o
LOAD StdPeriph_Driver/src/stm32f4xx_cryp.o
LOAD StdPeriph_Driver/src/stm32f4xx_cryp_aes.o
LOAD StdPeriph_Driver/src/stm32f4xx_cryp_des.o
LOAD StdPeriph_Driver/src/stm32f4xx_cryp_tdes.o
LOAD StdPeriph_Driver/src/stm32f4xx_dac.o
LOAD StdPeriph_Driver/src/stm32f4xx_dbgmcu.o
LOAD StdPeriph_Driver/src/stm32f4xx_dcmi.o
LOAD StdPeriph_Driver/src/stm32f4xx_dfsdm.o
LOAD StdPeriph_Driver/src/stm32f4xx_dma.o
LOAD StdPeriph_Driver/src/stm32f4xx_dma2d.o
LOAD StdPeriph_Driver/src/stm32f4xx_dsi.o
LOAD StdPeriph_Driver/src/stm32f4xx_exti.o
LOAD StdPeriph_Driver/src/stm32f4xx_flash.o
LOAD StdPeriph_Driver/src/stm32f4xx_flash_ramfunc.o
LOAD StdPeriph_Driver/src/stm32f4xx_fmc.o
LOAD StdPeriph_Driver/src/stm32f4xx_fmip2c.o
LOAD StdPeriph_Driver/src/stm32f4xx_fsmc.o
LOAD StdPeriph_Driver/src/stm32f4xx_gpio.o
LOAD StdPeriph_Driver/src/stm32f4xx_hash.o
LOAD StdPeriph_Driver/src/stm32f4xx_hash_md5.o
LOAD StdPeriph_Driver/src/stm32f4xx_hash_sha1.o
LOAD StdPeriph_Driver/src/stm32f4xx_i2c.o
LOAD StdPeriph_Driver/src/stm32f4xx_iwdg.o
LOAD StdPeriph_Driver/src/stm32f4xx_lptim.o
LOAD StdPeriph_Driver/src/stm32f4xx_ltdc.o
LOAD StdPeriph_Driver/src/stm32f4xx_pwr.o
LOAD StdPeriph_Driver/src/stm32f4xx_qspi.o
LOAD StdPeriph_Driver/src/stm32f4xx_rcc.o
LOAD StdPeriph_Driver/src/stm32f4xx_rng.o
LOAD StdPeriph_Driver/src/stm32f4xx_rtc.o
LOAD StdPeriph_Driver/src/stm32f4xx_sai.o
LOAD StdPeriph_Driver/src/stm32f4xx_sdio.o
LOAD StdPeriph_Driver/src/stm32f4xx_spdifrx.o
LOAD StdPeriph_Driver/src/stm32f4xx_spi.o
LOAD StdPeriph_Driver/src/stm32f4xx_syscfg.o
LOAD StdPeriph_Driver/src/stm32f4xx_tim.o
LOAD StdPeriph_Driver/src/stm32f4xx_usart.o
LOAD StdPeriph_Driver/src/stm32f4xx_wwdg.o
LOAD Third-Party/FreeRTOS/org/Source/croutine.o
LOAD Third-Party/FreeRTOS/org/Source/event_groups.o
LOAD Third-Party/FreeRTOS/org/Source/list.o
LOAD Third-Party/FreeRTOS/org/Source/queue.o
LOAD Third-Party/FreeRTOS/org/Source/stream_buffer.o
LOAD Third-Party/FreeRTOS/org/Source/tasks.o
LOAD Third-Party/FreeRTOS/org/Source/timers.o
LOAD Third-Party/FreeRTOS/org/Source/portable/GCC/ARM_CM4F/port.o
LOAD Third-Party/FreeRTOS/org/Source/portable/MemMang/heap_4.o
LOAD Third-Party/SEGGER/Config/SEGGER_SYSVIEW_Config_FreeRTOS.o
LOAD Third-Party/SEGGER/OS/SEGGER_SYSVIEW_FreeRTOS.o
LOAD Third-Party/SEGGER/SEGGER/SEGGER_RTT.o
LOAD Third-Party/SEGGER/SEGGER/SEGGER_SYSVIEW.o
LOAD src/main.o
LOAD src/system_stm32f4xx.o
LOAD startup/startup_stm32.o
LOAD c:/ac6/systemworkbench/plugins/fr.ac6.mcu.externaltools.arm-none.win32_1.17.0.201812190825/tools/compiler/bin/../lib/gcc/arm-none-eabi/7.3.1/../../../../arm-none-eabi/lib/thumb/v7e-m/fpv4-sp/hard\libm.a
START GROUP
LOAD c:/ac6/systemworkbench/plugins/fr.ac6.mcu.externaltools.arm-none.win32_1.17.0.201812190825/tools/compiler/bin/../lib/gcc/arm-none-eabi/7.3.1/thumb/v7e-m/fpv4-sp/hard\libgcc.a
LOAD c:/ac6/systemworkbench/plugins/fr.ac6.mcu.externaltools.arm-none.win32_1.17.0.201812190825/tools/compiler/bin/../lib/gcc/arm-none-eabi/7.3.1/../../../../arm-none-eabi/lib/thumb/v7e-m/fpv4-sp/hard\libc.a
END GROUP
START GROUP
LOAD c:/ac6/systemworkbench/plugins/fr.ac6.mcu.externaltools.arm-none.win32_1.17.0.201812190825/tools/compiler/bin/../lib/gcc/arm-none-eabi/7.3.1/thumb/v7e-m/fpv4-sp/hard\libgcc.a
LOAD c:/ac6/systemworkbench/plugins/fr.ac6.mcu.externaltools.arm-none.win32_1.17.0.201812190825/tools/compiler/bin/../lib/gcc/arm-none-eabi/7.3.1/../../../../arm-none-eabi/lib/thumb/v7e-m/fpv4-sp/hard\libc.a
LOAD c:/ac6/systemworkbench/plugins/fr.ac6.mcu.externaltools.arm-none.win32_1.17.0.201812190825/tools/compiler/bin/../lib/gcc/arm-none-eabi/7.3.1/../../../../arm-none-eabi/lib/thumb/v7e-m/fpv4-sp/hard\librdimon.a
END GROUP
LOAD c:/ac6/systemworkbench/plugins/fr.ac6.mcu.externaltools.arm-none.win32_1.17.0.201812190825/tools/compiler/bin/../lib/gcc/arm-none-eabi/7.3.1/thumb/v7e-m/fpv4-sp/hard/crtend.o
LOAD c:/ac6/systemworkbench/plugins/fr.ac6.mcu.externaltools.arm-none.win32_1.17.0.201812190825/tools/compiler/bin/../lib/gcc/arm-none-eabi/7.3.1/thumb/v7e-m/fpv4-sp/hard/crtn.o
                0x20020000                _estack = 0x20020000
                0x00000000                _Min_Heap_Size = 0x0
                0x00000400                _Min_Stack_Size = 0x400

.isr_vector     0x08000000      0x1c4
                0x08000000                . = ALIGN (0x4)
 *(.isr_vector)
 .isr_vector    0x08000000      0x1c4 startup/startup_stm32.o
                0x08000000                g_pfnVectors
                0x080001c4                . = ALIGN (0x4)

.text           0x08000200     0xa9fc
                0x08000200                . = ALIGN (0x4)
 *(.text)
 .text          0x08000200       0x40 c:/ac6/systemworkbench/plugins/fr.ac6.mcu.externaltools.arm-none.win32_1.17.0.201812190825/tools/compiler/bin/../lib/gcc/arm-none-eabi/7.3.1/thumb/v7e-m/fpv4-sp/hard/crtbegin.o
 .text          0x08000240      0x134 c:/ac6/systemworkbench/plugins/fr.ac6.mcu.externaltools.arm-none.win32_1.17.0.201812190825/tools/compiler/bin/../lib/gcc/arm-none-eabi/7.3.1/../../../../arm-none-eabi/lib/thumb/v7e-m/fpv4-sp/hard\libc.a(lib_a-memcpy.o)
                0x08000240                memcpy
 *fill*         0x08000374        0xc 
 .text          0x08000380       0xdc c:/ac6/systemworkbench/plugins/fr.ac6.mcu.externaltools.arm-none.win32_1.17.0.201812190825/tools/compiler/bin/../lib/gcc/arm-none-eabi/7.3.1/../../../../arm-none-eabi/lib/thumb/v7e-m/fpv4-sp/hard\libc.a(lib_a-strlen.o)
                0x08000380                strlen
 *fill*         0x0800045c        0x4 
 .text          0x08000460       0xa0 c:/ac6/systemworkbench/plugins/fr.ac6.mcu.externaltools.arm-none.win32_1.17.0.201812190825/tools/compiler/bin/../lib/gcc/arm-none-eabi/7.3.1/../../../../arm-none-eabi/lib/thumb/v7e-m/fpv4-sp/hard\libc.a(lib_a-memchr.o)
                0x08000460                memchr
 .text          0x08000500      0x378 c:/ac6/systemworkbench/plugins/fr.ac6.mcu.externaltools.arm-none.win32_1.17.0.201812190825/tools/compiler/bin/../lib/gcc/arm-none-eabi/7.3.1/thumb/v7e-m/fpv4-sp/hard\libgcc.a(_arm_addsubdf3.o)
                0x08000500                __aeabi_drsub
                0x08000508                __aeabi_dsub
                0x08000508                __subdf3
                0x0800050c                __aeabi_dadd
                0x0800050c                __adddf3
                0x08000784                __floatunsidf
                0x08000784                __aeabi_ui2d
                0x080007a4                __floatsidf
                0x080007a4                __aeabi_i2d
                0x080007c8                __aeabi_f2d
                0x080007c8                __extendsfdf2
                0x0800080c                __floatundidf
                0x0800080c                __aeabi_ul2d
                0x0800081c                __floatdidf
                0x0800081c                __aeabi_l2d
 .text          0x08000878      0x424 c:/ac6/systemworkbench/plugins/fr.ac6.mcu.externaltools.arm-none.win32_1.17.0.201812190825/tools/compiler/bin/../lib/gcc/arm-none-eabi/7.3.1/thumb/v7e-m/fpv4-sp/hard\libgcc.a(_arm_muldivdf3.o)
                0x08000878                __aeabi_dmul
                0x08000878                __muldf3
                0x08000acc                __divdf3
                0x08000acc                __aeabi_ddiv
 .text          0x08000c9c      0x110 c:/ac6/systemworkbench/plugins/fr.ac6.mcu.externaltools.arm-none.win32_1.17.0.201812190825/tools/compiler/bin/../lib/gcc/arm-none-eabi/7.3.1/thumb/v7e-m/fpv4-sp/hard\libgcc.a(_arm_cmpdf2.o)
                0x08000c9c                __gtdf2
                0x08000c9c                __gedf2
                0x08000ca4                __ltdf2
                0x08000ca4                __ledf2
                0x08000cac                __nedf2
                0x08000cac                __eqdf2
                0x08000cac                __cmpdf2
                0x08000d28                __aeabi_cdrcmple
                0x08000d38                __aeabi_cdcmpeq
                0x08000d38                __aeabi_cdcmple
                0x08000d48                __aeabi_dcmpeq
                0x08000d5c                __aeabi_dcmplt
                0x08000d70                __aeabi_dcmple
                0x08000d84                __aeabi_dcmpge
                0x08000d98                __aeabi_dcmpgt
 .text          0x08000dac       0x2c c:/ac6/systemworkbench/plugins/fr.ac6.mcu.externaltools.arm-none.win32_1.17.0.201812190825/tools/compiler/bin/../lib/gcc/arm-none-eabi/7.3.1/thumb/v7e-m/fpv4-sp/hard\libgcc.a(_arm_unorddf2.o)
                0x08000dac                __unorddf2
                0x08000dac                __aeabi_dcmpun
 .text          0x08000dd8       0x50 c:/ac6/systemworkbench/plugins/fr.ac6.mcu.externaltools.arm-none.win32_1.17.0.201812190825/tools/compiler/bin/../lib/gcc/arm-none-eabi/7.3.1/thumb/v7e-m/fpv4-sp/hard\libgcc.a(_arm_fixdfsi.o)
                0x08000dd8                __aeabi_d2iz
                0x08000dd8                __fixdfsi
 .text          0x08000e28       0x30 c:/ac6/systemworkbench/plugins/fr.ac6.mcu.externaltools.arm-none.win32_1.17.0.201812190825/tools/compiler/bin/../lib/gcc/arm-none-eabi/7.3.1/thumb/v7e-m/fpv4-sp/hard\libgcc.a(_aeabi_uldivmod.o)
                0x08000e28                __aeabi_uldivmod
 .text          0x08000e58      0x2cc c:/ac6/systemworkbench/plugins/fr.ac6.mcu.externaltools.arm-none.win32_1.17.0.201812190825/tools/compiler/bin/../lib/gcc/arm-none-eabi/7.3.1/thumb/v7e-m/fpv4-sp/hard\libgcc.a(_udivmoddi4.o)
                0x08000e58                __udivmoddi4
 .text          0x08001124        0x4 c:/ac6/systemworkbench/plugins/fr.ac6.mcu.externaltools.arm-none.win32_1.17.0.201812190825/tools/compiler/bin/../lib/gcc/arm-none-eabi/7.3.1/thumb/v7e-m/fpv4-sp/hard\libgcc.a(_dvmd_tls.o)
                0x08001124                __aeabi_idiv0
                0x08001124                __aeabi_ldiv0
 *(.text*)
 .text.__libc_init_array
                0x08001128       0x48 c:/ac6/systemworkbench/plugins/fr.ac6.mcu.externaltools.arm-none.win32_1.17.0.201812190825/tools/compiler/bin/../lib/gcc/arm-none-eabi/7.3.1/../../../../arm-none-eabi/lib/thumb/v7e-m/fpv4-sp/hard\libc.a(lib_a-init.o)
                0x08001128                __libc_init_array
 .text.memset   0x08001170       0x94 c:/ac6/systemworkbench/plugins/fr.ac6.mcu.externaltools.arm-none.win32_1.17.0.201812190825/tools/compiler/bin/../lib/gcc/arm-none-eabi/7.3.1/../../../../arm-none-eabi/lib/thumb/v7e-m/fpv4-sp/hard\libc.a(lib_a-memset.o)
                0x08001170                memset
 .text.startup.register_fini
                0x08001204       0x14 c:/ac6/systemworkbench/plugins/fr.ac6.mcu.externaltools.arm-none.win32_1.17.0.201812190825/tools/compiler/bin/../lib/gcc/arm-none-eabi/7.3.1/../../../../arm-none-eabi/lib/thumb/v7e-m/fpv4-sp/hard\libc.a(lib_a-__call_atexit.o)
 .text.atexit   0x08001218        0xc c:/ac6/systemworkbench/plugins/fr.ac6.mcu.externaltools.arm-none.win32_1.17.0.201812190825/tools/compiler/bin/../lib/gcc/arm-none-eabi/7.3.1/../../../../arm-none-eabi/lib/thumb/v7e-m/fpv4-sp/hard\libc.a(lib_a-atexit.o)
                0x08001218                atexit
 .text.__libc_fini_array
                0x08001224       0x34 c:/ac6/systemworkbench/plugins/fr.ac6.mcu.externaltools.arm-none.win32_1.17.0.201812190825/tools/compiler/bin/../lib/gcc/arm-none-eabi/7.3.1/../../../../arm-none-eabi/lib/thumb/v7e-m/fpv4-sp/hard\libc.a(lib_a-fini.o)
                0x08001224                __libc_fini_array
 .text.__retarget_lock_acquire_recursive
                0x08001258        0x4 c:/ac6/systemworkbench/plugins/fr.ac6.mcu.externaltools.arm-none.win32_1.17.0.201812190825/tools/compiler/bin/../lib/gcc/arm-none-eabi/7.3.1/../../../../arm-none-eabi/lib/thumb/v7e-m/fpv4-sp/hard\libc.a(lib_a-lock.o)
                0x08001258                __retarget_lock_acquire_recursive
 .text.__retarget_lock_release_recursive
                0x0800125c        0x4 c:/ac6/systemworkbench/plugins/fr.ac6.mcu.externaltools.arm-none.win32_1.17.0.201812190825/tools/compiler/bin/../lib/gcc/arm-none-eabi/7.3.1/../../../../arm-none-eabi/lib/thumb/v7e-m/fpv4-sp/hard\libc.a(lib_a-lock.o)
                0x0800125c                __retarget_lock_release_recursive
 .text.__register_exitproc
                0x08001260       0xc0 c:/ac6/systemworkbench/plugins/fr.ac6.mcu.externaltools.arm-none.win32_1.17.0.201812190825/tools/compiler/bin/../lib/gcc/arm-none-eabi/7.3.1/../../../../arm-none-eabi/lib/thumb/v7e-m/fpv4-sp/hard\libc.a(lib_a-__atexit.o)
                0x08001260                __register_exitproc
 .text._sbrk    0x08001320       0x4c c:/ac6/systemworkbench/plugins/fr.ac6.mcu.externaltools.arm-none.win32_1.17.0.201812190825/tools/compiler/bin/../lib/gcc/arm-none-eabi/7.3.1/../../../../arm-none-eabi/lib/thumb/v7e-m/fpv4-sp/hard\librdimon.a(rdimon-syscalls.o)
                0x08001320                _sbrk
 .text.EXTI_Init
                0x0800136c       0xe4 StdPeriph_Driver/src/stm32f4xx_exti.o
                0x0800136c                EXTI_Init
 .text.GPIO_Init
                0x08001450      0x11c StdPeriph_Driver/src/stm32f4xx_gpio.o
                0x08001450                GPIO_Init
 .text.GPIO_ReadOutputDataBit
                0x0800156c       0x34 StdPeriph_Driver/src/stm32f4xx_gpio.o
                0x0800156c                GPIO_ReadOutputDataBit
 .text.GPIO_WriteBit
                0x080015a0       0x30 StdPeriph_Driver/src/stm32f4xx_gpio.o
                0x080015a0                GPIO_WriteBit
 .text.GPIO_ToggleBits
                0x080015d0       0x24 StdPeriph_Driver/src/stm32f4xx_gpio.o
                0x080015d0                GPIO_ToggleBits
 .text.GPIO_PinAFConfig
                0x080015f4       0x92 StdPeriph_Driver/src/stm32f4xx_gpio.o
                0x080015f4                GPIO_PinAFConfig
 *fill*         0x08001686        0x2 
 .text.RCC_DeInit
                0x08001688       0x70 StdPeriph_Driver/src/stm32f4xx_rcc.o
                0x08001688                RCC_DeInit
 .text.RCC_GetClocksFreq
                0x080016f8      0x1f4 StdPeriph_Driver/src/stm32f4xx_rcc.o
                0x080016f8                RCC_GetClocksFreq
 .text.RCC_AHB1PeriphClockCmd
                0x080018ec       0x40 StdPeriph_Driver/src/stm32f4xx_rcc.o
                0x080018ec                RCC_AHB1PeriphClockCmd
 .text.RCC_APB1PeriphClockCmd
                0x0800192c       0x40 StdPeriph_Driver/src/stm32f4xx_rcc.o
                0x0800192c                RCC_APB1PeriphClockCmd
 .text.RCC_APB2PeriphClockCmd
                0x0800196c       0x40 StdPeriph_Driver/src/stm32f4xx_rcc.o
                0x0800196c                RCC_APB2PeriphClockCmd
 .text.RTC_GetTime
                0x080019ac       0xa4 StdPeriph_Driver/src/stm32f4xx_rtc.o
                0x080019ac                RTC_GetTime
 .text.RTC_GetDate
                0x08001a50       0x9c StdPeriph_Driver/src/stm32f4xx_rtc.o
                0x08001a50                RTC_GetDate
 .text.RTC_Bcd2ToByte
                0x08001aec       0x38 StdPeriph_Driver/src/stm32f4xx_rtc.o
 .text.SYSCFG_EXTILineConfig
                0x08001b24       0x84 StdPeriph_Driver/src/stm32f4xx_syscfg.o
                0x08001b24                SYSCFG_EXTILineConfig
 .text.USART_Init
                0x08001ba8      0x174 StdPeriph_Driver/src/stm32f4xx_usart.o
                0x08001ba8                USART_Init
 .text.USART_Cmd
                0x08001d1c       0x40 StdPeriph_Driver/src/stm32f4xx_usart.o
                0x08001d1c                USART_Cmd
 .text.USART_SendData
                0x08001d5c       0x24 StdPeriph_Driver/src/stm32f4xx_usart.o
                0x08001d5c                USART_SendData
 .text.USART_ReceiveData
                0x08001d80       0x20 StdPeriph_Driver/src/stm32f4xx_usart.o
                0x08001d80                USART_ReceiveData
 .text.USART_ITConfig
                0x08001da0       0x90 StdPeriph_Driver/src/stm32f4xx_usart.o
                0x08001da0                USART_ITConfig
 .text.USART_GetFlagStatus
                0x08001e30       0x38 StdPeriph_Driver/src/stm32f4xx_usart.o
                0x08001e30                USART_GetFlagStatus
 .text.vListInitialise
                0x08001e68       0x40 Third-Party/FreeRTOS/org/Source/list.o
                0x08001e68                vListInitialise
 .text.vListInitialiseItem
                0x08001ea8       0x1a Third-Party/FreeRTOS/org/Source/list.o
                0x08001ea8                vListInitialiseItem
 .text.vListInsertEnd
                0x08001ec2       0x48 Third-Party/FreeRTOS/org/Source/list.o
                0x08001ec2                vListInsertEnd
 .text.vListInsert
                0x08001f0a       0x72 Third-Party/FreeRTOS/org/Source/list.o
                0x08001f0a                vListInsert
 .text.uxListRemove
                0x08001f7c       0x54 Third-Party/FreeRTOS/org/Source/list.o
                0x08001f7c                uxListRemove
 .text.xQueueGenericReset
                0x08001fd0       0xd0 Third-Party/FreeRTOS/org/Source/queue.o
                0x08001fd0                xQueueGenericReset
 .text.xQueueGenericCreate
                0x080020a0       0x76 Third-Party/FreeRTOS/org/Source/queue.o
                0x080020a0                xQueueGenericCreate
 .text.prvInitialiseNewQueue
                0x08002116       0x52 Third-Party/FreeRTOS/org/Source/queue.o
 .text.xQueueGenericSend
                0x08002168      0x244 Third-Party/FreeRTOS/org/Source/queue.o
                0x08002168                xQueueGenericSend
 .text.xQueueGenericSendFromISR
                0x080023ac      0x150 Third-Party/FreeRTOS/org/Source/queue.o
                0x080023ac                xQueueGenericSendFromISR
 .text.xQueueReceive
                0x080024fc      0x228 Third-Party/FreeRTOS/org/Source/queue.o
                0x080024fc                xQueueReceive
 .text.prvCopyDataToQueue
                0x08002724       0xd4 Third-Party/FreeRTOS/org/Source/queue.o
 .text.prvCopyDataFromQueue
                0x080027f8       0x4c Third-Party/FreeRTOS/org/Source/queue.o
 .text.prvUnlockQueue
                0x08002844       0xa4 Third-Party/FreeRTOS/org/Source/queue.o
 .text.prvIsQueueEmpty
                0x080028e8       0x2c Third-Party/FreeRTOS/org/Source/queue.o
 .text.prvIsQueueFull
                0x08002914       0x30 Third-Party/FreeRTOS/org/Source/queue.o
 .text.vQueueAddToRegistry
                0x08002944       0x60 Third-Party/FreeRTOS/org/Source/queue.o
                0x08002944                vQueueAddToRegistry
 .text.vQueueWaitForMessageRestricted
                0x080029a4       0x68 Third-Party/FreeRTOS/org/Source/queue.o
                0x080029a4                vQueueWaitForMessageRestricted
 .text.xTaskCreate
                0x08002a0c       0x82 Third-Party/FreeRTOS/org/Source/tasks.o
                0x08002a0c                xTaskCreate
 .text.prvInitialiseNewTask
                0x08002a8e      0x11c Third-Party/FreeRTOS/org/Source/tasks.o
 *fill*         0x08002baa        0x2 
 .text.prvAddNewTaskToReadyList
                0x08002bac      0x118 Third-Party/FreeRTOS/org/Source/tasks.o
 .text.vTaskStartScheduler
                0x08002cc4       0xb8 Third-Party/FreeRTOS/org/Source/tasks.o
                0x08002cc4                vTaskStartScheduler
 .text.vTaskSuspendAll
                0x08002d7c       0x1c Third-Party/FreeRTOS/org/Source/tasks.o
                0x08002d7c                vTaskSuspendAll
 .text.xTaskResumeAll
                0x08002d98      0x140 Third-Party/FreeRTOS/org/Source/tasks.o
                0x08002d98                xTaskResumeAll
 .text.xTaskGetTickCount
                0x08002ed8       0x20 Third-Party/FreeRTOS/org/Source/tasks.o
                0x08002ed8                xTaskGetTickCount
 .text.xTaskGetTickCountFromISR
                0x08002ef8       0x24 Third-Party/FreeRTOS/org/Source/tasks.o
                0x08002ef8                xTaskGetTickCountFromISR
 .text.xTaskIncrementTick
                0x08002f1c      0x178 Third-Party/FreeRTOS/org/Source/tasks.o
                0x08002f1c                xTaskIncrementTick
 .text.vTaskSwitchContext
                0x08003094       0xd0 Third-Party/FreeRTOS/org/Source/tasks.o
                0x08003094                vTaskSwitchContext
 .text.vTaskPlaceOnEventList
                0x08003164       0x48 Third-Party/FreeRTOS/org/Source/tasks.o
                0x08003164                vTaskPlaceOnEventList
 .text.vTaskPlaceOnEventListRestricted
                0x080031ac       0x5c Third-Party/FreeRTOS/org/Source/tasks.o
                0x080031ac                vTaskPlaceOnEventListRestricted
 .text.xTaskRemoveFromEventList
                0x08003208       0xcc Third-Party/FreeRTOS/org/Source/tasks.o
                0x08003208                xTaskRemoveFromEventList
 .text.vTaskInternalSetTimeOutState
                0x080032d4       0x2c Third-Party/FreeRTOS/org/Source/tasks.o
                0x080032d4                vTaskInternalSetTimeOutState
 .text.xTaskCheckForTimeOut
                0x08003300       0xc0 Third-Party/FreeRTOS/org/Source/tasks.o
                0x08003300                xTaskCheckForTimeOut
 .text.vTaskMissedYield
                0x080033c0       0x18 Third-Party/FreeRTOS/org/Source/tasks.o
                0x080033c0                vTaskMissedYield
 .text.prvIdleTask
                0x080033d8       0x30 Third-Party/FreeRTOS/org/Source/tasks.o
 .text.prvInitialiseTaskLists
                0x08003408       0x80 Third-Party/FreeRTOS/org/Source/tasks.o
 .text.prvCheckTasksWaitingTermination
                0x08003488       0x58 Third-Party/FreeRTOS/org/Source/tasks.o
 .text.prvDeleteTCB
                0x080034e0       0x20 Third-Party/FreeRTOS/org/Source/tasks.o
 .text.prvResetNextTaskUnblockTime
                0x08003500       0x40 Third-Party/FreeRTOS/org/Source/tasks.o
 .text.xTaskGetSchedulerState
                0x08003540       0x3c Third-Party/FreeRTOS/org/Source/tasks.o
                0x08003540                xTaskGetSchedulerState
 .text.xTaskPriorityDisinherit
                0x0800357c      0x110 Third-Party/FreeRTOS/org/Source/tasks.o
                0x0800357c                xTaskPriorityDisinherit
 .text.xTaskNotifyWait
                0x0800368c       0xc8 Third-Party/FreeRTOS/org/Source/tasks.o
                0x0800368c                xTaskNotifyWait
 .text.xTaskGenericNotifyFromISR
                0x08003754      0x1d4 Third-Party/FreeRTOS/org/Source/tasks.o
                0x08003754                xTaskGenericNotifyFromISR
 .text.prvAddCurrentTaskToDelayedList
                0x08003928       0xf0 Third-Party/FreeRTOS/org/Source/tasks.o
 .text.xTimerCreateTimerTask
                0x08003a18       0x64 Third-Party/FreeRTOS/org/Source/timers.o
                0x08003a18                xTimerCreateTimerTask
 .text.xTimerCreate
                0x08003a7c       0x42 Third-Party/FreeRTOS/org/Source/timers.o
                0x08003a7c                xTimerCreate
 .text.prvInitialiseNewTimer
                0x08003abe       0x74 Third-Party/FreeRTOS/org/Source/timers.o
 *fill*         0x08003b32        0x2 
 .text.xTimerGenericCommand
                0x08003b34       0x98 Third-Party/FreeRTOS/org/Source/timers.o
                0x08003b34                xTimerGenericCommand
 .text.prvProcessExpiredTimer
                0x08003bcc       0x98 Third-Party/FreeRTOS/org/Source/timers.o
 .text.prvTimerTask
                0x08003c64       0x24 Third-Party/FreeRTOS/org/Source/timers.o
 .text.prvProcessTimerOrBlockTask
                0x08003c88       0x9c Third-Party/FreeRTOS/org/Source/timers.o
 .text.prvGetNextExpireTime
                0x08003d24       0x48 Third-Party/FreeRTOS/org/Source/timers.o
 .text.prvSampleTimeNow
                0x08003d6c       0x40 Third-Party/FreeRTOS/org/Source/timers.o
 .text.prvInsertTimerInActiveList
                0x08003dac       0x84 Third-Party/FreeRTOS/org/Source/timers.o
 .text.prvProcessReceivedCommands
                0x08003e30      0x188 Third-Party/FreeRTOS/org/Source/timers.o
 .text.prvSwitchTimerLists
                0x08003fb8       0xc8 Third-Party/FreeRTOS/org/Source/timers.o
 .text.prvCheckForValidListAndQueue
                0x08004080       0x6c Third-Party/FreeRTOS/org/Source/timers.o
 .text.pxPortInitialiseStack
                0x080040ec       0x68 Third-Party/FreeRTOS/org/Source/portable/GCC/ARM_CM4F/port.o
                0x080040ec                pxPortInitialiseStack
 .text.prvTaskExitError
                0x08004154       0x54 Third-Party/FreeRTOS/org/Source/portable/GCC/ARM_CM4F/port.o
 *fill*         0x080041a8        0x8 
 .text.SVC_Handler
                0x080041b0       0x28 Third-Party/FreeRTOS/org/Source/portable/GCC/ARM_CM4F/port.o
                0x080041b0                SVC_Handler
 .text.prvPortStartFirstTask
                0x080041d8       0x28 Third-Party/FreeRTOS/org/Source/portable/GCC/ARM_CM4F/port.o
 .text.xPortStartScheduler
                0x08004200      0x13c Third-Party/FreeRTOS/org/Source/portable/GCC/ARM_CM4F/port.o
                0x08004200                xPortStartScheduler
 .text.vPortEnterCritical
                0x0800433c       0x5c Third-Party/FreeRTOS/org/Source/portable/GCC/ARM_CM4F/port.o
                0x0800433c                vPortEnterCritical
 .text.vPortExitCritical
                0x08004398       0x50 Third-Party/FreeRTOS/org/Source/portable/GCC/ARM_CM4F/port.o
                0x08004398                vPortExitCritical
 *fill*         0x080043e8        0x8 
 .text.PendSV_Handler
                0x080043f0       0x68 Third-Party/FreeRTOS/org/Source/portable/GCC/ARM_CM4F/port.o
                0x080043f0                PendSV_Handler
 .text.SysTick_Handler
                0x08004458       0x50 Third-Party/FreeRTOS/org/Source/portable/GCC/ARM_CM4F/port.o
                0x08004458                SysTick_Handler
 .text.vPortSetupTimerInterrupt
                0x080044a8       0x48 Third-Party/FreeRTOS/org/Source/portable/GCC/ARM_CM4F/port.o
                0x080044a8                vPortSetupTimerInterrupt
 .text.vPortEnableVFP
                0x080044f0       0x14 Third-Party/FreeRTOS/org/Source/portable/GCC/ARM_CM4F/port.o
 .text.vPortValidateInterruptPriority
                0x08004504       0x7c Third-Party/FreeRTOS/org/Source/portable/GCC/ARM_CM4F/port.o
                0x08004504                vPortValidateInterruptPriority
 .text.pvPortMalloc
                0x08004580      0x184 Third-Party/FreeRTOS/org/Source/portable/MemMang/heap_4.o
                0x08004580                pvPortMalloc
 .text.vPortFree
                0x08004704       0xb0 Third-Party/FreeRTOS/org/Source/portable/MemMang/heap_4.o
                0x08004704                vPortFree
 .text.prvHeapInit
                0x080047b4       0xc4 Third-Party/FreeRTOS/org/Source/portable/MemMang/heap_4.o
 .text.prvInsertBlockIntoFreeList
                0x08004878       0xb4 Third-Party/FreeRTOS/org/Source/portable/MemMang/heap_4.o
 .text._cbSendTaskList
                0x0800492c       0x90 Third-Party/SEGGER/OS/SEGGER_SYSVIEW_FreeRTOS.o
 .text._cbGetTime
                0x080049bc       0x76 Third-Party/SEGGER/OS/SEGGER_SYSVIEW_FreeRTOS.o
 *fill*         0x08004a32        0x2 
 .text.SYSVIEW_AddTask
                0x08004a34       0xd0 Third-Party/SEGGER/OS/SEGGER_SYSVIEW_FreeRTOS.o
                0x08004a34                SYSVIEW_AddTask
 .text.SYSVIEW_SendTaskInfo
                0x08004b04       0x42 Third-Party/SEGGER/OS/SEGGER_SYSVIEW_FreeRTOS.o
                0x08004b04                SYSVIEW_SendTaskInfo
 *fill*         0x08004b46        0x2 
 .text._DoInit  0x08004b48       0xa4 Third-Party/SEGGER/SEGGER/SEGGER_RTT.o
 .text.SEGGER_RTT_ReadNoLock
                0x08004bec      0x104 Third-Party/SEGGER/SEGGER/SEGGER_RTT.o
                0x08004bec                SEGGER_RTT_ReadNoLock
 .text.SEGGER_RTT_WriteSkipNoLock
                0x08004cf0      0x120 Third-Party/SEGGER/SEGGER/SEGGER_RTT.o
                0x08004cf0                SEGGER_RTT_WriteSkipNoLock
 .text._EncodeStr
                0x08004e10       0x9a Third-Party/SEGGER/SEGGER/SEGGER_SYSVIEW.o
 .text._PreparePacket
                0x08004eaa       0x18 Third-Party/SEGGER/SEGGER/SEGGER_SYSVIEW.o
 .text._HandleIncomingPacket
                0x08004ec2       0xb8 Third-Party/SEGGER/SEGGER/SEGGER_SYSVIEW.o
 *fill*         0x08004f7a        0x2 
 .text._TrySendOverflowPacket
                0x08004f7c       0xe0 Third-Party/SEGGER/SEGGER/SEGGER_SYSVIEW.o
 .text._SendPacket
                0x0800505c      0x1a8 Third-Party/SEGGER/SEGGER/SEGGER_SYSVIEW.o
 .text.SEGGER_SYSVIEW_RecordVoid
                0x08005204       0x3c Third-Party/SEGGER/SEGGER/SEGGER_SYSVIEW.o
                0x08005204                SEGGER_SYSVIEW_RecordVoid
 .text.SEGGER_SYSVIEW_RecordU32
                0x08005240       0x78 Third-Party/SEGGER/SEGGER/SEGGER_SYSVIEW.o
                0x08005240                SEGGER_SYSVIEW_RecordU32
 .text.SEGGER_SYSVIEW_RecordU32x2
                0x080052b8       0xb4 Third-Party/SEGGER/SEGGER/SEGGER_SYSVIEW.o
                0x080052b8                SEGGER_SYSVIEW_RecordU32x2
 .text.SEGGER_SYSVIEW_RecordU32x3
                0x0800536c       0xec Third-Party/SEGGER/SEGGER/SEGGER_SYSVIEW.o
                0x0800536c                SEGGER_SYSVIEW_RecordU32x3
 .text.SEGGER_SYSVIEW_RecordU32x4
                0x08005458      0x124 Third-Party/SEGGER/SEGGER/SEGGER_SYSVIEW.o
                0x08005458                SEGGER_SYSVIEW_RecordU32x4
 .text.SEGGER_SYSVIEW_RecordU32x5
                0x0800557c      0x15c Third-Party/SEGGER/SEGGER/SEGGER_SYSVIEW.o
                0x0800557c                SEGGER_SYSVIEW_RecordU32x5
 .text.SEGGER_SYSVIEW_Start
                0x080056d8      0x178 Third-Party/SEGGER/SEGGER/SEGGER_SYSVIEW.o
                0x080056d8                SEGGER_SYSVIEW_Start
 .text.SEGGER_SYSVIEW_Stop
                0x08005850       0x4c Third-Party/SEGGER/SEGGER/SEGGER_SYSVIEW.o
                0x08005850                SEGGER_SYSVIEW_Stop
 .text.SEGGER_SYSVIEW_GetSysDesc
                0x0800589c      0x134 Third-Party/SEGGER/SEGGER/SEGGER_SYSVIEW.o
                0x0800589c                SEGGER_SYSVIEW_GetSysDesc
 .text.SEGGER_SYSVIEW_SendTaskInfo
                0x080059d0      0x1cc Third-Party/SEGGER/SEGGER/SEGGER_SYSVIEW.o
                0x080059d0                SEGGER_SYSVIEW_SendTaskInfo
 .text.SEGGER_SYSVIEW_SendTaskList
                0x08005b9c       0x28 Third-Party/SEGGER/SEGGER/SEGGER_SYSVIEW.o
                0x08005b9c                SEGGER_SYSVIEW_SendTaskList
 .text.SEGGER_SYSVIEW_RecordSystime
                0x08005bc4       0x60 Third-Party/SEGGER/SEGGER/SEGGER_SYSVIEW.o
                0x08005bc4                SEGGER_SYSVIEW_RecordSystime
 .text.SEGGER_SYSVIEW_RecordEnterISR
                0x08005c24       0x84 Third-Party/SEGGER/SEGGER/SEGGER_SYSVIEW.o
                0x08005c24                SEGGER_SYSVIEW_RecordEnterISR
 .text.SEGGER_SYSVIEW_RecordExitISR
                0x08005ca8       0x38 Third-Party/SEGGER/SEGGER/SEGGER_SYSVIEW.o
                0x08005ca8                SEGGER_SYSVIEW_RecordExitISR
 .text.SEGGER_SYSVIEW_RecordExitISRToScheduler
                0x08005ce0       0x38 Third-Party/SEGGER/SEGGER/SEGGER_SYSVIEW.o
                0x08005ce0                SEGGER_SYSVIEW_RecordExitISRToScheduler
 .text.SEGGER_SYSVIEW_OnIdle
                0x08005d18       0x38 Third-Party/SEGGER/SEGGER/SEGGER_SYSVIEW.o
                0x08005d18                SEGGER_SYSVIEW_OnIdle
 .text.SEGGER_SYSVIEW_OnTaskCreate
                0x08005d50       0x88 Third-Party/SEGGER/SEGGER/SEGGER_SYSVIEW.o
                0x08005d50                SEGGER_SYSVIEW_OnTaskCreate
 .text.SEGGER_SYSVIEW_OnTaskStartExec
                0x08005dd8       0x88 Third-Party/SEGGER/SEGGER/SEGGER_SYSVIEW.o
                0x08005dd8                SEGGER_SYSVIEW_OnTaskStartExec
 .text.SEGGER_SYSVIEW_OnTaskStartReady
                0x08005e60       0x88 Third-Party/SEGGER/SEGGER/SEGGER_SYSVIEW.o
                0x08005e60                SEGGER_SYSVIEW_OnTaskStartReady
 .text.SEGGER_SYSVIEW_OnTaskStopReady
                0x08005ee8       0xc0 Third-Party/SEGGER/SEGGER/SEGGER_SYSVIEW.o
                0x08005ee8                SEGGER_SYSVIEW_OnTaskStopReady
 .text.SEGGER_SYSVIEW_ShrinkId
                0x08005fa8       0x24 Third-Party/SEGGER/SEGGER/SEGGER_SYSVIEW.o
                0x08005fa8                SEGGER_SYSVIEW_ShrinkId
 .text.SEGGER_SYSVIEW_SendModule
                0x08005fcc      0x100 Third-Party/SEGGER/SEGGER/SEGGER_SYSVIEW.o
                0x08005fcc                SEGGER_SYSVIEW_SendModule
 .text.SEGGER_SYSVIEW_SendModuleDescription
                0x080060cc       0x3c Third-Party/SEGGER/SEGGER/SEGGER_SYSVIEW.o
                0x080060cc                SEGGER_SYSVIEW_SendModuleDescription
 .text.SEGGER_SYSVIEW_SendNumModules
                0x08006108       0x7c Third-Party/SEGGER/SEGGER/SEGGER_SYSVIEW.o
                0x08006108                SEGGER_SYSVIEW_SendNumModules
 .text.SEGGER_SYSVIEW_Warn
                0x08006184       0xb8 Third-Party/SEGGER/SEGGER/SEGGER_SYSVIEW.o
                0x08006184                SEGGER_SYSVIEW_Warn
 .text.NVIC_EnableIRQ
                0x0800623c       0x34 src/main.o
 .text.NVIC_SetPriority
                0x08006270       0x54 src/main.o
 .text.main     0x080062c4      0x130 src/main.o
                0x080062c4                main
 .text.vTask1_menu_display
                0x080063f4       0x38 src/main.o
                0x080063f4                vTask1_menu_display
 .text.vTask2_cmd_handling
                0x0800642c       0x64 src/main.o
                0x0800642c                vTask2_cmd_handling
 .text.vTask3_cmd_processing
                0x08006490       0x9c src/main.o
                0x08006490                vTask3_cmd_processing
 .text.vTask4_uart_write
                0x0800652c       0x2c src/main.o
                0x0800652c                vTask4_uart_write
 .text.prvSetupHardware
                0x08006558       0x10 src/main.o
 .text.printmsg
                0x08006568       0x60 src/main.o
                0x08006568                printmsg
 .text.prvSetupUart
                0x080065c8       0xbc src/main.o
 .text.prvSetupGpio
                0x08006684       0xa4 src/main.o
                0x08006684                prvSetupGpio
 .text.USART2_IRQHandler
                0x08006728       0xa0 src/main.o
                0x08006728                USART2_IRQHandler
 .text.getCommandCode
                0x080067c8       0x1c src/main.o
                0x080067c8                getCommandCode
 .text.getArguments
                0x080067e4       0x14 src/main.o
                0x080067e4                getArguments
 .text.make_led_on
                0x080067f8       0x18 src/main.o
                0x080067f8                make_led_on
 .text.make_led_off
                0x08006810       0x18 src/main.o
                0x08006810                make_led_off
 .text.led_toggle
                0x08006828       0x1c src/main.o
                0x08006828                led_toggle
 .text.led_toggle_start
                0x08006844       0x70 src/main.o
                0x08006844                led_toggle_start
 .text.led_toggle_stop
                0x080068b4       0x24 src/main.o
                0x080068b4                led_toggle_stop
 .text.read_led_status
                0x080068d8       0x44 src/main.o
                0x080068d8                read_led_status
 .text.read_rtc_info
                0x0800691c       0x64 src/main.o
                0x0800691c                read_rtc_info
 .text.print_error_message
                0x08006980       0x48 src/main.o
                0x08006980                print_error_message
 .text.SystemInit
                0x080069c8       0x6c src/system_stm32f4xx.o
                0x080069c8                SystemInit
 .text.SystemCoreClockUpdate
                0x08006a34      0x19c src/system_stm32f4xx.o
                0x08006a34                SystemCoreClockUpdate
 .text.SetSysClock
                0x08006bd0      0x12c src/system_stm32f4xx.o
 .text.Reset_Handler
                0x08006cfc       0x50 startup/startup_stm32.o
                0x08006cfc                Reset_Handler
 .text.Default_Handler
                0x08006d4c        0x2 startup/startup_stm32.o
                0x08006d4c                RTC_Alarm_IRQHandler
                0x08006d4c                EXTI2_IRQHandler
                0x08006d4c                TIM8_CC_IRQHandler
                0x08006d4c                SPDIF_Rx_IRQHandler
                0x08006d4c                DebugMon_Handler
                0x08006d4c                SPI4_IRQHandler
                0x08006d4c                TIM1_CC_IRQHandler
                0x08006d4c                QuadSPI_IRQHandler
                0x08006d4c                DMA2_Stream5_IRQHandler
                0x08006d4c                HardFault_Handler
                0x08006d4c                DMA1_Stream5_IRQHandler
                0x08006d4c                PVD_IRQHandler
                0x08006d4c                SDIO_IRQHandler
                0x08006d4c                TAMP_STAMP_IRQHandler
                0x08006d4c                NMI_Handler
                0x08006d4c                CAN2_RX1_IRQHandler
                0x08006d4c                EXTI3_IRQHandler
                0x08006d4c                TIM8_TRG_COM_TIM14_IRQHandler
                0x08006d4c                TIM1_UP_TIM10_IRQHandler
                0x08006d4c                FMPI2C1_error_IRQHandler
                0x08006d4c                TIM8_UP_TIM13_IRQHandler
                0x08006d4c                I2C3_ER_IRQHandler
                0x08006d4c                EXTI0_IRQHandler
                0x08006d4c                I2C2_EV_IRQHandler
                0x08006d4c                DMA1_Stream2_IRQHandler
                0x08006d4c                CAN1_RX0_IRQHandler
                0x08006d4c                FPU_IRQHandler
                0x08006d4c                OTG_HS_WKUP_IRQHandler
                0x08006d4c                UsageFault_Handler
                0x08006d4c                CAN2_SCE_IRQHandler
                0x08006d4c                DMA2_Stream2_IRQHandler
                0x08006d4c                SPI1_IRQHandler
                0x08006d4c                TIM6_DAC_IRQHandler
                0x08006d4c                TIM1_BRK_TIM9_IRQHandler
                0x08006d4c                DCMI_IRQHandler
                0x08006d4c                CAN2_RX0_IRQHandler
                0x08006d4c                DMA2_Stream3_IRQHandler
                0x08006d4c                FMPI2C1_IRQHandler
                0x08006d4c                SAI2_IRQHandler
                0x08006d4c                USART6_IRQHandler
                0x08006d4c                USART3_IRQHandler
                0x08006d4c                CAN1_RX1_IRQHandler
                0x08006d4c                UART5_IRQHandler
                0x08006d4c                DMA2_Stream0_IRQHandler
                0x08006d4c                TIM4_IRQHandler
                0x08006d4c                I2C1_EV_IRQHandler
                0x08006d4c                HDMI_CEC_IRQHandler
                0x08006d4c                DMA1_Stream6_IRQHandler
                0x08006d4c                DMA1_Stream1_IRQHandler
                0x08006d4c                UART4_IRQHandler
                0x08006d4c                TIM3_IRQHandler
                0x08006d4c                RCC_IRQHandler
                0x08006d4c                TIM8_BRK_TIM12_IRQHandler
                0x08006d4c                Default_Handler
                0x08006d4c                EXTI15_10_IRQHandler
                0x08006d4c                ADC_IRQHandler
                0x08006d4c                DMA1_Stream7_IRQHandler
                0x08006d4c                TIM7_IRQHandler
                0x08006d4c                CAN2_TX_IRQHandler
                0x08006d4c                TIM5_IRQHandler
                0x08006d4c                DMA2_Stream7_IRQHandler
                0x08006d4c                I2C3_EV_IRQHandler
                0x08006d4c                EXTI9_5_IRQHandler
                0x08006d4c                RTC_WKUP_IRQHandler
                0x08006d4c                SPI2_IRQHandler
                0x08006d4c                OTG_HS_EP1_IN_IRQHandler
                0x08006d4c                MemManage_Handler
                0x08006d4c                DMA1_Stream0_IRQHandler
                0x08006d4c                CAN1_TX_IRQHandler
                0x08006d4c                EXTI4_IRQHandler
                0x08006d4c                OTG_HS_EP1_OUT_IRQHandler
                0x08006d4c                WWDG_IRQHandler
                0x08006d4c                TIM2_IRQHandler
                0x08006d4c                OTG_FS_WKUP_IRQHandler
                0x08006d4c                TIM1_TRG_COM_TIM11_IRQHandler
                0x08006d4c                OTG_HS_IRQHandler
                0x08006d4c                EXTI1_IRQHandler
                0x08006d4c                I2C2_ER_IRQHandler
                0x08006d4c                DMA2_Stream1_IRQHandler
                0x08006d4c                CAN1_SCE_IRQHandler
                0x08006d4c                FLASH_IRQHandler
                0x08006d4c                DMA2_Stream4_IRQHandler
                0x08006d4c                BusFault_Handler
                0x08006d4c                USART1_IRQHandler
                0x08006d4c                OTG_FS_IRQHandler
                0x08006d4c                SPI3_IRQHandler
                0x08006d4c                DMA1_Stream4_IRQHandler
                0x08006d4c                I2C1_ER_IRQHandler
                0x08006d4c                FMC_IRQHandler
                0x08006d4c                DMA2_Stream6_IRQHandler
                0x08006d4c                SAI1_IRQHandler
                0x08006d4c                DMA1_Stream3_IRQHandler
 *fill*         0x08006d4e        0x2 
 .text.__errno  0x08006d50        0xc c:/ac6/systemworkbench/plugins/fr.ac6.mcu.externaltools.arm-none.win32_1.17.0.201812190825/tools/compiler/bin/../lib/gcc/arm-none-eabi/7.3.1/../../../../arm-none-eabi/lib/thumb/v7e-m/fpv4-sp/hard\libc.a(lib_a-errno.o)
                0x08006d50                __errno
 .text._malloc_r
                0x08006d5c      0x548 c:/ac6/systemworkbench/plugins/fr.ac6.mcu.externaltools.arm-none.win32_1.17.0.201812190825/tools/compiler/bin/../lib/gcc/arm-none-eabi/7.3.1/../../../../arm-none-eabi/lib/thumb/v7e-m/fpv4-sp/hard\libc.a(lib_a-mallocr.o)
                0x08006d5c                _malloc_r
 .text.memcmp   0x080072a4       0x64 c:/ac6/systemworkbench/plugins/fr.ac6.mcu.externaltools.arm-none.win32_1.17.0.201812190825/tools/compiler/bin/../lib/gcc/arm-none-eabi/7.3.1/../../../../arm-none-eabi/lib/thumb/v7e-m/fpv4-sp/hard\libc.a(lib_a-memcmp.o)
                0x080072a4                memcmp
 .text.__malloc_lock
                0x08007308        0xc c:/ac6/systemworkbench/plugins/fr.ac6.mcu.externaltools.arm-none.win32_1.17.0.201812190825/tools/compiler/bin/../lib/gcc/arm-none-eabi/7.3.1/../../../../arm-none-eabi/lib/thumb/v7e-m/fpv4-sp/hard\libc.a(lib_a-mlock.o)
                0x08007308                __malloc_lock
 .text.__malloc_unlock
                0x08007314        0xc c:/ac6/systemworkbench/plugins/fr.ac6.mcu.externaltools.arm-none.win32_1.17.0.201812190825/tools/compiler/bin/../lib/gcc/arm-none-eabi/7.3.1/../../../../arm-none-eabi/lib/thumb/v7e-m/fpv4-sp/hard\libc.a(lib_a-mlock.o)
                0x08007314                __malloc_unlock
 .text._sbrk_r  0x08007320       0x24 c:/ac6/systemworkbench/plugins/fr.ac6.mcu.externaltools.arm-none.win32_1.17.0.201812190825/tools/compiler/bin/../lib/gcc/arm-none-eabi/7.3.1/../../../../arm-none-eabi/lib/thumb/v7e-m/fpv4-sp/hard\libc.a(lib_a-sbrkr.o)
                0x08007320                _sbrk_r
 .text.sprintf  0x08007344       0x44 c:/ac6/systemworkbench/plugins/fr.ac6.mcu.externaltools.arm-none.win32_1.17.0.201812190825/tools/compiler/bin/../lib/gcc/arm-none-eabi/7.3.1/../../../../arm-none-eabi/lib/thumb/v7e-m/fpv4-sp/hard\libc.a(lib_a-sprintf.o)
                0x08007344                sprintf
 .text._svfprintf_r
                0x08007388     0x19cc c:/ac6/systemworkbench/plugins/fr.ac6.mcu.externaltools.arm-none.win32_1.17.0.201812190825/tools/compiler/bin/../lib/gcc/arm-none-eabi/7.3.1/../../../../arm-none-eabi/lib/thumb/v7e-m/fpv4-sp/hard\libc.a(lib_a-svfprintf.o)
                0x08007388                _svfprintf_r
 .text.quorem   0x08008d54      0x124 c:/ac6/systemworkbench/plugins/fr.ac6.mcu.externaltools.arm-none.win32_1.17.0.201812190825/tools/compiler/bin/../lib/gcc/arm-none-eabi/7.3.1/../../../../arm-none-eabi/lib/thumb/v7e-m/fpv4-sp/hard\libc.a(lib_a-dtoa.o)
 .text._dtoa_r  0x08008e78      0xe20 c:/ac6/systemworkbench/plugins/fr.ac6.mcu.externaltools.arm-none.win32_1.17.0.201812190825/tools/compiler/bin/../lib/gcc/arm-none-eabi/7.3.1/../../../../arm-none-eabi/lib/thumb/v7e-m/fpv4-sp/hard\libc.a(lib_a-dtoa.o)
                0x08008e78                _dtoa_r
 .text._malloc_trim_r
                0x08009c98       0xa0 c:/ac6/systemworkbench/plugins/fr.ac6.mcu.externaltools.arm-none.win32_1.17.0.201812190825/tools/compiler/bin/../lib/gcc/arm-none-eabi/7.3.1/../../../../arm-none-eabi/lib/thumb/v7e-m/fpv4-sp/hard\libc.a(lib_a-freer.o)
                0x08009c98                _malloc_trim_r
 .text._free_r  0x08009d38      0x1e8 c:/ac6/systemworkbench/plugins/fr.ac6.mcu.externaltools.arm-none.win32_1.17.0.201812190825/tools/compiler/bin/../lib/gcc/arm-none-eabi/7.3.1/../../../../arm-none-eabi/lib/thumb/v7e-m/fpv4-sp/hard\libc.a(lib_a-freer.o)
                0x08009d38                _free_r
 .text._localeconv_r
                0x08009f20       0x1c c:/ac6/systemworkbench/plugins/fr.ac6.mcu.externaltools.arm-none.win32_1.17.0.201812190825/tools/compiler/bin/../lib/gcc/arm-none-eabi/7.3.1/../../../../arm-none-eabi/lib/thumb/v7e-m/fpv4-sp/hard\libc.a(lib_a-localeconv.o)
                0x08009f20                _localeconv_r
 .text._Balloc  0x08009f3c       0x4c c:/ac6/systemworkbench/plugins/fr.ac6.mcu.externaltools.arm-none.win32_1.17.0.201812190825/tools/compiler/bin/../lib/gcc/arm-none-eabi/7.3.1/../../../../arm-none-eabi/lib/thumb/v7e-m/fpv4-sp/hard\libc.a(lib_a-mprec.o)
                0x08009f3c                _Balloc
 .text._Bfree   0x08009f88       0x14 c:/ac6/systemworkbench/plugins/fr.ac6.mcu.externaltools.arm-none.win32_1.17.0.201812190825/tools/compiler/bin/../lib/gcc/arm-none-eabi/7.3.1/../../../../arm-none-eabi/lib/thumb/v7e-m/fpv4-sp/hard\libc.a(lib_a-mprec.o)
                0x08009f88                _Bfree
 .text.__multadd
                0x08009f9c       0x80 c:/ac6/systemworkbench/plugins/fr.ac6.mcu.externaltools.arm-none.win32_1.17.0.201812190825/tools/compiler/bin/../lib/gcc/arm-none-eabi/7.3.1/../../../../arm-none-eabi/lib/thumb/v7e-m/fpv4-sp/hard\libc.a(lib_a-mprec.o)
                0x08009f9c                __multadd
 .text.__hi0bits
                0x0800a01c       0x40 c:/ac6/systemworkbench/plugins/fr.ac6.mcu.externaltools.arm-none.win32_1.17.0.201812190825/tools/compiler/bin/../lib/gcc/arm-none-eabi/7.3.1/../../../../arm-none-eabi/lib/thumb/v7e-m/fpv4-sp/hard\libc.a(lib_a-mprec.o)
                0x0800a01c                __hi0bits
 .text.__lo0bits
                0x0800a05c       0x60 c:/ac6/systemworkbench/plugins/fr.ac6.mcu.externaltools.arm-none.win32_1.17.0.201812190825/tools/compiler/bin/../lib/gcc/arm-none-eabi/7.3.1/../../../../arm-none-eabi/lib/thumb/v7e-m/fpv4-sp/hard\libc.a(lib_a-mprec.o)
                0x0800a05c                __lo0bits
 .text.__i2b    0x0800a0bc       0x14 c:/ac6/systemworkbench/plugins/fr.ac6.mcu.externaltools.arm-none.win32_1.17.0.201812190825/tools/compiler/bin/../lib/gcc/arm-none-eabi/7.3.1/../../../../arm-none-eabi/lib/thumb/v7e-m/fpv4-sp/hard\libc.a(lib_a-mprec.o)
                0x0800a0bc                __i2b
 .text.__multiply
                0x0800a0d0      0x14c c:/ac6/systemworkbench/plugins/fr.ac6.mcu.externaltools.arm-none.win32_1.17.0.201812190825/tools/compiler/bin/../lib/gcc/arm-none-eabi/7.3.1/../../../../arm-none-eabi/lib/thumb/v7e-m/fpv4-sp/hard\libc.a(lib_a-mprec.o)
                0x0800a0d0                __multiply
 .text.__pow5mult
                0x0800a21c       0xa0 c:/ac6/systemworkbench/plugins/fr.ac6.mcu.externaltools.arm-none.win32_1.17.0.201812190825/tools/compiler/bin/../lib/gcc/arm-none-eabi/7.3.1/../../../../arm-none-eabi/lib/thumb/v7e-m/fpv4-sp/hard\libc.a(lib_a-mprec.o)
                0x0800a21c                __pow5mult
 .text.__lshift
                0x0800a2bc       0xac c:/ac6/systemworkbench/plugins/fr.ac6.mcu.externaltools.arm-none.win32_1.17.0.201812190825/tools/compiler/bin/../lib/gcc/arm-none-eabi/7.3.1/../../../../arm-none-eabi/lib/thumb/v7e-m/fpv4-sp/hard\libc.a(lib_a-mprec.o)
                0x0800a2bc                __lshift
 .text.__mcmp   0x0800a368       0x38 c:/ac6/systemworkbench/plugins/fr.ac6.mcu.externaltools.arm-none.win32_1.17.0.201812190825/tools/compiler/bin/../lib/gcc/arm-none-eabi/7.3.1/../../../../arm-none-eabi/lib/thumb/v7e-m/fpv4-sp/hard\libc.a(lib_a-mprec.o)
                0x0800a368                __mcmp
 .text.__mdiff  0x0800a3a0       0xec c:/ac6/systemworkbench/plugins/fr.ac6.mcu.externaltools.arm-none.win32_1.17.0.201812190825/tools/compiler/bin/../lib/gcc/arm-none-eabi/7.3.1/../../../../arm-none-eabi/lib/thumb/v7e-m/fpv4-sp/hard\libc.a(lib_a-mprec.o)
                0x0800a3a0                __mdiff
 .text.__d2b    0x0800a48c       0xc4 c:/ac6/systemworkbench/plugins/fr.ac6.mcu.externaltools.arm-none.win32_1.17.0.201812190825/tools/compiler/bin/../lib/gcc/arm-none-eabi/7.3.1/../../../../arm-none-eabi/lib/thumb/v7e-m/fpv4-sp/hard\libc.a(lib_a-mprec.o)
                0x0800a48c                __d2b
 .text.frexp    0x0800a550       0x68 c:/ac6/systemworkbench/plugins/fr.ac6.mcu.externaltools.arm-none.win32_1.17.0.201812190825/tools/compiler/bin/../lib/gcc/arm-none-eabi/7.3.1/../../../../arm-none-eabi/lib/thumb/v7e-m/fpv4-sp/hard\libc.a(lib_a-s_frexp.o)
                0x0800a550                frexp
 .text.strncpy  0x0800a5b8       0x64 c:/ac6/systemworkbench/plugins/fr.ac6.mcu.externaltools.arm-none.win32_1.17.0.201812190825/tools/compiler/bin/../lib/gcc/arm-none-eabi/7.3.1/../../../../arm-none-eabi/lib/thumb/v7e-m/fpv4-sp/hard\libc.a(lib_a-strncpy.o)
                0x0800a5b8                strncpy
 .text.__ssprint_r
                0x0800a61c       0xf4 c:/ac6/systemworkbench/plugins/fr.ac6.mcu.externaltools.arm-none.win32_1.17.0.201812190825/tools/compiler/bin/../lib/gcc/arm-none-eabi/7.3.1/../../../../arm-none-eabi/lib/thumb/v7e-m/fpv4-sp/hard\libc.a(lib_a-svfiprintf.o)
                0x0800a61c                __ssprint_r
 .text._calloc_r
                0x0800a710       0x68 c:/ac6/systemworkbench/plugins/fr.ac6.mcu.externaltools.arm-none.win32_1.17.0.201812190825/tools/compiler/bin/../lib/gcc/arm-none-eabi/7.3.1/../../../../arm-none-eabi/lib/thumb/v7e-m/fpv4-sp/hard\libc.a(lib_a-callocr.o)
                0x0800a710                _calloc_r
 .text.__ascii_mbtowc
                0x0800a778       0x2c c:/ac6/systemworkbench/plugins/fr.ac6.mcu.externaltools.arm-none.win32_1.17.0.201812190825/tools/compiler/bin/../lib/gcc/arm-none-eabi/7.3.1/../../../../arm-none-eabi/lib/thumb/v7e-m/fpv4-sp/hard\libc.a(lib_a-mbtowc_r.o)
                0x0800a778                __ascii_mbtowc
 .text.memmove  0x0800a7a4       0xc8 c:/ac6/systemworkbench/plugins/fr.ac6.mcu.externaltools.arm-none.win32_1.17.0.201812190825/tools/compiler/bin/../lib/gcc/arm-none-eabi/7.3.1/../../../../arm-none-eabi/lib/thumb/v7e-m/fpv4-sp/hard\libc.a(lib_a-memmove.o)
                0x0800a7a4                memmove
 .text._realloc_r
                0x0800a86c      0x35c c:/ac6/systemworkbench/plugins/fr.ac6.mcu.externaltools.arm-none.win32_1.17.0.201812190825/tools/compiler/bin/../lib/gcc/arm-none-eabi/7.3.1/../../../../arm-none-eabi/lib/thumb/v7e-m/fpv4-sp/hard\libc.a(lib_a-reallocr.o)
                0x0800a86c                _realloc_r
 .text.__ascii_wctomb
                0x0800abc8       0x1c c:/ac6/systemworkbench/plugins/fr.ac6.mcu.externaltools.arm-none.win32_1.17.0.201812190825/tools/compiler/bin/../lib/gcc/arm-none-eabi/7.3.1/../../../../arm-none-eabi/lib/thumb/v7e-m/fpv4-sp/hard\libc.a(lib_a-wctomb_r.o)
                0x0800abc8                __ascii_wctomb
 *(.glue_7)
 .glue_7        0x0800abe4        0x0 linker stubs
 *(.glue_7t)
 .glue_7t       0x0800abe4        0x0 linker stubs
 *(.eh_frame)
 .eh_frame      0x0800abe4        0x0 c:/ac6/systemworkbench/plugins/fr.ac6.mcu.externaltools.arm-none.win32_1.17.0.201812190825/tools/compiler/bin/../lib/gcc/arm-none-eabi/7.3.1/thumb/v7e-m/fpv4-sp/hard/crtbegin.o
 *(.init)
 .init          0x0800abe4        0x4 c:/ac6/systemworkbench/plugins/fr.ac6.mcu.externaltools.arm-none.win32_1.17.0.201812190825/tools/compiler/bin/../lib/gcc/arm-none-eabi/7.3.1/thumb/v7e-m/fpv4-sp/hard/crti.o
                0x0800abe4                _init
 .init          0x0800abe8        0x8 c:/ac6/systemworkbench/plugins/fr.ac6.mcu.externaltools.arm-none.win32_1.17.0.201812190825/tools/compiler/bin/../lib/gcc/arm-none-eabi/7.3.1/thumb/v7e-m/fpv4-sp/hard/crtn.o
 *(.fini)
 .fini          0x0800abf0        0x4 c:/ac6/systemworkbench/plugins/fr.ac6.mcu.externaltools.arm-none.win32_1.17.0.201812190825/tools/compiler/bin/../lib/gcc/arm-none-eabi/7.3.1/thumb/v7e-m/fpv4-sp/hard/crti.o
                0x0800abf0                _fini
 .fini          0x0800abf4        0x8 c:/ac6/systemworkbench/plugins/fr.ac6.mcu.externaltools.arm-none.win32_1.17.0.201812190825/tools/compiler/bin/../lib/gcc/arm-none-eabi/7.3.1/thumb/v7e-m/fpv4-sp/hard/crtn.o
                0x0800abfc                . = ALIGN (0x4)
                0x0800abfc                _etext = .

.vfp11_veneer   0x0800abfc        0x0
 .vfp11_veneer  0x0800abfc        0x0 linker stubs

.v4_bx          0x0800abfc        0x0
 .v4_bx         0x0800abfc        0x0 linker stubs

.iplt           0x0800abfc        0x0
 .iplt          0x0800abfc        0x0 c:/ac6/systemworkbench/plugins/fr.ac6.mcu.externaltools.arm-none.win32_1.17.0.201812190825/tools/compiler/bin/../lib/gcc/arm-none-eabi/7.3.1/thumb/v7e-m/fpv4-sp/hard/crtbegin.o

.rodata         0x0800ac00      0x440
                0x0800ac00                . = ALIGN (0x4)
 *(.rodata)
 .rodata        0x0800ac00        0x5 Third-Party/FreeRTOS/org/Source/tasks.o
 *fill*         0x0800ac05        0x3 
 .rodata        0x0800ac08        0xd Third-Party/FreeRTOS/org/Source/timers.o
 *fill*         0x0800ac15        0x3 
 .rodata        0x0800ac18       0x60 Third-Party/SEGGER/OS/SEGGER_SYSVIEW_FreeRTOS.o
                0x0800ac70                SYSVIEW_X_OS_TraceAPI
 .rodata        0x0800ac78       0x17 Third-Party/SEGGER/SEGGER/SEGGER_RTT.o
 *fill*         0x0800ac8f        0x1 
 .rodata        0x0800ac90       0x24 Third-Party/SEGGER/SEGGER/SEGGER_SYSVIEW.o
 .rodata        0x0800acb4      0x101 src/main.o
 *(.rodata*)
 *fill*         0x0800adb5        0x3 
 .rodata._global_impure_ptr
                0x0800adb8        0x4 c:/ac6/systemworkbench/plugins/fr.ac6.mcu.externaltools.arm-none.win32_1.17.0.201812190825/tools/compiler/bin/../lib/gcc/arm-none-eabi/7.3.1/../../../../arm-none-eabi/lib/thumb/v7e-m/fpv4-sp/hard\libc.a(lib_a-impure.o)
                0x0800adb8                _global_impure_ptr
 .rodata._svfprintf_r.str1.4
                0x0800adbc       0x42 c:/ac6/systemworkbench/plugins/fr.ac6.mcu.externaltools.arm-none.win32_1.17.0.201812190825/tools/compiler/bin/../lib/gcc/arm-none-eabi/7.3.1/../../../../arm-none-eabi/lib/thumb/v7e-m/fpv4-sp/hard\libc.a(lib_a-svfprintf.o)
 *fill*         0x0800adfe        0x2 
 .rodata.blanks.8590
                0x0800ae00       0x10 c:/ac6/systemworkbench/plugins/fr.ac6.mcu.externaltools.arm-none.win32_1.17.0.201812190825/tools/compiler/bin/../lib/gcc/arm-none-eabi/7.3.1/../../../../arm-none-eabi/lib/thumb/v7e-m/fpv4-sp/hard\libc.a(lib_a-svfprintf.o)
 .rodata.zeroes.8591
                0x0800ae10       0x10 c:/ac6/systemworkbench/plugins/fr.ac6.mcu.externaltools.arm-none.win32_1.17.0.201812190825/tools/compiler/bin/../lib/gcc/arm-none-eabi/7.3.1/../../../../arm-none-eabi/lib/thumb/v7e-m/fpv4-sp/hard\libc.a(lib_a-svfprintf.o)
 .rodata._dtoa_r.str1.4
                0x0800ae20       0x10 c:/ac6/systemworkbench/plugins/fr.ac6.mcu.externaltools.arm-none.win32_1.17.0.201812190825/tools/compiler/bin/../lib/gcc/arm-none-eabi/7.3.1/../../../../arm-none-eabi/lib/thumb/v7e-m/fpv4-sp/hard\libc.a(lib_a-dtoa.o)
                                 0x12 (size before relaxing)
 .rodata.__mprec_bigtens
                0x0800ae30       0x28 c:/ac6/systemworkbench/plugins/fr.ac6.mcu.externaltools.arm-none.win32_1.17.0.201812190825/tools/compiler/bin/../lib/gcc/arm-none-eabi/7.3.1/../../../../arm-none-eabi/lib/thumb/v7e-m/fpv4-sp/hard\libc.a(lib_a-mprec.o)
                0x0800ae30                __mprec_bigtens
 .rodata.__mprec_tens
                0x0800ae58       0xc8 c:/ac6/systemworkbench/plugins/fr.ac6.mcu.externaltools.arm-none.win32_1.17.0.201812190825/tools/compiler/bin/../lib/gcc/arm-none-eabi/7.3.1/../../../../arm-none-eabi/lib/thumb/v7e-m/fpv4-sp/hard\libc.a(lib_a-mprec.o)
                0x0800ae58                __mprec_tens
 .rodata.p05.7367
                0x0800af20        0xc c:/ac6/systemworkbench/plugins/fr.ac6.mcu.externaltools.arm-none.win32_1.17.0.201812190825/tools/compiler/bin/../lib/gcc/arm-none-eabi/7.3.1/../../../../arm-none-eabi/lib/thumb/v7e-m/fpv4-sp/hard\libc.a(lib_a-mprec.o)
 .rodata._setlocale_r.str1.4
                0x0800af2c        0xa c:/ac6/systemworkbench/plugins/fr.ac6.mcu.externaltools.arm-none.win32_1.17.0.201812190825/tools/compiler/bin/../lib/gcc/arm-none-eabi/7.3.1/../../../../arm-none-eabi/lib/thumb/v7e-m/fpv4-sp/hard\libc.a(lib_a-locale.o)
                                  0xd (size before relaxing)
 *fill*         0x0800af36        0x2 
 .rodata.str1.4
                0x0800af38        0x4 c:/ac6/systemworkbench/plugins/fr.ac6.mcu.externaltools.arm-none.win32_1.17.0.201812190825/tools/compiler/bin/../lib/gcc/arm-none-eabi/7.3.1/../../../../arm-none-eabi/lib/thumb/v7e-m/fpv4-sp/hard\libc.a(lib_a-locale.o)
                                  0x2 (size before relaxing)
 .rodata._ctype_
                0x0800af3c      0x101 c:/ac6/systemworkbench/plugins/fr.ac6.mcu.externaltools.arm-none.win32_1.17.0.201812190825/tools/compiler/bin/../lib/gcc/arm-none-eabi/7.3.1/../../../../arm-none-eabi/lib/thumb/v7e-m/fpv4-sp/hard\libc.a(lib_a-ctype_.o)
                0x0800af3c                _ctype_
                0x0800b040                . = ALIGN (0x4)
 *fill*         0x0800b03d        0x3 

.ARM.extab      0x0800b040        0x0
                0x0800b040                . = ALIGN (0x4)
 *(.ARM.extab* .gnu.linkonce.armextab.*)
                0x0800b040                . = ALIGN (0x4)

.ARM            0x0800b040        0x8
                0x0800b040                . = ALIGN (0x4)
                0x0800b040                __exidx_start = .
 *(.ARM.exidx*)
 .ARM.exidx     0x0800b040        0x8 c:/ac6/systemworkbench/plugins/fr.ac6.mcu.externaltools.arm-none.win32_1.17.0.201812190825/tools/compiler/bin/../lib/gcc/arm-none-eabi/7.3.1/thumb/v7e-m/fpv4-sp/hard\libgcc.a(_udivmoddi4.o)
                0x0800b048                __exidx_end = .
                0x0800b048                . = ALIGN (0x4)

.rel.dyn        0x0800b048        0x0
 .rel.iplt      0x0800b048        0x0 c:/ac6/systemworkbench/plugins/fr.ac6.mcu.externaltools.arm-none.win32_1.17.0.201812190825/tools/compiler/bin/../lib/gcc/arm-none-eabi/7.3.1/thumb/v7e-m/fpv4-sp/hard/crtbegin.o

.preinit_array  0x0800b048        0x0
                0x0800b048                . = ALIGN (0x4)
                0x0800b048                PROVIDE (__preinit_array_start = .)
 *(.preinit_array*)
                0x0800b048                PROVIDE (__preinit_array_end = .)
                0x0800b048                . = ALIGN (0x4)

.init_array     0x0800b048        0x8
                0x0800b048                . = ALIGN (0x4)
                0x0800b048                PROVIDE (__init_array_start = .)
 *(SORT_BY_NAME(.init_array.*))
 .init_array.00000
                0x0800b048        0x4 c:/ac6/systemworkbench/plugins/fr.ac6.mcu.externaltools.arm-none.win32_1.17.0.201812190825/tools/compiler/bin/../lib/gcc/arm-none-eabi/7.3.1/../../../../arm-none-eabi/lib/thumb/v7e-m/fpv4-sp/hard\libc.a(lib_a-__call_atexit.o)
 *(.init_array*)
 .init_array    0x0800b04c        0x4 c:/ac6/systemworkbench/plugins/fr.ac6.mcu.externaltools.arm-none.win32_1.17.0.201812190825/tools/compiler/bin/../lib/gcc/arm-none-eabi/7.3.1/thumb/v7e-m/fpv4-sp/hard/crtbegin.o
                0x0800b050                PROVIDE (__init_array_end = .)
                0x0800b050                . = ALIGN (0x4)

.fini_array     0x0800b050        0x4
                0x0800b050                . = ALIGN (0x4)
                0x0800b050                PROVIDE (__fini_array_start = .)
 *(SORT_BY_NAME(.fini_array.*))
 *(.fini_array*)
 .fini_array    0x0800b050        0x4 c:/ac6/systemworkbench/plugins/fr.ac6.mcu.externaltools.arm-none.win32_1.17.0.201812190825/tools/compiler/bin/../lib/gcc/arm-none-eabi/7.3.1/thumb/v7e-m/fpv4-sp/hard/crtbegin.o
                0x0800b054                PROVIDE (__fini_array_end = .)
                0x0800b054                . = ALIGN (0x4)
                0x0800b054                _sidata = LOADADDR (.data)

.data           0x20000000      0xac4 load address 0x0800b054
                0x20000000                . = ALIGN (0x4)
                0x20000000                _sdata = .
 *(.data)
 .data          0x20000000       0x10 StdPeriph_Driver/src/stm32f4xx_rcc.o
 .data          0x20000010        0x4 Third-Party/FreeRTOS/org/Source/portable/GCC/ARM_CM4F/port.o
 .data          0x20000014       0xe6 src/main.o
                0x20000014                menu
 *fill*         0x200000fa        0x2 
 .data          0x200000fc       0x14 src/system_stm32f4xx.o
                0x200000fc                SystemCoreClock
                0x20000100                AHBPrescTable
 *(.data*)
 .data._impure_ptr
                0x20000110        0x4 c:/ac6/systemworkbench/plugins/fr.ac6.mcu.externaltools.arm-none.win32_1.17.0.201812190825/tools/compiler/bin/../lib/gcc/arm-none-eabi/7.3.1/../../../../arm-none-eabi/lib/thumb/v7e-m/fpv4-sp/hard\libc.a(lib_a-impure.o)
                0x20000110                _impure_ptr
 *fill*         0x20000114        0x4 
 .data.impure_data
                0x20000118      0x428 c:/ac6/systemworkbench/plugins/fr.ac6.mcu.externaltools.arm-none.win32_1.17.0.201812190825/tools/compiler/bin/../lib/gcc/arm-none-eabi/7.3.1/../../../../arm-none-eabi/lib/thumb/v7e-m/fpv4-sp/hard\libc.a(lib_a-impure.o)
 .data.__atexit_recursive_mutex
                0x20000540        0x4 c:/ac6/systemworkbench/plugins/fr.ac6.mcu.externaltools.arm-none.win32_1.17.0.201812190825/tools/compiler/bin/../lib/gcc/arm-none-eabi/7.3.1/../../../../arm-none-eabi/lib/thumb/v7e-m/fpv4-sp/hard\libc.a(lib_a-__call_atexit.o)
                0x20000540                __atexit_recursive_mutex
 .data.__heap_limit
                0x20000544        0x4 c:/ac6/systemworkbench/plugins/fr.ac6.mcu.externaltools.arm-none.win32_1.17.0.201812190825/tools/compiler/bin/../lib/gcc/arm-none-eabi/7.3.1/../../../../arm-none-eabi/lib/thumb/v7e-m/fpv4-sp/hard\librdimon.a(rdimon-syscalls.o)
                0x20000544                __heap_limit
 .data.__malloc_av_
                0x20000548      0x408 c:/ac6/systemworkbench/plugins/fr.ac6.mcu.externaltools.arm-none.win32_1.17.0.201812190825/tools/compiler/bin/../lib/gcc/arm-none-eabi/7.3.1/../../../../arm-none-eabi/lib/thumb/v7e-m/fpv4-sp/hard\libc.a(lib_a-mallocr.o)
                0x20000548                __malloc_av_
 .data.__malloc_sbrk_base
                0x20000950        0x4 c:/ac6/systemworkbench/plugins/fr.ac6.mcu.externaltools.arm-none.win32_1.17.0.201812190825/tools/compiler/bin/../lib/gcc/arm-none-eabi/7.3.1/../../../../arm-none-eabi/lib/thumb/v7e-m/fpv4-sp/hard\libc.a(lib_a-mallocr.o)
                0x20000950                __malloc_sbrk_base
 .data.__malloc_trim_threshold
                0x20000954        0x4 c:/ac6/systemworkbench/plugins/fr.ac6.mcu.externaltools.arm-none.win32_1.17.0.201812190825/tools/compiler/bin/../lib/gcc/arm-none-eabi/7.3.1/../../../../arm-none-eabi/lib/thumb/v7e-m/fpv4-sp/hard\libc.a(lib_a-mallocr.o)
                0x20000954                __malloc_trim_threshold
 .data.__global_locale
                0x20000958      0x16c c:/ac6/systemworkbench/plugins/fr.ac6.mcu.externaltools.arm-none.win32_1.17.0.201812190825/tools/compiler/bin/../lib/gcc/arm-none-eabi/7.3.1/../../../../arm-none-eabi/lib/thumb/v7e-m/fpv4-sp/hard\libc.a(lib_a-locale.o)
                0x20000958                __global_locale
                0x20000ac4                . = ALIGN (0x4)
                0x20000ac4                _edata = .

.igot.plt       0x20000ac4        0x0 load address 0x0800bb18
 .igot.plt      0x20000ac4        0x0 c:/ac6/systemworkbench/plugins/fr.ac6.mcu.externaltools.arm-none.win32_1.17.0.201812190825/tools/compiler/bin/../lib/gcc/arm-none-eabi/7.3.1/thumb/v7e-m/fpv4-sp/hard/crtbegin.o
                0x20000ac4                . = ALIGN (0x4)

.bss            0x20000ac4    0x155c8 load address 0x0800bb18
                0x20000ac4                _sbss = .
                0x20000ac4                __bss_start__ = _sbss
 *(.bss)
 .bss           0x20000ac4       0x1c c:/ac6/systemworkbench/plugins/fr.ac6.mcu.externaltools.arm-none.win32_1.17.0.201812190825/tools/compiler/bin/../lib/gcc/arm-none-eabi/7.3.1/thumb/v7e-m/fpv4-sp/hard/crtbegin.o
 .bss           0x20000ae0      0x104 Third-Party/FreeRTOS/org/Source/tasks.o
                0x20000ae0                pxCurrentTCB
 .bss           0x20000be4       0x3c Third-Party/FreeRTOS/org/Source/timers.o
 .bss           0x20000c20        0x8 Third-Party/FreeRTOS/org/Source/portable/GCC/ARM_CM4F/port.o
 .bss           0x20000c28    0x12c18 Third-Party/FreeRTOS/org/Source/portable/MemMang/heap_4.o
 .bss           0x20013840       0xa4 Third-Party/SEGGER/OS/SEGGER_SYSVIEW_FreeRTOS.o
 .bss           0x200138e4      0x411 Third-Party/SEGGER/SEGGER/SEGGER_RTT.o
 *fill*         0x20013cf5        0x3 
 .bss           0x20013cf8     0x211b Third-Party/SEGGER/SEGGER/SEGGER_SYSVIEW.o
 *fill*         0x20015e13        0x1 
 .bss           0x20015e14      0x119 src/main.o
                0x20015e14                usr_msg
                0x20015f10                xTaskHandle1
                0x20015f14                xTaskHandle2
                0x20015f18                xTaskHandle3
                0x20015f1c                xTaskHandle4
                0x20015f20                command_queue
                0x20015f24                uart_write_queue
                0x20015f28                led_timer_handle
                0x20015f2c                command_len
 *(.bss*)
 *fill*         0x20015f2d        0x3 
 .bss.heap_end.7535
                0x20015f30        0x4 c:/ac6/systemworkbench/plugins/fr.ac6.mcu.externaltools.arm-none.win32_1.17.0.201812190825/tools/compiler/bin/../lib/gcc/arm-none-eabi/7.3.1/../../../../arm-none-eabi/lib/thumb/v7e-m/fpv4-sp/hard\librdimon.a(rdimon-syscalls.o)
 .bss.__malloc_current_mallinfo
                0x20015f34       0x28 c:/ac6/systemworkbench/plugins/fr.ac6.mcu.externaltools.arm-none.win32_1.17.0.201812190825/tools/compiler/bin/../lib/gcc/arm-none-eabi/7.3.1/../../../../arm-none-eabi/lib/thumb/v7e-m/fpv4-sp/hard\libc.a(lib_a-mallocr.o)
                0x20015f34                __malloc_current_mallinfo
 .bss.__malloc_max_sbrked_mem
                0x20015f5c        0x4 c:/ac6/systemworkbench/plugins/fr.ac6.mcu.externaltools.arm-none.win32_1.17.0.201812190825/tools/compiler/bin/../lib/gcc/arm-none-eabi/7.3.1/../../../../arm-none-eabi/lib/thumb/v7e-m/fpv4-sp/hard\libc.a(lib_a-mallocr.o)
                0x20015f5c                __malloc_max_sbrked_mem
 .bss.__malloc_max_total_mem
                0x20015f60        0x4 c:/ac6/systemworkbench/plugins/fr.ac6.mcu.externaltools.arm-none.win32_1.17.0.201812190825/tools/compiler/bin/../lib/gcc/arm-none-eabi/7.3.1/../../../../arm-none-eabi/lib/thumb/v7e-m/fpv4-sp/hard\libc.a(lib_a-mallocr.o)
                0x20015f60                __malloc_max_total_mem
 .bss.__malloc_top_pad
                0x20015f64        0x4 c:/ac6/systemworkbench/plugins/fr.ac6.mcu.externaltools.arm-none.win32_1.17.0.201812190825/tools/compiler/bin/../lib/gcc/arm-none-eabi/7.3.1/../../../../arm-none-eabi/lib/thumb/v7e-m/fpv4-sp/hard\libc.a(lib_a-mallocr.o)
                0x20015f64                __malloc_top_pad
 *(COMMON)
 COMMON         0x20015f68       0x21 c:/ac6/systemworkbench/plugins/fr.ac6.mcu.externaltools.arm-none.win32_1.17.0.201812190825/tools/compiler/bin/../lib/gcc/arm-none-eabi/7.3.1/../../../../arm-none-eabi/lib/thumb/v7e-m/fpv4-sp/hard\libc.a(lib_a-lock.o)
                0x20015f68                __lock___atexit_recursive_mutex
                0x20015f6c                __lock___arc4random_mutex
                0x20015f70                __lock___env_recursive_mutex
                0x20015f74                __lock___sinit_recursive_mutex
                0x20015f78                __lock___malloc_recursive_mutex
                0x20015f7c                __lock___at_quick_exit_mutex
                0x20015f80                __lock___dd_hash_mutex
                0x20015f84                __lock___tz_mutex
                0x20015f88                __lock___sfp_recursive_mutex
 *fill*         0x20015f89        0x3 
 COMMON         0x20015f8c       0x40 Third-Party/FreeRTOS/org/Source/queue.o
                0x20015f8c                xQueueRegistry
 COMMON         0x20015fcc       0xa8 Third-Party/SEGGER/SEGGER/SEGGER_RTT.o
                0x20015fcc                _SEGGER_RTT
 COMMON         0x20016074       0x14 src/main.o
                0x20016074                command_buffer
 COMMON         0x20016088        0x4 c:/ac6/systemworkbench/plugins/fr.ac6.mcu.externaltools.arm-none.win32_1.17.0.201812190825/tools/compiler/bin/../lib/gcc/arm-none-eabi/7.3.1/../../../../arm-none-eabi/lib/thumb/v7e-m/fpv4-sp/hard\libc.a(lib_a-reent.o)
                0x20016088                errno
                0x2001608c                . = ALIGN (0x4)
                0x2001608c                _ebss = .
                0x2001608c                __bss_end__ = _ebss

._user_heap_stack
                0x2001608c      0x404 load address 0x0800bb18
                0x20016090                . = ALIGN (0x8)
 *fill*         0x2001608c        0x4 
                0x20016090                PROVIDE (end = .)
                [!provide]                PROVIDE (_end = .)
                0x20016090                . = (. + _Min_Heap_Size)
                0x20016490                . = (. + _Min_Stack_Size)
 *fill*         0x20016090      0x400 
                0x20016490                . = ALIGN (0x8)

/DISCARD/
 libc.a(*)
 libm.a(*)
 libgcc.a(*)

.ARM.attributes
                0x00000000       0x30
 *(.ARM.attributes)
 .ARM.attributes
                0x00000000       0x22 c:/ac6/systemworkbench/plugins/fr.ac6.mcu.externaltools.arm-none.win32_1.17.0.201812190825/tools/compiler/bin/../lib/gcc/arm-none-eabi/7.3.1/thumb/v7e-m/fpv4-sp/hard/crti.o
 .ARM.attributes
                0x00000022       0x34 c:/ac6/systemworkbench/plugins/fr.ac6.mcu.externaltools.arm-none.win32_1.17.0.201812190825/tools/compiler/bin/../lib/gcc/arm-none-eabi/7.3.1/thumb/v7e-m/fpv4-sp/hard/crtbegin.o
 .ARM.attributes
                0x00000056       0x34 c:/ac6/systemworkbench/plugins/fr.ac6.mcu.externaltools.arm-none.win32_1.17.0.201812190825/tools/compiler/bin/../lib/gcc/arm-none-eabi/7.3.1/../../../../arm-none-eabi/lib/thumb/v7e-m/fpv4-sp/hard\libc.a(lib_a-impure.o)
 .ARM.attributes
                0x0000008a       0x34 c:/ac6/systemworkbench/plugins/fr.ac6.mcu.externaltools.arm-none.win32_1.17.0.201812190825/tools/compiler/bin/../lib/gcc/arm-none-eabi/7.3.1/../../../../arm-none-eabi/lib/thumb/v7e-m/fpv4-sp/hard\libc.a(lib_a-init.o)
 .ARM.attributes
                0x000000be       0x34 c:/ac6/systemworkbench/plugins/fr.ac6.mcu.externaltools.arm-none.win32_1.17.0.201812190825/tools/compiler/bin/../lib/gcc/arm-none-eabi/7.3.1/../../../../arm-none-eabi/lib/thumb/v7e-m/fpv4-sp/hard\libc.a(lib_a-memset.o)
 .ARM.attributes
                0x000000f2       0x34 c:/ac6/systemworkbench/plugins/fr.ac6.mcu.externaltools.arm-none.win32_1.17.0.201812190825/tools/compiler/bin/../lib/gcc/arm-none-eabi/7.3.1/../../../../arm-none-eabi/lib/thumb/v7e-m/fpv4-sp/hard\libc.a(lib_a-__call_atexit.o)
 .ARM.attributes
                0x00000126       0x34 c:/ac6/systemworkbench/plugins/fr.ac6.mcu.externaltools.arm-none.win32_1.17.0.201812190825/tools/compiler/bin/../lib/gcc/arm-none-eabi/7.3.1/../../../../arm-none-eabi/lib/thumb/v7e-m/fpv4-sp/hard\libc.a(lib_a-atexit.o)
 .ARM.attributes
                0x0000015a       0x34 c:/ac6/systemworkbench/plugins/fr.ac6.mcu.externaltools.arm-none.win32_1.17.0.201812190825/tools/compiler/bin/../lib/gcc/arm-none-eabi/7.3.1/../../../../arm-none-eabi/lib/thumb/v7e-m/fpv4-sp/hard\libc.a(lib_a-fini.o)
 .ARM.attributes
                0x0000018e       0x34 c:/ac6/systemworkbench/plugins/fr.ac6.mcu.externaltools.arm-none.win32_1.17.0.201812190825/tools/compiler/bin/../lib/gcc/arm-none-eabi/7.3.1/../../../../arm-none-eabi/lib/thumb/v7e-m/fpv4-sp/hard\libc.a(lib_a-lock.o)
 .ARM.attributes
                0x000001c2       0x34 c:/ac6/systemworkbench/plugins/fr.ac6.mcu.externaltools.arm-none.win32_1.17.0.201812190825/tools/compiler/bin/../lib/gcc/arm-none-eabi/7.3.1/../../../../arm-none-eabi/lib/thumb/v7e-m/fpv4-sp/hard\libc.a(lib_a-__atexit.o)
 .ARM.attributes
                0x000001f6       0x34 c:/ac6/systemworkbench/plugins/fr.ac6.mcu.externaltools.arm-none.win32_1.17.0.201812190825/tools/compiler/bin/../lib/gcc/arm-none-eabi/7.3.1/../../../../arm-none-eabi/lib/thumb/v7e-m/fpv4-sp/hard\librdimon.a(rdimon-syscalls.o)
 .ARM.attributes
                0x0000022a       0x39 StdPeriph_Driver/src/stm32f4xx_exti.o
 .ARM.attributes
                0x00000263       0x39 StdPeriph_Driver/src/stm32f4xx_gpio.o
 .ARM.attributes
                0x0000029c       0x39 StdPeriph_Driver/src/stm32f4xx_rcc.o
 .ARM.attributes
                0x000002d5       0x39 StdPeriph_Driver/src/stm32f4xx_rtc.o
 .ARM.attributes
                0x0000030e       0x39 StdPeriph_Driver/src/stm32f4xx_syscfg.o
 .ARM.attributes
                0x00000347       0x39 StdPeriph_Driver/src/stm32f4xx_usart.o
 .ARM.attributes
                0x00000380       0x39 Third-Party/FreeRTOS/org/Source/list.o
 .ARM.attributes
                0x000003b9       0x39 Third-Party/FreeRTOS/org/Source/queue.o
 .ARM.attributes
                0x000003f2       0x39 Third-Party/FreeRTOS/org/Source/tasks.o
 .ARM.attributes
                0x0000042b       0x39 Third-Party/FreeRTOS/org/Source/timers.o
 .ARM.attributes
                0x00000464       0x39 Third-Party/FreeRTOS/org/Source/portable/GCC/ARM_CM4F/port.o
 .ARM.attributes
                0x0000049d       0x39 Third-Party/FreeRTOS/org/Source/portable/MemMang/heap_4.o
 .ARM.attributes
                0x000004d6       0x39 Third-Party/SEGGER/OS/SEGGER_SYSVIEW_FreeRTOS.o
 .ARM.attributes
                0x0000050f       0x39 Third-Party/SEGGER/SEGGER/SEGGER_RTT.o
 .ARM.attributes
                0x00000548       0x39 Third-Party/SEGGER/SEGGER/SEGGER_SYSVIEW.o
 .ARM.attributes
                0x00000581       0x39 src/main.o
 .ARM.attributes
                0x000005ba       0x39 src/system_stm32f4xx.o
 .ARM.attributes
                0x000005f3       0x21 startup/startup_stm32.o
 .ARM.attributes
                0x00000614       0x34 c:/ac6/systemworkbench/plugins/fr.ac6.mcu.externaltools.arm-none.win32_1.17.0.201812190825/tools/compiler/bin/../lib/gcc/arm-none-eabi/7.3.1/../../../../arm-none-eabi/lib/thumb/v7e-m/fpv4-sp/hard\libc.a(lib_a-errno.o)
 .ARM.attributes
                0x00000648       0x34 c:/ac6/systemworkbench/plugins/fr.ac6.mcu.externaltools.arm-none.win32_1.17.0.201812190825/tools/compiler/bin/../lib/gcc/arm-none-eabi/7.3.1/../../../../arm-none-eabi/lib/thumb/v7e-m/fpv4-sp/hard\libc.a(lib_a-mallocr.o)
 .ARM.attributes
                0x0000067c       0x34 c:/ac6/systemworkbench/plugins/fr.ac6.mcu.externaltools.arm-none.win32_1.17.0.201812190825/tools/compiler/bin/../lib/gcc/arm-none-eabi/7.3.1/../../../../arm-none-eabi/lib/thumb/v7e-m/fpv4-sp/hard\libc.a(lib_a-memcmp.o)
 .ARM.attributes
                0x000006b0       0x20 c:/ac6/systemworkbench/plugins/fr.ac6.mcu.externaltools.arm-none.win32_1.17.0.201812190825/tools/compiler/bin/../lib/gcc/arm-none-eabi/7.3.1/../../../../arm-none-eabi/lib/thumb/v7e-m/fpv4-sp/hard\libc.a(lib_a-memcpy.o)
 .ARM.attributes
                0x000006d0       0x34 c:/ac6/systemworkbench/plugins/fr.ac6.mcu.externaltools.arm-none.win32_1.17.0.201812190825/tools/compiler/bin/../lib/gcc/arm-none-eabi/7.3.1/../../../../arm-none-eabi/lib/thumb/v7e-m/fpv4-sp/hard\libc.a(lib_a-mlock.o)
 .ARM.attributes
                0x00000704       0x34 c:/ac6/systemworkbench/plugins/fr.ac6.mcu.externaltools.arm-none.win32_1.17.0.201812190825/tools/compiler/bin/../lib/gcc/arm-none-eabi/7.3.1/../../../../arm-none-eabi/lib/thumb/v7e-m/fpv4-sp/hard\libc.a(lib_a-sbrkr.o)
 .ARM.attributes
                0x00000738       0x34 c:/ac6/systemworkbench/plugins/fr.ac6.mcu.externaltools.arm-none.win32_1.17.0.201812190825/tools/compiler/bin/../lib/gcc/arm-none-eabi/7.3.1/../../../../arm-none-eabi/lib/thumb/v7e-m/fpv4-sp/hard\libc.a(lib_a-sprintf.o)
 .ARM.attributes
                0x0000076c       0x20 c:/ac6/systemworkbench/plugins/fr.ac6.mcu.externaltools.arm-none.win32_1.17.0.201812190825/tools/compiler/bin/../lib/gcc/arm-none-eabi/7.3.1/../../../../arm-none-eabi/lib/thumb/v7e-m/fpv4-sp/hard\libc.a(lib_a-strlen.o)
 .ARM.attributes
                0x0000078c       0x34 c:/ac6/systemworkbench/plugins/fr.ac6.mcu.externaltools.arm-none.win32_1.17.0.201812190825/tools/compiler/bin/../lib/gcc/arm-none-eabi/7.3.1/../../../../arm-none-eabi/lib/thumb/v7e-m/fpv4-sp/hard\libc.a(lib_a-svfprintf.o)
 .ARM.attributes
                0x000007c0       0x34 c:/ac6/systemworkbench/plugins/fr.ac6.mcu.externaltools.arm-none.win32_1.17.0.201812190825/tools/compiler/bin/../lib/gcc/arm-none-eabi/7.3.1/../../../../arm-none-eabi/lib/thumb/v7e-m/fpv4-sp/hard\libc.a(lib_a-dtoa.o)
 .ARM.attributes
                0x000007f4       0x34 c:/ac6/systemworkbench/plugins/fr.ac6.mcu.externaltools.arm-none.win32_1.17.0.201812190825/tools/compiler/bin/../lib/gcc/arm-none-eabi/7.3.1/../../../../arm-none-eabi/lib/thumb/v7e-m/fpv4-sp/hard\libc.a(lib_a-freer.o)
 .ARM.attributes
                0x00000828       0x34 c:/ac6/systemworkbench/plugins/fr.ac6.mcu.externaltools.arm-none.win32_1.17.0.201812190825/tools/compiler/bin/../lib/gcc/arm-none-eabi/7.3.1/../../../../arm-none-eabi/lib/thumb/v7e-m/fpv4-sp/hard\libc.a(lib_a-localeconv.o)
 .ARM.attributes
                0x0000085c       0x20 c:/ac6/systemworkbench/plugins/fr.ac6.mcu.externaltools.arm-none.win32_1.17.0.201812190825/tools/compiler/bin/../lib/gcc/arm-none-eabi/7.3.1/../../../../arm-none-eabi/lib/thumb/v7e-m/fpv4-sp/hard\libc.a(lib_a-memchr.o)
 .ARM.attributes
                0x0000087c       0x34 c:/ac6/systemworkbench/plugins/fr.ac6.mcu.externaltools.arm-none.win32_1.17.0.201812190825/tools/compiler/bin/../lib/gcc/arm-none-eabi/7.3.1/../../../../arm-none-eabi/lib/thumb/v7e-m/fpv4-sp/hard\libc.a(lib_a-mprec.o)
 .ARM.attributes
                0x000008b0       0x34 c:/ac6/systemworkbench/plugins/fr.ac6.mcu.externaltools.arm-none.win32_1.17.0.201812190825/tools/compiler/bin/../lib/gcc/arm-none-eabi/7.3.1/../../../../arm-none-eabi/lib/thumb/v7e-m/fpv4-sp/hard\libc.a(lib_a-reent.o)
 .ARM.attributes
                0x000008e4       0x34 c:/ac6/systemworkbench/plugins/fr.ac6.mcu.externaltools.arm-none.win32_1.17.0.201812190825/tools/compiler/bin/../lib/gcc/arm-none-eabi/7.3.1/../../../../arm-none-eabi/lib/thumb/v7e-m/fpv4-sp/hard\libc.a(lib_a-s_frexp.o)
 .ARM.attributes
                0x00000918       0x34 c:/ac6/systemworkbench/plugins/fr.ac6.mcu.externaltools.arm-none.win32_1.17.0.201812190825/tools/compiler/bin/../lib/gcc/arm-none-eabi/7.3.1/../../../../arm-none-eabi/lib/thumb/v7e-m/fpv4-sp/hard\libc.a(lib_a-strncpy.o)
 .ARM.attributes
                0x0000094c       0x34 c:/ac6/systemworkbench/plugins/fr.ac6.mcu.externaltools.arm-none.win32_1.17.0.201812190825/tools/compiler/bin/../lib/gcc/arm-none-eabi/7.3.1/../../../../arm-none-eabi/lib/thumb/v7e-m/fpv4-sp/hard\libc.a(lib_a-svfiprintf.o)
 .ARM.attributes
                0x00000980       0x34 c:/ac6/systemworkbench/plugins/fr.ac6.mcu.externaltools.arm-none.win32_1.17.0.201812190825/tools/compiler/bin/../lib/gcc/arm-none-eabi/7.3.1/../../../../arm-none-eabi/lib/thumb/v7e-m/fpv4-sp/hard\libc.a(lib_a-callocr.o)
 .ARM.attributes
                0x000009b4       0x34 c:/ac6/systemworkbench/plugins/fr.ac6.mcu.externaltools.arm-none.win32_1.17.0.201812190825/tools/compiler/bin/../lib/gcc/arm-none-eabi/7.3.1/../../../../arm-none-eabi/lib/thumb/v7e-m/fpv4-sp/hard\libc.a(lib_a-locale.o)
 .ARM.attributes
                0x000009e8       0x34 c:/ac6/systemworkbench/plugins/fr.ac6.mcu.externaltools.arm-none.win32_1.17.0.201812190825/tools/compiler/bin/../lib/gcc/arm-none-eabi/7.3.1/../../../../arm-none-eabi/lib/thumb/v7e-m/fpv4-sp/hard\libc.a(lib_a-mbtowc_r.o)
 .ARM.attributes
                0x00000a1c       0x34 c:/ac6/systemworkbench/plugins/fr.ac6.mcu.externaltools.arm-none.win32_1.17.0.201812190825/tools/compiler/bin/../lib/gcc/arm-none-eabi/7.3.1/../../../../arm-none-eabi/lib/thumb/v7e-m/fpv4-sp/hard\libc.a(lib_a-memmove.o)
 .ARM.attributes
                0x00000a50       0x34 c:/ac6/systemworkbench/plugins/fr.ac6.mcu.externaltools.arm-none.win32_1.17.0.201812190825/tools/compiler/bin/../lib/gcc/arm-none-eabi/7.3.1/../../../../arm-none-eabi/lib/thumb/v7e-m/fpv4-sp/hard\libc.a(lib_a-reallocr.o)
 .ARM.attributes
                0x00000a84       0x34 c:/ac6/systemworkbench/plugins/fr.ac6.mcu.externaltools.arm-none.win32_1.17.0.201812190825/tools/compiler/bin/../lib/gcc/arm-none-eabi/7.3.1/../../../../arm-none-eabi/lib/thumb/v7e-m/fpv4-sp/hard\libc.a(lib_a-wctomb_r.o)
 .ARM.attributes
                0x00000ab8       0x34 c:/ac6/systemworkbench/plugins/fr.ac6.mcu.externaltools.arm-none.win32_1.17.0.201812190825/tools/compiler/bin/../lib/gcc/arm-none-eabi/7.3.1/../../../../arm-none-eabi/lib/thumb/v7e-m/fpv4-sp/hard\libc.a(lib_a-ctype_.o)
 .ARM.attributes
                0x00000aec       0x22 c:/ac6/systemworkbench/plugins/fr.ac6.mcu.externaltools.arm-none.win32_1.17.0.201812190825/tools/compiler/bin/../lib/gcc/arm-none-eabi/7.3.1/thumb/v7e-m/fpv4-sp/hard\libgcc.a(_arm_addsubdf3.o)
 .ARM.attributes
                0x00000b0e       0x22 c:/ac6/systemworkbench/plugins/fr.ac6.mcu.externaltools.arm-none.win32_1.17.0.201812190825/tools/compiler/bin/../lib/gcc/arm-none-eabi/7.3.1/thumb/v7e-m/fpv4-sp/hard\libgcc.a(_arm_muldivdf3.o)
 .ARM.attributes
                0x00000b30       0x22 c:/ac6/systemworkbench/plugins/fr.ac6.mcu.externaltools.arm-none.win32_1.17.0.201812190825/tools/compiler/bin/../lib/gcc/arm-none-eabi/7.3.1/thumb/v7e-m/fpv4-sp/hard\libgcc.a(_arm_cmpdf2.o)
 .ARM.attributes
                0x00000b52       0x22 c:/ac6/systemworkbench/plugins/fr.ac6.mcu.externaltools.arm-none.win32_1.17.0.201812190825/tools/compiler/bin/../lib/gcc/arm-none-eabi/7.3.1/thumb/v7e-m/fpv4-sp/hard\libgcc.a(_arm_unorddf2.o)
 .ARM.attributes
                0x00000b74       0x22 c:/ac6/systemworkbench/plugins/fr.ac6.mcu.externaltools.arm-none.win32_1.17.0.201812190825/tools/compiler/bin/../lib/gcc/arm-none-eabi/7.3.1/thumb/v7e-m/fpv4-sp/hard\libgcc.a(_arm_fixdfsi.o)
 .ARM.attributes
                0x00000b96       0x22 c:/ac6/systemworkbench/plugins/fr.ac6.mcu.externaltools.arm-none.win32_1.17.0.201812190825/tools/compiler/bin/../lib/gcc/arm-none-eabi/7.3.1/thumb/v7e-m/fpv4-sp/hard\libgcc.a(_aeabi_uldivmod.o)
 .ARM.attributes
                0x00000bb8       0x34 c:/ac6/systemworkbench/plugins/fr.ac6.mcu.externaltools.arm-none.win32_1.17.0.201812190825/tools/compiler/bin/../lib/gcc/arm-none-eabi/7.3.1/thumb/v7e-m/fpv4-sp/hard\libgcc.a(_udivmoddi4.o)
 .ARM.attributes
                0x00000bec       0x22 c:/ac6/systemworkbench/plugins/fr.ac6.mcu.externaltools.arm-none.win32_1.17.0.201812190825/tools/compiler/bin/../lib/gcc/arm-none-eabi/7.3.1/thumb/v7e-m/fpv4-sp/hard\libgcc.a(_dvmd_tls.o)
 .ARM.attributes
                0x00000c0e       0x22 c:/ac6/systemworkbench/plugins/fr.ac6.mcu.externaltools.arm-none.win32_1.17.0.201812190825/tools/compiler/bin/../lib/gcc/arm-none-eabi/7.3.1/thumb/v7e-m/fpv4-sp/hard/crtn.o
OUTPUT(STM32_FreeRTOS_CMD_processing.elf elf32-littlearm)

.debug_frame    0x00000000     0x5538
 .debug_frame   0x00000000       0x2c c:/ac6/systemworkbench/plugins/fr.ac6.mcu.externaltools.arm-none.win32_1.17.0.201812190825/tools/compiler/bin/../lib/gcc/arm-none-eabi/7.3.1/../../../../arm-none-eabi/lib/thumb/v7e-m/fpv4-sp/hard\libc.a(lib_a-init.o)
 .debug_frame   0x0000002c       0x38 c:/ac6/systemworkbench/plugins/fr.ac6.mcu.externaltools.arm-none.win32_1.17.0.201812190825/tools/compiler/bin/../lib/gcc/arm-none-eabi/7.3.1/../../../../arm-none-eabi/lib/thumb/v7e-m/fpv4-sp/hard\libc.a(lib_a-memset.o)
 .debug_frame   0x00000064       0x5c c:/ac6/systemworkbench/plugins/fr.ac6.mcu.externaltools.arm-none.win32_1.17.0.201812190825/tools/compiler/bin/../lib/gcc/arm-none-eabi/7.3.1/../../../../arm-none-eabi/lib/thumb/v7e-m/fpv4-sp/hard\libc.a(lib_a-__call_atexit.o)
 .debug_frame   0x000000c0       0x20 c:/ac6/systemworkbench/plugins/fr.ac6.mcu.externaltools.arm-none.win32_1.17.0.201812190825/tools/compiler/bin/../lib/gcc/arm-none-eabi/7.3.1/../../../../arm-none-eabi/lib/thumb/v7e-m/fpv4-sp/hard\libc.a(lib_a-atexit.o)
 .debug_frame   0x000000e0       0x34 c:/ac6/systemworkbench/plugins/fr.ac6.mcu.externaltools.arm-none.win32_1.17.0.201812190825/tools/compiler/bin/../lib/gcc/arm-none-eabi/7.3.1/../../../../arm-none-eabi/lib/thumb/v7e-m/fpv4-sp/hard\libc.a(lib_a-fini.o)
 .debug_frame   0x00000114       0xb0 c:/ac6/systemworkbench/plugins/fr.ac6.mcu.externaltools.arm-none.win32_1.17.0.201812190825/tools/compiler/bin/../lib/gcc/arm-none-eabi/7.3.1/../../../../arm-none-eabi/lib/thumb/v7e-m/fpv4-sp/hard\libc.a(lib_a-lock.o)
 .debug_frame   0x000001c4       0x34 c:/ac6/systemworkbench/plugins/fr.ac6.mcu.externaltools.arm-none.win32_1.17.0.201812190825/tools/compiler/bin/../lib/gcc/arm-none-eabi/7.3.1/../../../../arm-none-eabi/lib/thumb/v7e-m/fpv4-sp/hard\libc.a(lib_a-__atexit.o)
 .debug_frame   0x000001f8      0x418 c:/ac6/systemworkbench/plugins/fr.ac6.mcu.externaltools.arm-none.win32_1.17.0.201812190825/tools/compiler/bin/../lib/gcc/arm-none-eabi/7.3.1/../../../../arm-none-eabi/lib/thumb/v7e-m/fpv4-sp/hard\librdimon.a(rdimon-syscalls.o)
 .debug_frame   0x00000610      0x148 StdPeriph_Driver/src/stm32f4xx_exti.o
 .debug_frame   0x00000758      0x23c StdPeriph_Driver/src/stm32f4xx_gpio.o
 .debug_frame   0x00000994      0x904 StdPeriph_Driver/src/stm32f4xx_rcc.o
 .debug_frame   0x00001298      0x8b0 StdPeriph_Driver/src/stm32f4xx_rtc.o
 .debug_frame   0x00001b48      0x11c StdPeriph_Driver/src/stm32f4xx_syscfg.o
 .debug_frame   0x00001c64      0x490 StdPeriph_Driver/src/stm32f4xx_usart.o
 .debug_frame   0x000020f4       0xd8 Third-Party/FreeRTOS/org/Source/list.o
 .debug_frame   0x000021cc      0x540 Third-Party/FreeRTOS/org/Source/queue.o
 .debug_frame   0x0000270c      0x8bc Third-Party/FreeRTOS/org/Source/tasks.o
 .debug_frame   0x00002fc8      0x368 Third-Party/FreeRTOS/org/Source/timers.o
 .debug_frame   0x00003330      0x1a8 Third-Party/FreeRTOS/org/Source/portable/GCC/ARM_CM4F/port.o
 .debug_frame   0x000034d8      0x108 Third-Party/FreeRTOS/org/Source/portable/MemMang/heap_4.o
 .debug_frame   0x000035e0      0x100 Third-Party/SEGGER/OS/SEGGER_SYSVIEW_FreeRTOS.o
 .debug_frame   0x000036e0      0x478 Third-Party/SEGGER/SEGGER/SEGGER_RTT.o
 .debug_frame   0x00003b58      0xb5c Third-Party/SEGGER/SEGGER/SEGGER_SYSVIEW.o
 .debug_frame   0x000046b4      0x348 src/main.o
 .debug_frame   0x000049fc       0x7c src/system_stm32f4xx.o
 .debug_frame   0x00004a78       0x20 c:/ac6/systemworkbench/plugins/fr.ac6.mcu.externaltools.arm-none.win32_1.17.0.201812190825/tools/compiler/bin/../lib/gcc/arm-none-eabi/7.3.1/../../../../arm-none-eabi/lib/thumb/v7e-m/fpv4-sp/hard\libc.a(lib_a-errno.o)
 .debug_frame   0x00004a98       0x54 c:/ac6/systemworkbench/plugins/fr.ac6.mcu.externaltools.arm-none.win32_1.17.0.201812190825/tools/compiler/bin/../lib/gcc/arm-none-eabi/7.3.1/../../../../arm-none-eabi/lib/thumb/v7e-m/fpv4-sp/hard\libc.a(lib_a-mallocr.o)
 .debug_frame   0x00004aec       0x38 c:/ac6/systemworkbench/plugins/fr.ac6.mcu.externaltools.arm-none.win32_1.17.0.201812190825/tools/compiler/bin/../lib/gcc/arm-none-eabi/7.3.1/../../../../arm-none-eabi/lib/thumb/v7e-m/fpv4-sp/hard\libc.a(lib_a-memcmp.o)
 .debug_frame   0x00004b24       0x30 c:/ac6/systemworkbench/plugins/fr.ac6.mcu.externaltools.arm-none.win32_1.17.0.201812190825/tools/compiler/bin/../lib/gcc/arm-none-eabi/7.3.1/../../../../arm-none-eabi/lib/thumb/v7e-m/fpv4-sp/hard\libc.a(lib_a-mlock.o)
 .debug_frame   0x00004b54       0x2c c:/ac6/systemworkbench/plugins/fr.ac6.mcu.externaltools.arm-none.win32_1.17.0.201812190825/tools/compiler/bin/../lib/gcc/arm-none-eabi/7.3.1/../../../../arm-none-eabi/lib/thumb/v7e-m/fpv4-sp/hard\libc.a(lib_a-sbrkr.o)
 .debug_frame   0x00004b80       0x80 c:/ac6/systemworkbench/plugins/fr.ac6.mcu.externaltools.arm-none.win32_1.17.0.201812190825/tools/compiler/bin/../lib/gcc/arm-none-eabi/7.3.1/../../../../arm-none-eabi/lib/thumb/v7e-m/fpv4-sp/hard\libc.a(lib_a-sprintf.o)
 .debug_frame   0x00004c00       0x40 c:/ac6/systemworkbench/plugins/fr.ac6.mcu.externaltools.arm-none.win32_1.17.0.201812190825/tools/compiler/bin/../lib/gcc/arm-none-eabi/7.3.1/../../../../arm-none-eabi/lib/thumb/v7e-m/fpv4-sp/hard\libc.a(lib_a-svfprintf.o)
 .debug_frame   0x00004c40       0x88 c:/ac6/systemworkbench/plugins/fr.ac6.mcu.externaltools.arm-none.win32_1.17.0.201812190825/tools/compiler/bin/../lib/gcc/arm-none-eabi/7.3.1/../../../../arm-none-eabi/lib/thumb/v7e-m/fpv4-sp/hard\libc.a(lib_a-dtoa.o)
 .debug_frame   0x00004cc8       0x80 c:/ac6/systemworkbench/plugins/fr.ac6.mcu.externaltools.arm-none.win32_1.17.0.201812190825/tools/compiler/bin/../lib/gcc/arm-none-eabi/7.3.1/../../../../arm-none-eabi/lib/thumb/v7e-m/fpv4-sp/hard\libc.a(lib_a-freer.o)
 .debug_frame   0x00004d48       0x40 c:/ac6/systemworkbench/plugins/fr.ac6.mcu.externaltools.arm-none.win32_1.17.0.201812190825/tools/compiler/bin/../lib/gcc/arm-none-eabi/7.3.1/../../../../arm-none-eabi/lib/thumb/v7e-m/fpv4-sp/hard\libc.a(lib_a-localeconv.o)
 .debug_frame   0x00004d88      0x25c c:/ac6/systemworkbench/plugins/fr.ac6.mcu.externaltools.arm-none.win32_1.17.0.201812190825/tools/compiler/bin/../lib/gcc/arm-none-eabi/7.3.1/../../../../arm-none-eabi/lib/thumb/v7e-m/fpv4-sp/hard\libc.a(lib_a-mprec.o)
 .debug_frame   0x00004fe4       0x68 c:/ac6/systemworkbench/plugins/fr.ac6.mcu.externaltools.arm-none.win32_1.17.0.201812190825/tools/compiler/bin/../lib/gcc/arm-none-eabi/7.3.1/../../../../arm-none-eabi/lib/thumb/v7e-m/fpv4-sp/hard\libc.a(lib_a-reent.o)
 .debug_frame   0x0000504c       0x2c c:/ac6/systemworkbench/plugins/fr.ac6.mcu.externaltools.arm-none.win32_1.17.0.201812190825/tools/compiler/bin/../lib/gcc/arm-none-eabi/7.3.1/../../../../arm-none-eabi/lib/thumb/v7e-m/fpv4-sp/hard\libc.a(lib_a-s_frexp.o)
 .debug_frame   0x00005078       0x34 c:/ac6/systemworkbench/plugins/fr.ac6.mcu.externaltools.arm-none.win32_1.17.0.201812190825/tools/compiler/bin/../lib/gcc/arm-none-eabi/7.3.1/../../../../arm-none-eabi/lib/thumb/v7e-m/fpv4-sp/hard\libc.a(lib_a-strncpy.o)
 .debug_frame   0x000050ac       0x74 c:/ac6/systemworkbench/plugins/fr.ac6.mcu.externaltools.arm-none.win32_1.17.0.201812190825/tools/compiler/bin/../lib/gcc/arm-none-eabi/7.3.1/../../../../arm-none-eabi/lib/thumb/v7e-m/fpv4-sp/hard\libc.a(lib_a-svfiprintf.o)
 .debug_frame   0x00005120       0x28 c:/ac6/systemworkbench/plugins/fr.ac6.mcu.externaltools.arm-none.win32_1.17.0.201812190825/tools/compiler/bin/../lib/gcc/arm-none-eabi/7.3.1/../../../../arm-none-eabi/lib/thumb/v7e-m/fpv4-sp/hard\libc.a(lib_a-callocr.o)
 .debug_frame   0x00005148       0x6c c:/ac6/systemworkbench/plugins/fr.ac6.mcu.externaltools.arm-none.win32_1.17.0.201812190825/tools/compiler/bin/../lib/gcc/arm-none-eabi/7.3.1/../../../../arm-none-eabi/lib/thumb/v7e-m/fpv4-sp/hard\libc.a(lib_a-locale.o)
 .debug_frame   0x000051b4       0x4c c:/ac6/systemworkbench/plugins/fr.ac6.mcu.externaltools.arm-none.win32_1.17.0.201812190825/tools/compiler/bin/../lib/gcc/arm-none-eabi/7.3.1/../../../../arm-none-eabi/lib/thumb/v7e-m/fpv4-sp/hard\libc.a(lib_a-mbtowc_r.o)