Archive member included to satisfy reference by file (symbol)

c:/ac6/systemworkbench/plugins/fr.ac6.mcu.externaltools.arm-none.win32_1.17.0.201812190825/tools/compiler/bin/../lib/gcc/arm-none-eabi/7.3.1/../../../../arm-none-eabi/lib/thumb/v7e-m/fpv4-sp/hard\libc.a(lib_a-exit.o)
                              c:/ac6/systemworkbench/plugins/fr.ac6.mcu.externaltools.arm-none.win32_1.17.0.201812190825/tools/compiler/bin/../lib/gcc/arm-none-eabi/7.3.1/../../../../arm-none-eabi/lib/thumb/v7e-m/fpv4-sp/hard/rdimon-crt0.o (exit)
c:/ac6/systemworkbench/plugins/fr.ac6.mcu.externaltools.arm-none.win32_1.17.0.201812190825/tools/compiler/bin/../lib/gcc/arm-none-eabi/7.3.1/../../../../arm-none-eabi/lib/thumb/v7e-m/fpv4-sp/hard\libc.a(lib_a-impure.o)
                              c:/ac6/systemworkbench/plugins/fr.ac6.mcu.externaltools.arm-none.win32_1.17.0.201812190825/tools/compiler/bin/../lib/gcc/arm-none-eabi/7.3.1/../../../../arm-none-eabi/lib/thumb/v7e-m/fpv4-sp/hard\libc.a(lib_a-exit.o) (_global_impure_ptr)
c:/ac6/systemworkbench/plugins/fr.ac6.mcu.externaltools.arm-none.win32_1.17.0.201812190825/tools/compiler/bin/../lib/gcc/arm-none-eabi/7.3.1/../../../../arm-none-eabi/lib/thumb/v7e-m/fpv4-sp/hard\libc.a(lib_a-init.o)
                              c:/ac6/systemworkbench/plugins/fr.ac6.mcu.externaltools.arm-none.win32_1.17.0.201812190825/tools/compiler/bin/../lib/gcc/arm-none-eabi/7.3.1/../../../../arm-none-eabi/lib/thumb/v7e-m/fpv4-sp/hard/rdimon-crt0.o (__libc_init_array)
c:/ac6/systemworkbench/plugins/fr.ac6.mcu.externaltools.arm-none.win32_1.17.0.201812190825/tools/compiler/bin/../lib/gcc/arm-none-eabi/7.3.1/../../../../arm-none-eabi/lib/thumb/v7e-m/fpv4-sp/hard\libc.a(lib_a-memset.o)
                              c:/ac6/systemworkbench/plugins/fr.ac6.mcu.externaltools.arm-none.win32_1.17.0.201812190825/tools/compiler/bin/../lib/gcc/arm-none-eabi/7.3.1/../../../../arm-none-eabi/lib/thumb/v7e-m/fpv4-sp/hard/rdimon-crt0.o (memset)
c:/ac6/systemworkbench/plugins/fr.ac6.mcu.externaltools.arm-none.win32_1.17.0.201812190825/tools/compiler/bin/../lib/gcc/arm-none-eabi/7.3.1/../../../../arm-none-eabi/lib/thumb/v7e-m/fpv4-sp/hard\libc.a(lib_a-__call_atexit.o)
                              c:/ac6/systemworkbench/plugins/fr.ac6.mcu.externaltools.arm-none.win32_1.17.0.201812190825/tools/compiler/bin/../lib/gcc/arm-none-eabi/7.3.1/../../../../arm-none-eabi/lib/thumb/v7e-m/fpv4-sp/hard\libc.a(lib_a-exit.o) (__call_exitprocs)
c:/ac6/systemworkbench/plugins/fr.ac6.mcu.externaltools.arm-none.win32_1.17.0.201812190825/tools/compiler/bin/../lib/gcc/arm-none-eabi/7.3.1/../../../../arm-none-eabi/lib/thumb/v7e-m/fpv4-sp/hard\libc.a(lib_a-atexit.o)
                              c:/ac6/systemworkbench/plugins/fr.ac6.mcu.externaltools.arm-none.win32_1.17.0.201812190825/tools/compiler/bin/../lib/gcc/arm-none-eabi/7.3.1/../../../../arm-none-eabi/lib/thumb/v7e-m/fpv4-sp/hard\libc.a(lib_a-__call_atexit.o) (atexit)
c:/ac6/systemworkbench/plugins/fr.ac6.mcu.externaltools.arm-none.win32_1.17.0.201812190825/tools/compiler/bin/../lib/gcc/arm-none-eabi/7.3.1/../../../../arm-none-eabi/lib/thumb/v7e-m/fpv4-sp/hard\libc.a(lib_a-fini.o)
                              c:/ac6/systemworkbench/plugins/fr.ac6.mcu.externaltools.arm-none.win32_1.17.0.201812190825/tools/compiler/bin/../lib/gcc/arm-none-eabi/7.3.1/../../../../arm-none-eabi/lib/thumb/v7e-m/fpv4-sp/hard\libc.a(lib_a-__call_atexit.o) (__libc_fini_array)
c:/ac6/systemworkbench/plugins/fr.ac6.mcu.externaltools.arm-none.win32_1.17.0.201812190825/tools/compiler/bin/../lib/gcc/arm-none-eabi/7.3.1/../../../../arm-none-eabi/lib/thumb/v7e-m/fpv4-sp/hard\libc.a(lib_a-lock.o)
                              c:/ac6/systemworkbench/plugins/fr.ac6.mcu.externaltools.arm-none.win32_1.17.0.201812190825/tools/compiler/bin/../lib/gcc/arm-none-eabi/7.3.1/../../../../arm-none-eabi/lib/thumb/v7e-m/fpv4-sp/hard\libc.a(lib_a-__call_atexit.o) (__retarget_lock_acquire_recursive)
c:/ac6/systemworkbench/plugins/fr.ac6.mcu.externaltools.arm-none.win32_1.17.0.201812190825/tools/compiler/bin/../lib/gcc/arm-none-eabi/7.3.1/../../../../arm-none-eabi/lib/thumb/v7e-m/fpv4-sp/hard\libc.a(lib_a-__atexit.o)
                              c:/ac6/systemworkbench/plugins/fr.ac6.mcu.externaltools.arm-none.win32_1.17.0.201812190825/tools/compiler/bin/../lib/gcc/arm-none-eabi/7.3.1/../../../../arm-none-eabi/lib/thumb/v7e-m/fpv4-sp/hard\libc.a(lib_a-atexit.o) (__register_exitproc)
c:/ac6/systemworkbench/plugins/fr.ac6.mcu.externaltools.arm-none.win32_1.17.0.201812190825/tools/compiler/bin/../lib/gcc/arm-none-eabi/7.3.1/../../../../arm-none-eabi/lib/thumb/v7e-m/fpv4-sp/hard\librdimon.a(rdimon-syscalls.o)
                              c:/ac6/systemworkbench/plugins/fr.ac6.mcu.externaltools.arm-none.win32_1.17.0.201812190825/tools/compiler/bin/../lib/gcc/arm-none-eabi/7.3.1/../../../../arm-none-eabi/lib/thumb/v7e-m/fpv4-sp/hard/rdimon-crt0.o (initialise_monitor_handles)
[...]
Memory Configuration

Name             Origin             Length             Attributes
RAM              0x20000000         0x00020000         xrw
ROM              0x08000000         0x00080000         xr
*default*        0x00000000         0xffffffff

Linker script and memory map

LOAD c:/ac6/systemworkbench/plugins/fr.ac6.mcu.externaltools.arm-none.win32_1.17.0.201812190825/tools/compiler/bin/../lib/gcc/arm-none-eabi/7.3.1/thumb/v7e-m/fpv4-sp/hard/crti.o
LOAD c:/ac6/systemworkbench/plugins/fr.ac6.mcu.externaltools.arm-none.win32_1.17.0.201812190825/tools/compiler/bin/../lib/gcc/arm-none-eabi/7.3.1/thumb/v7e-m/fpv4-sp/hard/crtbegin.o
LOAD c:/ac6/systemworkbench/plugins/fr.ac6.mcu.externaltools.arm-none.win32_1.17.0.201812190825/tools/compiler/bin/../lib/gcc/arm-none-eabi/7.3.1/../../../../arm-none-eabi/lib/thumb/v7e-m/fpv4-sp/hard/rdimon-crt0.o
LOAD c:/ac6/systemworkbench/plugins/fr.ac6.mcu.externaltools.arm-none.win32_1.17.0.201812190825/tools/compiler/bin/../lib/gcc/arm-none-eabi/7.3.1/../../../../arm-none-eabi/lib/thumb/v7e-m/fpv4-sp/hard\libc.a
LOAD c:/ac6/systemworkbench/plugins/fr.ac6.mcu.externaltools.arm-none.win32_1.17.0.201812190825/tools/compiler/bin/../lib/gcc/arm-none-eabi/7.3.1/../../../../arm-none-eabi/lib/thumb/v7e-m/fpv4-sp/hard\librdimon.a
LOAD StdPeriph_Driver/src/misc.o
LOAD StdPeriph_Driver/src/stm32f4xx_adc.o
LOAD StdPeriph_Driver/src/stm32f4xx_can.o
LOAD StdPeriph_Driver/src/stm32f4xx_cec.o
LOAD StdPeriph_Driver/src/stm32f4xx_crc.o
LOAD StdPeriph_Driver/src/stm32f4xx_cryp.o
LOAD StdPeriph_Driver/src/stm32f4xx_cryp_aes.o
LOAD StdPeriph_Driver/src/stm32f4xx_cryp_des.o
LOAD StdPeriph_Driver/src/stm32f4xx_cryp_tdes.o
LOAD StdPeriph_Driver/src/stm32f4xx_dac.o
LOAD StdPeriph_Driver/src/stm32f4xx_dbgmcu.o
LOAD StdPeriph_Driver/src/stm32f4xx_dcmi.o
LOAD StdPeriph_Driver/src/stm32f4xx_dfsdm.o
LOAD StdPeriph_Driver/src/stm32f4xx_dma.o
LOAD StdPeriph_Driver/src/stm32f4xx_dma2d.o
LOAD StdPeriph_Driver/src/stm32f4xx_dsi.o
LOAD StdPeriph_Driver/src/stm32f4xx_exti.o
LOAD StdPeriph_Driver/src/stm32f4xx_flash.o
LOAD StdPeriph_Driver/src/stm32f4xx_flash_ramfunc.o
LOAD StdPeriph_Driver/src/stm32f4xx_fmc.o
LOAD StdPeriph_Driver/src/stm32f4xx_fmip2c.o
LOAD StdPeriph_Driver/src/stm32f4xx_fsmc.o
LOAD StdPeriph_Driver/src/stm32f4xx_gpio.o
LOAD StdPeriph_Driver/src/stm32f4xx_hash.o
LOAD StdPeriph_Driver/src/stm32f4xx_hash_md5.o
LOAD StdPeriph_Driver/src/stm32f4xx_hash_sha1.o
LOAD StdPeriph_Driver/src/stm32f4xx_i2c.o
LOAD StdPeriph_Driver/src/stm32f4xx_iwdg.o
LOAD StdPeriph_Driver/src/stm32f4xx_lptim.o
LOAD StdPeriph_Driver/src/stm32f4xx_ltdc.o
LOAD StdPeriph_Driver/src/stm32f4xx_pwr.o
LOAD StdPeriph_Driver/src/stm32f4xx_qspi.o
LOAD StdPeriph_Driver/src/stm32f4xx_rcc.o
LOAD StdPeriph_Driver/src/stm32f4xx_rng.o
LOAD StdPeriph_Driver/src/stm32f4xx_rtc.o
LOAD StdPeriph_Driver/src/stm32f4xx_sai.o
LOAD StdPeriph_Driver/src/stm32f4xx_sdio.o
LOAD StdPeriph_Driver/src/stm32f4xx_spdifrx.o
LOAD StdPeriph_Driver/src/stm32f4xx_spi.o
LOAD StdPeriph_Driver/src/stm32f4xx_syscfg.o
LOAD StdPeriph_Driver/src/stm32f4xx_tim.o
LOAD StdPeriph_Driver/src/stm32f4xx_usart.o
LOAD StdPeriph_Driver/src/stm32f4xx_wwdg.o
LOAD Third-Party/FreeRTOS/org/Source/croutine.o
LOAD Third-Party/FreeRTOS/org/Source/event_groups.o
LOAD Third-Party/FreeRTOS/org/Source/list.o
LOAD Third-Party/FreeRTOS/org/Source/queue.o
LOAD Third-Party/FreeRTOS/org/Source/stream_buffer.o
LOAD Third-Party/FreeRTOS/org/Source/tasks.o
LOAD Third-Party/FreeRTOS/org/Source/timers.o
LOAD Third-Party/FreeRTOS/org/Source/portable/GCC/ARM_CM4F/port.o
LOAD Third-Party/FreeRTOS/org/Source/portable/MemMang/heap_4.o
LOAD Third-Party/SEGGER/Config/SEGGER_SYSVIEW_Config_FreeRTOS.o
LOAD Third-Party/SEGGER/OS/SEGGER_SYSVIEW_FreeRTOS.o
LOAD Third-Party/SEGGER/SEGGER/SEGGER_RTT.o
LOAD Third-Party/SEGGER/SEGGER/SEGGER_SYSVIEW.o
LOAD src/main.o
LOAD src/system_stm32f4xx.o
LOAD startup/startup_stm32.o
LOAD c:/ac6/systemworkbench/plugins/fr.ac6.mcu.externaltools.arm-none.win32_1.17.0.201812190825/tools/compiler/bin/../lib/gcc/arm-none-eabi/7.3.1/../../../../arm-none-eabi/lib/thumb/v7e-m/fpv4-sp/hard\libm.a
START GROUP
LOAD c:/ac6/systemworkbench/plugins/fr.ac6.mcu.externaltools.arm-none.win32_1.17.0.201812190825/tools/compiler/bin/../lib/gcc/arm-none-eabi/7.3.1/thumb/v7e-m/fpv4-sp/hard\libgcc.a
LOAD c:/ac6/systemworkbench/plugins/fr.ac6.mcu.externaltools.arm-none.win32_1.17.0.201812190825/tools/compiler/bin/../lib/gcc/arm-none-eabi/7.3.1/../../../../arm-none-eabi/lib/thumb/v7e-m/fpv4-sp/hard\libc.a
END GROUP
START GROUP
LOAD c:/ac6/systemworkbench/plugins/fr.ac6.mcu.externaltools.arm-none.win32_1.17.0.201812190825/tools/compiler/bin/../lib/gcc/arm-none-eabi/7.3.1/thumb/v7e-m/fpv4-sp/hard\libgcc.a
LOAD c:/ac6/systemworkbench/plugins/fr.ac6.mcu.externaltools.arm-none.win32_1.17.0.201812190825/tools/compiler/bin/../lib/gcc/arm-none-eabi/7.3.1/../../../../arm-none-eabi/lib/thumb/v7e-m/fpv4-sp/hard\libc.a
LOAD c:/ac6/systemworkbench/plugins/fr.ac6.mcu.externaltools.arm-none.win32_1.17.0.201812190825/tools/compiler/bin/../lib/gcc/arm-none-eabi/7.3.1/../../../../arm-none-eabi/lib/thumb/v7e-m/fpv4-sp/hard\librdimon.a
END GROUP
LOAD c:/ac6/systemworkbench/plugins/fr.ac6.mcu.externaltools.arm-none.win32_1.17.0.201812190825/tools/compiler/bin/../lib/gcc/arm-none-eabi/7.3.1/thumb/v7e-m/fpv4-sp/hard/crtend.o
LOAD c:/ac6/systemworkbench/plugins/fr.ac6.mcu.externaltools.arm-none.win32_1.17.0.201812190825/tools/compiler/bin/../lib/gcc/arm-none-eabi/7.3.1/thumb/v7e-m/fpv4-sp/hard/crtn.o
                0x20020000                _estack = 0x20020000
                0x00000000                _Min_Heap_Size = 0x0
                0x00000400                _Min_Stack_Size = 0x400

.isr_vector     0x08000000      0x1c4
                0x08000000                . = ALIGN (0x4)
 *(.isr_vector)
 .isr_vector    0x08000000      0x1c4 startup/startup_stm32.o
                0x08000000                g_pfnVectors
                0x080001c4                . = ALIGN (0x4)

.text           0x08000200     0x4164
                0x08000200                . = ALIGN (0x4)
 *(.text)
 .text          0x08000200       0x40 c:/ac6/systemworkbench/plugins/fr.ac6.mcu.externaltools.arm-none.win32_1.17.0.201812190825/tools/compiler/bin/../lib/gcc/arm-none-eabi/7.3.1/thumb/v7e-m/fpv4-sp/hard/crtbegin.o
 .text          0x08000240      0x134 c:/ac6/systemworkbench/plugins/fr.ac6.mcu.externaltools.arm-none.win32_1.17.0.201812190825/tools/compiler/bin/../lib/gcc/arm-none-eabi/7.3.1/../../../../arm-none-eabi/lib/thumb/v7e-m/fpv4-sp/hard\libc.a(lib_a-memcpy.o)
                0x08000240                memcpy
 *fill*         0x08000374        0xc 
 .text          0x08000380       0xdc c:/ac6/systemworkbench/plugins/fr.ac6.mcu.externaltools.arm-none.win32_1.17.0.201812190825/tools/compiler/bin/../lib/gcc/arm-none-eabi/7.3.1/../../../../arm-none-eabi/lib/thumb/v7e-m/fpv4-sp/hard\libc.a(lib_a-strlen.o)
                0x08000380                strlen
 *(.text*)
 .text.__libc_init_array
                0x0800045c       0x48 c:/ac6/systemworkbench/plugins/fr.ac6.mcu.externaltools.arm-none.win32_1.17.0.201812190825/tools/compiler/bin/../lib/gcc/arm-none-eabi/7.3.1/../../../../arm-none-eabi/lib/thumb/v7e-m/fpv4-sp/hard\libc.a(lib_a-init.o)
                0x0800045c                __libc_init_array
 .text.memset   0x080004a4       0x94 c:/ac6/systemworkbench/plugins/fr.ac6.mcu.externaltools.arm-none.win32_1.17.0.201812190825/tools/compiler/bin/../lib/gcc/arm-none-eabi/7.3.1/../../../../arm-none-eabi/lib/thumb/v7e-m/fpv4-sp/hard\libc.a(lib_a-memset.o)
                0x080004a4                memset
 .text.startup.register_fini
                0x08000538       0x14 c:/ac6/systemworkbench/plugins/fr.ac6.mcu.externaltools.arm-none.win32_1.17.0.201812190825/tools/compiler/bin/../lib/gcc/arm-none-eabi/7.3.1/../../../../arm-none-eabi/lib/thumb/v7e-m/fpv4-sp/hard\libc.a(lib_a-__call_atexit.o)
 .text.atexit   0x0800054c        0xc c:/ac6/systemworkbench/plugins/fr.ac6.mcu.externaltools.arm-none.win32_1.17.0.201812190825/tools/compiler/bin/../lib/gcc/arm-none-eabi/7.3.1/../../../../arm-none-eabi/lib/thumb/v7e-m/fpv4-sp/hard\libc.a(lib_a-atexit.o)
                0x0800054c                atexit
 .text.__libc_fini_array
                0x08000558       0x34 c:/ac6/systemworkbench/plugins/fr.ac6.mcu.externaltools.arm-none.win32_1.17.0.201812190825/tools/compiler/bin/../lib/gcc/arm-none-eabi/7.3.1/../../../../arm-none-eabi/lib/thumb/v7e-m/fpv4-sp/hard\libc.a(lib_a-fini.o)
                0x08000558                __libc_fini_array
 .text.__retarget_lock_acquire_recursive
                0x0800058c        0x4 c:/ac6/systemworkbench/plugins/fr.ac6.mcu.externaltools.arm-none.win32_1.17.0.201812190825/tools/compiler/bin/../lib/gcc/arm-none-eabi/7.3.1/../../../../arm-none-eabi/lib/thumb/v7e-m/fpv4-sp/hard\libc.a(lib_a-lock.o)
                0x0800058c                __retarget_lock_acquire_recursive
 .text.__retarget_lock_release_recursive
                0x08000590        0x4 c:/ac6/systemworkbench/plugins/fr.ac6.mcu.externaltools.arm-none.win32_1.17.0.201812190825/tools/compiler/bin/../lib/gcc/arm-none-eabi/7.3.1/../../../../arm-none-eabi/lib/thumb/v7e-m/fpv4-sp/hard\libc.a(lib_a-lock.o)
                0x08000590                __retarget_lock_release_recursive
 .text.__register_exitproc
                0x08000594       0xc0 c:/ac6/systemworkbench/plugins/fr.ac6.mcu.externaltools.arm-none.win32_1.17.0.201812190825/tools/compiler/bin/../lib/gcc/arm-none-eabi/7.3.1/../../../../arm-none-eabi/lib/thumb/v7e-m/fpv4-sp/hard\libc.a(lib_a-__atexit.o)
                0x08000594                __register_exitproc
 .text.EXTI_Init
                0x08000654       0xe4 StdPeriph_Driver/src/stm32f4xx_exti.o
                0x08000654                EXTI_Init
 .text.EXTI_ClearITPendingBit
                0x08000738       0x20 StdPeriph_Driver/src/stm32f4xx_exti.o
                0x08000738                EXTI_ClearITPendingBit
 .text.GPIO_Init
                0x08000758      0x11c StdPeriph_Driver/src/stm32f4xx_gpio.o
                0x08000758                GPIO_Init
 .text.GPIO_ToggleBits
                0x08000874       0x24 StdPeriph_Driver/src/stm32f4xx_gpio.o
                0x08000874                GPIO_ToggleBits
 .text.GPIO_PinAFConfig
                0x08000898       0x92 StdPeriph_Driver/src/stm32f4xx_gpio.o
                0x08000898                GPIO_PinAFConfig
 *fill*         0x0800092a        0x2 
 .text.RCC_DeInit
                0x0800092c       0x70 StdPeriph_Driver/src/stm32f4xx_rcc.o
                0x0800092c                RCC_DeInit
 .text.RCC_GetClocksFreq
                0x0800099c      0x1f4 StdPeriph_Driver/src/stm32f4xx_rcc.o
                0x0800099c                RCC_GetClocksFreq
 .text.RCC_AHB1PeriphClockCmd
                0x08000b90       0x40 StdPeriph_Driver/src/stm32f4xx_rcc.o
                0x08000b90                RCC_AHB1PeriphClockCmd
 .text.RCC_APB1PeriphClockCmd
                0x08000bd0       0x40 StdPeriph_Driver/src/stm32f4xx_rcc.o
                0x08000bd0                RCC_APB1PeriphClockCmd
 .text.RCC_APB2PeriphClockCmd
                0x08000c10       0x40 StdPeriph_Driver/src/stm32f4xx_rcc.o
                0x08000c10                RCC_APB2PeriphClockCmd
 .text.SYSCFG_EXTILineConfig
                0x08000c50       0x84 StdPeriph_Driver/src/stm32f4xx_syscfg.o
                0x08000c50                SYSCFG_EXTILineConfig
 .text.USART_Init
                0x08000cd4      0x174 StdPeriph_Driver/src/stm32f4xx_usart.o
                0x08000cd4                USART_Init
 .text.USART_Cmd
                0x08000e48       0x40 StdPeriph_Driver/src/stm32f4xx_usart.o
                0x08000e48                USART_Cmd
 .text.USART_SendData
                0x08000e88       0x24 StdPeriph_Driver/src/stm32f4xx_usart.o
                0x08000e88                USART_SendData
 .text.USART_GetFlagStatus
                0x08000eac       0x38 StdPeriph_Driver/src/stm32f4xx_usart.o
                0x08000eac                USART_GetFlagStatus
 .text.vListInitialise
                0x08000ee4       0x40 Third-Party/FreeRTOS/org/Source/list.o
                0x08000ee4                vListInitialise
 .text.vListInitialiseItem
                0x08000f24       0x1a Third-Party/FreeRTOS/org/Source/list.o
                0x08000f24                vListInitialiseItem
 .text.vListInsertEnd
                0x08000f3e       0x48 Third-Party/FreeRTOS/org/Source/list.o
                0x08000f3e                vListInsertEnd
 .text.uxListRemove
                0x08000f86       0x54 Third-Party/FreeRTOS/org/Source/list.o
                0x08000f86                uxListRemove
 .text.xTaskCreate
                0x08000fda       0x82 Third-Party/FreeRTOS/org/Source/tasks.o
                0x08000fda                xTaskCreate
 .text.prvInitialiseNewTask
                0x0800105c      0x11c Third-Party/FreeRTOS/org/Source/tasks.o
 .text.prvAddNewTaskToReadyList
                0x08001178      0x118 Third-Party/FreeRTOS/org/Source/tasks.o
 .text.vTaskPrioritySet
                0x08001290      0x180 Third-Party/FreeRTOS/org/Source/tasks.o
                0x08001290                vTaskPrioritySet
 .text.vTaskStartScheduler
                0x08001410       0xac Third-Party/FreeRTOS/org/Source/tasks.o
                0x08001410                vTaskStartScheduler
 .text.vTaskSuspendAll
                0x080014bc       0x1c Third-Party/FreeRTOS/org/Source/tasks.o
                0x080014bc                vTaskSuspendAll
 .text.xTaskResumeAll
                0x080014d8      0x140 Third-Party/FreeRTOS/org/Source/tasks.o
                0x080014d8                xTaskResumeAll
 .text.xTaskGetTickCount
                0x08001618       0x20 Third-Party/FreeRTOS/org/Source/tasks.o
                0x08001618                xTaskGetTickCount
 .text.xTaskGetTickCountFromISR
                0x08001638       0x24 Third-Party/FreeRTOS/org/Source/tasks.o
                0x08001638                xTaskGetTickCountFromISR
 .text.xTaskIncrementTick
                0x0800165c      0x178 Third-Party/FreeRTOS/org/Source/tasks.o
                0x0800165c                xTaskIncrementTick
 .text.vTaskSwitchContext
                0x080017d4       0xd0 Third-Party/FreeRTOS/org/Source/tasks.o
                0x080017d4                vTaskSwitchContext
 .text.prvIdleTask
                0x080018a4       0x30 Third-Party/FreeRTOS/org/Source/tasks.o
 .text.prvInitialiseTaskLists
                0x080018d4       0x80 Third-Party/FreeRTOS/org/Source/tasks.o
 .text.prvCheckTasksWaitingTermination
                0x08001954       0x58 Third-Party/FreeRTOS/org/Source/tasks.o
 .text.prvDeleteTCB
                0x080019ac       0x20 Third-Party/FreeRTOS/org/Source/tasks.o
 .text.prvResetNextTaskUnblockTime
                0x080019cc       0x40 Third-Party/FreeRTOS/org/Source/tasks.o
 .text.pxPortInitialiseStack
                0x08001a0c       0x68 Third-Party/FreeRTOS/org/Source/portable/GCC/ARM_CM4F/port.o
                0x08001a0c                pxPortInitialiseStack
 .text.prvTaskExitError
                0x08001a74       0x54 Third-Party/FreeRTOS/org/Source/portable/GCC/ARM_CM4F/port.o
 *fill*         0x08001ac8        0x8 
 .text.SVC_Handler
                0x08001ad0       0x28 Third-Party/FreeRTOS/org/Source/portable/GCC/ARM_CM4F/port.o
                0x08001ad0                SVC_Handler
 .text.prvPortStartFirstTask
                0x08001af8       0x28 Third-Party/FreeRTOS/org/Source/portable/GCC/ARM_CM4F/port.o
 .text.xPortStartScheduler
                0x08001b20      0x13c Third-Party/FreeRTOS/org/Source/portable/GCC/ARM_CM4F/port.o
                0x08001b20                xPortStartScheduler
 .text.vPortEnterCritical
                0x08001c5c       0x5c Third-Party/FreeRTOS/org/Source/portable/GCC/ARM_CM4F/port.o
                0x08001c5c                vPortEnterCritical
 .text.vPortExitCritical
                0x08001cb8       0x50 Third-Party/FreeRTOS/org/Source/portable/GCC/ARM_CM4F/port.o
                0x08001cb8                vPortExitCritical
 *fill*         0x08001d08        0x8 
 .text.PendSV_Handler
                0x08001d10       0x68 Third-Party/FreeRTOS/org/Source/portable/GCC/ARM_CM4F/port.o
                0x08001d10                PendSV_Handler
 .text.SysTick_Handler
                0x08001d78       0x50 Third-Party/FreeRTOS/org/Source/portable/GCC/ARM_CM4F/port.o
                0x08001d78                SysTick_Handler
 .text.vPortSetupTimerInterrupt
                0x08001dc8       0x48 Third-Party/FreeRTOS/org/Source/portable/GCC/ARM_CM4F/port.o
                0x08001dc8                vPortSetupTimerInterrupt
 .text.vPortEnableVFP
                0x08001e10       0x14 Third-Party/FreeRTOS/org/Source/portable/GCC/ARM_CM4F/port.o
 .text.vPortValidateInterruptPriority
                0x08001e24       0x7c Third-Party/FreeRTOS/org/Source/portable/GCC/ARM_CM4F/port.o
                0x08001e24                vPortValidateInterruptPriority
 .text.pvPortMalloc
                0x08001ea0      0x184 Third-Party/FreeRTOS/org/Source/portable/MemMang/heap_4.o
                0x08001ea0                pvPortMalloc
 .text.vPortFree
                0x08002024       0xb0 Third-Party/FreeRTOS/org/Source/portable/MemMang/heap_4.o
                0x08002024                vPortFree
 .text.prvHeapInit
                0x080020d4       0xc4 Third-Party/FreeRTOS/org/Source/portable/MemMang/heap_4.o
 .text.prvInsertBlockIntoFreeList
                0x08002198       0xb4 Third-Party/FreeRTOS/org/Source/portable/MemMang/heap_4.o
 .text._cbSendSystemDesc
                0x0800224c       0x1c Third-Party/SEGGER/Config/SEGGER_SYSVIEW_Config_FreeRTOS.o
 .text.SEGGER_SYSVIEW_Conf
                0x08002268       0x2c Third-Party/SEGGER/Config/SEGGER_SYSVIEW_Config_FreeRTOS.o
                0x08002268                SEGGER_SYSVIEW_Conf
 .text._cbSendTaskList
                0x08002294       0x90 Third-Party/SEGGER/OS/SEGGER_SYSVIEW_FreeRTOS.o
 .text._cbGetTime
                0x08002324       0x84 Third-Party/SEGGER/OS/SEGGER_SYSVIEW_FreeRTOS.o
 .text.SYSVIEW_AddTask
                0x080023a8       0xd0 Third-Party/SEGGER/OS/SEGGER_SYSVIEW_FreeRTOS.o
                0x080023a8                SYSVIEW_AddTask
 .text.SYSVIEW_UpdateTask
                0x08002478       0xe0 Third-Party/SEGGER/OS/SEGGER_SYSVIEW_FreeRTOS.o
                0x08002478                SYSVIEW_UpdateTask
 .text.SYSVIEW_SendTaskInfo
                0x08002558       0x42 Third-Party/SEGGER/OS/SEGGER_SYSVIEW_FreeRTOS.o
                0x08002558                SYSVIEW_SendTaskInfo
 *fill*         0x0800259a        0x2 
 .text._DoInit  0x0800259c       0xa4 Third-Party/SEGGER/SEGGER/SEGGER_RTT.o
 .text.SEGGER_RTT_ReadNoLock
                0x08002640      0x104 Third-Party/SEGGER/SEGGER/SEGGER_RTT.o
                0x08002640                SEGGER_RTT_ReadNoLock
 .text.SEGGER_RTT_WriteSkipNoLock
                0x08002744      0x120 Third-Party/SEGGER/SEGGER/SEGGER_RTT.o
                0x08002744                SEGGER_RTT_WriteSkipNoLock
 .text.SEGGER_RTT_ConfigUpBuffer
                0x08002864       0xd4 Third-Party/SEGGER/SEGGER/SEGGER_RTT.o
                0x08002864                SEGGER_RTT_ConfigUpBuffer
 .text.SEGGER_RTT_ConfigDownBuffer
                0x08002938       0xd4 Third-Party/SEGGER/SEGGER/SEGGER_RTT.o
                0x08002938                SEGGER_RTT_ConfigDownBuffer
 .text._EncodeStr
                0x08002a0c       0x9a Third-Party/SEGGER/SEGGER/SEGGER_SYSVIEW.o
 .text._PreparePacket
                0x08002aa6       0x18 Third-Party/SEGGER/SEGGER/SEGGER_SYSVIEW.o
 .text._HandleIncomingPacket
                0x08002abe       0xb8 Third-Party/SEGGER/SEGGER/SEGGER_SYSVIEW.o
 *fill*         0x08002b76        0x2 
 .text._TrySendOverflowPacket
                0x08002b78       0xe0 Third-Party/SEGGER/SEGGER/SEGGER_SYSVIEW.o
 .text._SendPacket
                0x08002c58      0x1a8 Third-Party/SEGGER/SEGGER/SEGGER_SYSVIEW.o
 .text.SEGGER_SYSVIEW_Init
                0x08002e00       0x7c Third-Party/SEGGER/SEGGER/SEGGER_SYSVIEW.o
                0x08002e00                SEGGER_SYSVIEW_Init
 .text.SEGGER_SYSVIEW_SetRAMBase
                0x08002e7c       0x20 Third-Party/SEGGER/SEGGER/SEGGER_SYSVIEW.o
                0x08002e7c                SEGGER_SYSVIEW_SetRAMBase
 .text.SEGGER_SYSVIEW_RecordVoid
                0x08002e9c       0x3c Third-Party/SEGGER/SEGGER/SEGGER_SYSVIEW.o
                0x08002e9c                SEGGER_SYSVIEW_RecordVoid
 .text.SEGGER_SYSVIEW_RecordU32
                0x08002ed8       0x78 Third-Party/SEGGER/SEGGER/SEGGER_SYSVIEW.o
                0x08002ed8                SEGGER_SYSVIEW_RecordU32
 .text.SEGGER_SYSVIEW_RecordU32x2
                0x08002f50       0xb4 Third-Party/SEGGER/SEGGER/SEGGER_SYSVIEW.o
                0x08002f50                SEGGER_SYSVIEW_RecordU32x2
 .text.SEGGER_SYSVIEW_Start
                0x08003004      0x178 Third-Party/SEGGER/SEGGER/SEGGER_SYSVIEW.o
                0x08003004                SEGGER_SYSVIEW_Start
 .text.SEGGER_SYSVIEW_Stop
                0x0800317c       0x4c Third-Party/SEGGER/SEGGER/SEGGER_SYSVIEW.o
                0x0800317c                SEGGER_SYSVIEW_Stop
 .text.SEGGER_SYSVIEW_GetSysDesc
                0x080031c8      0x134 Third-Party/SEGGER/SEGGER/SEGGER_SYSVIEW.o
                0x080031c8                SEGGER_SYSVIEW_GetSysDesc
 .text.SEGGER_SYSVIEW_SendTaskInfo
                0x080032fc      0x1cc Third-Party/SEGGER/SEGGER/SEGGER_SYSVIEW.o
                0x080032fc                SEGGER_SYSVIEW_SendTaskInfo
 .text.SEGGER_SYSVIEW_SendTaskList
                0x080034c8       0x28 Third-Party/SEGGER/SEGGER/SEGGER_SYSVIEW.o
                0x080034c8                SEGGER_SYSVIEW_SendTaskList
 .text.SEGGER_SYSVIEW_SendSysDesc
                0x080034f0       0x48 Third-Party/SEGGER/SEGGER/SEGGER_SYSVIEW.o
                0x080034f0                SEGGER_SYSVIEW_SendSysDesc
 .text.SEGGER_SYSVIEW_RecordSystime
                0x08003538       0x60 Third-Party/SEGGER/SEGGER/SEGGER_SYSVIEW.o
                0x08003538                SEGGER_SYSVIEW_RecordSystime
 .text.SEGGER_SYSVIEW_RecordEnterISR
                0x08003598       0x84 Third-Party/SEGGER/SEGGER/SEGGER_SYSVIEW.o
                0x08003598                SEGGER_SYSVIEW_RecordEnterISR
 .text.SEGGER_SYSVIEW_RecordExitISR
                0x0800361c       0x38 Third-Party/SEGGER/SEGGER/SEGGER_SYSVIEW.o
                0x0800361c                SEGGER_SYSVIEW_RecordExitISR
 .text.SEGGER_SYSVIEW_RecordExitISRToScheduler
                0x08003654       0x38 Third-Party/SEGGER/SEGGER/SEGGER_SYSVIEW.o
                0x08003654                SEGGER_SYSVIEW_RecordExitISRToScheduler
 .text.SEGGER_SYSVIEW_OnIdle
                0x0800368c       0x38 Third-Party/SEGGER/SEGGER/SEGGER_SYSVIEW.o
                0x0800368c                SEGGER_SYSVIEW_OnIdle
 .text.SEGGER_SYSVIEW_OnTaskCreate
                0x080036c4       0x88 Third-Party/SEGGER/SEGGER/SEGGER_SYSVIEW.o
                0x080036c4                SEGGER_SYSVIEW_OnTaskCreate
 .text.SEGGER_SYSVIEW_OnTaskStartExec
                0x0800374c       0x88 Third-Party/SEGGER/SEGGER/SEGGER_SYSVIEW.o
                0x0800374c                SEGGER_SYSVIEW_OnTaskStartExec
 .text.SEGGER_SYSVIEW_OnTaskStartReady
                0x080037d4       0x88 Third-Party/SEGGER/SEGGER/SEGGER_SYSVIEW.o
                0x080037d4                SEGGER_SYSVIEW_OnTaskStartReady
 .text.SEGGER_SYSVIEW_ShrinkId
                0x0800385c       0x24 Third-Party/SEGGER/SEGGER/SEGGER_SYSVIEW.o
                0x0800385c                SEGGER_SYSVIEW_ShrinkId
 .text.SEGGER_SYSVIEW_SendModule
                0x08003880      0x100 Third-Party/SEGGER/SEGGER/SEGGER_SYSVIEW.o
                0x08003880                SEGGER_SYSVIEW_SendModule
 .text.SEGGER_SYSVIEW_SendModuleDescription
                0x08003980       0x3c Third-Party/SEGGER/SEGGER/SEGGER_SYSVIEW.o
                0x08003980                SEGGER_SYSVIEW_SendModuleDescription
 .text.SEGGER_SYSVIEW_SendNumModules
                0x080039bc       0x7c Third-Party/SEGGER/SEGGER/SEGGER_SYSVIEW.o
                0x080039bc                SEGGER_SYSVIEW_SendNumModules
 .text.SEGGER_SYSVIEW_Warn
                0x08003a38       0xb8 Third-Party/SEGGER/SEGGER/SEGGER_SYSVIEW.o
                0x08003a38                SEGGER_SYSVIEW_Warn
 .text.NVIC_EnableIRQ
                0x08003af0       0x34 src/main.o
 .text.NVIC_SetPriority
                0x08003b24       0x54 src/main.o
 .text.main     0x08003b78       0xa0 src/main.o
                0x08003b78                main
 .text.vTask1_handler
                0x08003c18       0x94 src/main.o
                0x08003c18                vTask1_handler
 .text.vTask2_handler
                0x08003cac       0x94 src/main.o
                0x08003cac                vTask2_handler
 .text.prvSetupUart
                0x08003d40       0x9c src/main.o
 .text.printmsg
                0x08003ddc       0x50 src/main.o
                0x08003ddc                printmsg
 .text.prvSetupGpio
                0x08003e2c       0xc0 src/main.o
                0x08003e2c                prvSetupGpio
 .text.prvSetupHardware
                0x08003eec       0x10 src/main.o
 .text.rtos_delay
                0x08003efc       0x40 src/main.o
                0x08003efc                rtos_delay
 .text.EXTI15_10_IRQHandler
                0x08003f3c       0x24 src/main.o
                0x08003f3c                EXTI15_10_IRQHandler
 .text.SystemInit
                0x08003f60       0x6c src/system_stm32f4xx.o
                0x08003f60                SystemInit
 .text.SystemCoreClockUpdate
                0x08003fcc      0x19c src/system_stm32f4xx.o
                0x08003fcc                SystemCoreClockUpdate
 .text.SetSysClock
                0x08004168      0x12c src/system_stm32f4xx.o
 .text.Reset_Handler
                0x08004294       0x50 startup/startup_stm32.o
                0x08004294                Reset_Handler
 .text.Default_Handler
                0x080042e4        0x2 startup/startup_stm32.o
                0x080042e4                RTC_Alarm_IRQHandler
                0x080042e4                EXTI2_IRQHandler
                0x080042e4                TIM8_CC_IRQHandler
                0x080042e4                SPDIF_Rx_IRQHandler
                0x080042e4                DebugMon_Handler
                0x080042e4                SPI4_IRQHandler
                0x080042e4                TIM1_CC_IRQHandler
                0x080042e4                QuadSPI_IRQHandler
                0x080042e4                DMA2_Stream5_IRQHandler
                0x080042e4                HardFault_Handler
                0x080042e4                DMA1_Stream5_IRQHandler
                0x080042e4                PVD_IRQHandler
                0x080042e4                SDIO_IRQHandler
                0x080042e4                TAMP_STAMP_IRQHandler
                0x080042e4                NMI_Handler
                0x080042e4                CAN2_RX1_IRQHandler
                0x080042e4                EXTI3_IRQHandler
                0x080042e4                TIM8_TRG_COM_TIM14_IRQHandler
                0x080042e4                TIM1_UP_TIM10_IRQHandler
                0x080042e4                FMPI2C1_error_IRQHandler
                0x080042e4                TIM8_UP_TIM13_IRQHandler
                0x080042e4                I2C3_ER_IRQHandler
                0x080042e4                EXTI0_IRQHandler
                0x080042e4                I2C2_EV_IRQHandler
                0x080042e4                DMA1_Stream2_IRQHandler
                0x080042e4                CAN1_RX0_IRQHandler
                0x080042e4                FPU_IRQHandler
                0x080042e4                OTG_HS_WKUP_IRQHandler
                0x080042e4                UsageFault_Handler
                0x080042e4                CAN2_SCE_IRQHandler
                0x080042e4                DMA2_Stream2_IRQHandler
                0x080042e4                SPI1_IRQHandler
                0x080042e4                TIM6_DAC_IRQHandler
                0x080042e4                TIM1_BRK_TIM9_IRQHandler
                0x080042e4                DCMI_IRQHandler
                0x080042e4                CAN2_RX0_IRQHandler
                0x080042e4                DMA2_Stream3_IRQHandler
                0x080042e4                FMPI2C1_IRQHandler
                0x080042e4                SAI2_IRQHandler
                0x080042e4                USART6_IRQHandler
                0x080042e4                USART3_IRQHandler
                0x080042e4                CAN1_RX1_IRQHandler
                0x080042e4                UART5_IRQHandler
                0x080042e4                DMA2_Stream0_IRQHandler
                0x080042e4                TIM4_IRQHandler
                0x080042e4                I2C1_EV_IRQHandler
                0x080042e4                HDMI_CEC_IRQHandler
                0x080042e4                DMA1_Stream6_IRQHandler
                0x080042e4                DMA1_Stream1_IRQHandler
                0x080042e4                UART4_IRQHandler
                0x080042e4                TIM3_IRQHandler
                0x080042e4                RCC_IRQHandler
                0x080042e4                TIM8_BRK_TIM12_IRQHandler
                0x080042e4                Default_Handler
                0x080042e4                ADC_IRQHandler
                0x080042e4                DMA1_Stream7_IRQHandler
                0x080042e4                TIM7_IRQHandler
                0x080042e4                CAN2_TX_IRQHandler
                0x080042e4                TIM5_IRQHandler
                0x080042e4                DMA2_Stream7_IRQHandler
                0x080042e4                I2C3_EV_IRQHandler
                0x080042e4                EXTI9_5_IRQHandler
                0x080042e4                RTC_WKUP_IRQHandler
                0x080042e4                SPI2_IRQHandler
                0x080042e4                OTG_HS_EP1_IN_IRQHandler
                0x080042e4                MemManage_Handler
                0x080042e4                DMA1_Stream0_IRQHandler
                0x080042e4                CAN1_TX_IRQHandler
                0x080042e4                EXTI4_IRQHandler
                0x080042e4                OTG_HS_EP1_OUT_IRQHandler
                0x080042e4                WWDG_IRQHandler
                0x080042e4                TIM2_IRQHandler
                0x080042e4                OTG_FS_WKUP_IRQHandler
                0x080042e4                TIM1_TRG_COM_TIM11_IRQHandler
                0x080042e4                OTG_HS_IRQHandler
                0x080042e4                EXTI1_IRQHandler
                0x080042e4                USART2_IRQHandler
                0x080042e4                I2C2_ER_IRQHandler
                0x080042e4                DMA2_Stream1_IRQHandler
                0x080042e4                CAN1_SCE_IRQHandler
                0x080042e4                FLASH_IRQHandler
                0x080042e4                DMA2_Stream4_IRQHandler
                0x080042e4                BusFault_Handler
                0x080042e4                USART1_IRQHandler
                0x080042e4                OTG_FS_IRQHandler
                0x080042e4                SPI3_IRQHandler
                0x080042e4                DMA1_Stream4_IRQHandler
                0x080042e4                I2C1_ER_IRQHandler
                0x080042e4                FMC_IRQHandler
                0x080042e4                DMA2_Stream6_IRQHandler
                0x080042e4                SAI1_IRQHandler
                0x080042e4                DMA1_Stream3_IRQHandler
 *fill*         0x080042e6        0x2 
 .text.memcmp   0x080042e8       0x64 c:/ac6/systemworkbench/plugins/fr.ac6.mcu.externaltools.arm-none.win32_1.17.0.201812190825/tools/compiler/bin/../lib/gcc/arm-none-eabi/7.3.1/../../../../arm-none-eabi/lib/thumb/v7e-m/fpv4-sp/hard\libc.a(lib_a-memcmp.o)
                0x080042e8                memcmp
 *(.glue_7)
 .glue_7        0x0800434c        0x0 linker stubs
 *(.glue_7t)
 .glue_7t       0x0800434c        0x0 linker stubs
 *(.eh_frame)
 .eh_frame      0x0800434c        0x0 c:/ac6/systemworkbench/plugins/fr.ac6.mcu.externaltools.arm-none.win32_1.17.0.201812190825/tools/compiler/bin/../lib/gcc/arm-none-eabi/7.3.1/thumb/v7e-m/fpv4-sp/hard/crtbegin.o
 *(.init)
 .init          0x0800434c        0x4 c:/ac6/systemworkbench/plugins/fr.ac6.mcu.externaltools.arm-none.win32_1.17.0.201812190825/tools/compiler/bin/../lib/gcc/arm-none-eabi/7.3.1/thumb/v7e-m/fpv4-sp/hard/crti.o
                0x0800434c                _init
 .init          0x08004350        0x8 c:/ac6/systemworkbench/plugins/fr.ac6.mcu.externaltools.arm-none.win32_1.17.0.201812190825/tools/compiler/bin/../lib/gcc/arm-none-eabi/7.3.1/thumb/v7e-m/fpv4-sp/hard/crtn.o
 *(.fini)
 .fini          0x08004358        0x4 c:/ac6/systemworkbench/plugins/fr.ac6.mcu.externaltools.arm-none.win32_1.17.0.201812190825/tools/compiler/bin/../lib/gcc/arm-none-eabi/7.3.1/thumb/v7e-m/fpv4-sp/hard/crti.o
                0x08004358                _fini
 .fini          0x0800435c        0x8 c:/ac6/systemworkbench/plugins/fr.ac6.mcu.externaltools.arm-none.win32_1.17.0.201812190825/tools/compiler/bin/../lib/gcc/arm-none-eabi/7.3.1/thumb/v7e-m/fpv4-sp/hard/crtn.o
                0x08004364                . = ALIGN (0x4)
                0x08004364                _etext = .

.vfp11_veneer   0x08004364        0x0
 .vfp11_veneer  0x08004364        0x0 linker stubs

.v4_bx          0x08004364        0x0
 .v4_bx         0x08004364        0x0 linker stubs

.iplt           0x08004364        0x0
 .iplt          0x08004364        0x0 c:/ac6/systemworkbench/plugins/fr.ac6.mcu.externaltools.arm-none.win32_1.17.0.201812190825/tools/compiler/bin/../lib/gcc/arm-none-eabi/7.3.1/thumb/v7e-m/fpv4-sp/hard/crtbegin.o

.rodata         0x08004364      0x174
                0x08004364                . = ALIGN (0x4)
 *(.rodata)
 .rodata        0x08004364        0x5 Third-Party/FreeRTOS/org/Source/tasks.o
 *fill*         0x08004369        0x3 
 .rodata        0x0800436c       0x51 Third-Party/SEGGER/Config/SEGGER_SYSVIEW_Config_FreeRTOS.o
 *fill*         0x080043bd        0x3 
 .rodata        0x080043c0       0x60 Third-Party/SEGGER/OS/SEGGER_SYSVIEW_FreeRTOS.o
                0x08004418                SYSVIEW_X_OS_TraceAPI
 .rodata        0x08004420       0x17 Third-Party/SEGGER/SEGGER/SEGGER_RTT.o
 *fill*         0x08004437        0x1 
 .rodata        0x08004438       0x24 Third-Party/SEGGER/SEGGER/SEGGER_SYSVIEW.o
 .rodata        0x0800445c       0x75 src/main.o
 *(.rodata*)
 *fill*         0x080044d1        0x3 
 .rodata._global_impure_ptr
                0x080044d4        0x4 c:/ac6/systemworkbench/plugins/fr.ac6.mcu.externaltools.arm-none.win32_1.17.0.201812190825/tools/compiler/bin/../lib/gcc/arm-none-eabi/7.3.1/../../../../arm-none-eabi/lib/thumb/v7e-m/fpv4-sp/hard\libc.a(lib_a-impure.o)
                0x080044d4                _global_impure_ptr
                0x080044d8                . = ALIGN (0x4)

.rel.dyn        0x080044d8        0x0
 .rel.iplt      0x080044d8        0x0 c:/ac6/systemworkbench/plugins/fr.ac6.mcu.externaltools.arm-none.win32_1.17.0.201812190825/tools/compiler/bin/../lib/gcc/arm-none-eabi/7.3.1/thumb/v7e-m/fpv4-sp/hard/crtbegin.o

.ARM.extab      0x080044d8        0x0
                0x080044d8                . = ALIGN (0x4)
 *(.ARM.extab* .gnu.linkonce.armextab.*)
                0x080044d8                . = ALIGN (0x4)

.ARM            0x080044d8        0x0
                0x080044d8                . = ALIGN (0x4)
                0x080044d8                __exidx_start = .
 *(.ARM.exidx*)
                0x080044d8                __exidx_end = .
                0x080044d8                . = ALIGN (0x4)

.preinit_array  0x080044d8        0x0
                0x080044d8                . = ALIGN (0x4)
                0x080044d8                PROVIDE (__preinit_array_start = .)
 *(.preinit_array*)
                0x080044d8                PROVIDE (__preinit_array_end = .)
                0x080044d8                . = ALIGN (0x4)

.init_array     0x080044d8        0x8
                0x080044d8                . = ALIGN (0x4)
                0x080044d8                PROVIDE (__init_array_start = .)
 *(SORT_BY_NAME(.init_array.*))
 .init_array.00000
                0x080044d8        0x4 c:/ac6/systemworkbench/plugins/fr.ac6.mcu.externaltools.arm-none.win32_1.17.0.201812190825/tools/compiler/bin/../lib/gcc/arm-none-eabi/7.3.1/../../../../arm-none-eabi/lib/thumb/v7e-m/fpv4-sp/hard\libc.a(lib_a-__call_atexit.o)
 *(.init_array*)
 .init_array    0x080044dc        0x4 c:/ac6/systemworkbench/plugins/fr.ac6.mcu.externaltools.arm-none.win32_1.17.0.201812190825/tools/compiler/bin/../lib/gcc/arm-none-eabi/7.3.1/thumb/v7e-m/fpv4-sp/hard/crtbegin.o
                0x080044e0                PROVIDE (__init_array_end = .)
                0x080044e0                . = ALIGN (0x4)

.fini_array     0x080044e0        0x4
                0x080044e0                . = ALIGN (0x4)
                0x080044e0                PROVIDE (__fini_array_start = .)
 *(SORT_BY_NAME(.fini_array.*))
 *(.fini_array*)
 .fini_array    0x080044e0        0x4 c:/ac6/systemworkbench/plugins/fr.ac6.mcu.externaltools.arm-none.win32_1.17.0.201812190825/tools/compiler/bin/../lib/gcc/arm-none-eabi/7.3.1/thumb/v7e-m/fpv4-sp/hard/crtbegin.o
                0x080044e4                PROVIDE (__fini_array_end = .)
                0x080044e4                . = ALIGN (0x4)
                0x080044e4                _sidata = LOADADDR (.data)

.data           0x20000000      0x454 load address 0x080044e4
                0x20000000                . = ALIGN (0x4)
                0x20000000                _sdata = .
 *(.data)
 .data          0x20000000       0x10 StdPeriph_Driver/src/stm32f4xx_rcc.o
 .data          0x20000010        0x4 Third-Party/FreeRTOS/org/Source/portable/GCC/ARM_CM4F/port.o
 .data          0x20000014       0x14 src/system_stm32f4xx.o
                0x20000014                SystemCoreClock
                0x20000018                AHBPrescTable
 *(.data*)
 .data.impure_data
                0x20000028      0x428 c:/ac6/systemworkbench/plugins/fr.ac6.mcu.externaltools.arm-none.win32_1.17.0.201812190825/tools/compiler/bin/../lib/gcc/arm-none-eabi/7.3.1/../../../../arm-none-eabi/lib/thumb/v7e-m/fpv4-sp/hard\libc.a(lib_a-impure.o)
 .data.__atexit_recursive_mutex
                0x20000450        0x4 c:/ac6/systemworkbench/plugins/fr.ac6.mcu.externaltools.arm-none.win32_1.17.0.201812190825/tools/compiler/bin/../lib/gcc/arm-none-eabi/7.3.1/../../../../arm-none-eabi/lib/thumb/v7e-m/fpv4-sp/hard\libc.a(lib_a-__call_atexit.o)
                0x20000450                __atexit_recursive_mutex
                0x20000454                . = ALIGN (0x4)
                0x20000454                _edata = .

.igot.plt       0x20000454        0x0 load address 0x08004938
 .igot.plt      0x20000454        0x0 c:/ac6/systemworkbench/plugins/fr.ac6.mcu.externaltools.arm-none.win32_1.17.0.201812190825/tools/compiler/bin/../lib/gcc/arm-none-eabi/7.3.1/thumb/v7e-m/fpv4-sp/hard/crtbegin.o
                0x20000454                . = ALIGN (0x4)

.bss            0x20000454    0x154e4 load address 0x08004938
                0x20000454                _sbss = .
                0x20000454                __bss_start__ = _sbss
 *(.bss)
 .bss           0x20000454       0x1c c:/ac6/systemworkbench/plugins/fr.ac6.mcu.externaltools.arm-none.win32_1.17.0.201812190825/tools/compiler/bin/../lib/gcc/arm-none-eabi/7.3.1/thumb/v7e-m/fpv4-sp/hard/crtbegin.o
 .bss           0x20000470      0x104 Third-Party/FreeRTOS/org/Source/tasks.o
                0x20000470                pxCurrentTCB
 .bss           0x20000574        0x8 Third-Party/FreeRTOS/org/Source/portable/GCC/ARM_CM4F/port.o
 .bss           0x2000057c    0x12c18 Third-Party/FreeRTOS/org/Source/portable/MemMang/heap_4.o
 .bss           0x20013194       0xa4 Third-Party/SEGGER/OS/SEGGER_SYSVIEW_FreeRTOS.o
 .bss           0x20013238      0x411 Third-Party/SEGGER/SEGGER/SEGGER_RTT.o
 *fill*         0x20013649        0x3 
 .bss           0x2001364c     0x211b Third-Party/SEGGER/SEGGER/SEGGER_SYSVIEW.o
 *fill*         0x20015767        0x1 
 .bss           0x20015768      0x103 src/main.o
                0x20015768                xTaskHandle1
                0x2001576c                xTaskHandle2
                0x20015770                usr_msg
                0x2001586a                switch_prio
 *(.bss*)
 *(COMMON)
 *fill*         0x2001586b        0x1 
 COMMON         0x2001586c       0x21 c:/ac6/systemworkbench/plugins/fr.ac6.mcu.externaltools.arm-none.win32_1.17.0.201812190825/tools/compiler/bin/../lib/gcc/arm-none-eabi/7.3.1/../../../../arm-none-eabi/lib/thumb/v7e-m/fpv4-sp/hard\libc.a(lib_a-lock.o)
                0x2001586c                __lock___atexit_recursive_mutex
                0x20015870                __lock___arc4random_mutex
                0x20015874                __lock___env_recursive_mutex
                0x20015878                __lock___sinit_recursive_mutex
                0x2001587c                __lock___malloc_recursive_mutex
                0x20015880                __lock___at_quick_exit_mutex
                0x20015884                __lock___dd_hash_mutex
                0x20015888                __lock___tz_mutex
                0x2001588c                __lock___sfp_recursive_mutex
 *fill*         0x2001588d        0x3 
 COMMON         0x20015890       0xa8 Third-Party/SEGGER/SEGGER/SEGGER_RTT.o
                0x20015890                _SEGGER_RTT
                0x20015938                . = ALIGN (0x4)
                0x20015938                _ebss = .
                0x20015938                __bss_end__ = _ebss

._user_heap_stack
                0x20015938      0x400 load address 0x08004938
                0x20015938                . = ALIGN (0x8)
                0x20015938                PROVIDE (end = .)
                [!provide]                PROVIDE (_end = .)
                0x20015938                . = (. + _Min_Heap_Size)
                0x20015d38                . = (. + _Min_Stack_Size)
 *fill*         0x20015938      0x400 
                0x20015d38                . = ALIGN (0x8)

/DISCARD/
 libc.a(*)
 libm.a(*)
 libgcc.a(*)

.ARM.attributes
                0x00000000       0x30
 *(.ARM.attributes)
 .ARM.attributes
                0x00000000       0x22 c:/ac6/systemworkbench/plugins/fr.ac6.mcu.externaltools.arm-none.win32_1.17.0.201812190825/tools/compiler/bin/../lib/gcc/arm-none-eabi/7.3.1/thumb/v7e-m/fpv4-sp/hard/crti.o
 .ARM.attributes
                0x00000022       0x34 c:/ac6/systemworkbench/plugins/fr.ac6.mcu.externaltools.arm-none.win32_1.17.0.201812190825/tools/compiler/bin/../lib/gcc/arm-none-eabi/7.3.1/thumb/v7e-m/fpv4-sp/hard/crtbegin.o
 .ARM.attributes
                0x00000056       0x34 c:/ac6/systemworkbench/plugins/fr.ac6.mcu.externaltools.arm-none.win32_1.17.0.201812190825/tools/compiler/bin/../lib/gcc/arm-none-eabi/7.3.1/../../../../arm-none-eabi/lib/thumb/v7e-m/fpv4-sp/hard\libc.a(lib_a-impure.o)
 .ARM.attributes
                0x0000008a       0x34 c:/ac6/systemworkbench/plugins/fr.ac6.mcu.externaltools.arm-none.win32_1.17.0.201812190825/tools/compiler/bin/../lib/gcc/arm-none-eabi/7.3.1/../../../../arm-none-eabi/lib/thumb/v7e-m/fpv4-sp/hard\libc.a(lib_a-init.o)
 .ARM.attributes
                0x000000be       0x34 c:/ac6/systemworkbench/plugins/fr.ac6.mcu.externaltools.arm-none.win32_1.17.0.201812190825/tools/compiler/bin/../lib/gcc/arm-none-eabi/7.3.1/../../../../arm-none-eabi/lib/thumb/v7e-m/fpv4-sp/hard\libc.a(lib_a-memset.o)
 .ARM.attributes
                0x000000f2       0x34 c:/ac6/systemworkbench/plugins/fr.ac6.mcu.externaltools.arm-none.win32_1.17.0.201812190825/tools/compiler/bin/../lib/gcc/arm-none-eabi/7.3.1/../../../../arm-none-eabi/lib/thumb/v7e-m/fpv4-sp/hard\libc.a(lib_a-__call_atexit.o)
 .ARM.attributes
                0x00000126       0x34 c:/ac6/systemworkbench/plugins/fr.ac6.mcu.externaltools.arm-none.win32_1.17.0.201812190825/tools/compiler/bin/../lib/gcc/arm-none-eabi/7.3.1/../../../../arm-none-eabi/lib/thumb/v7e-m/fpv4-sp/hard\libc.a(lib_a-atexit.o)
 .ARM.attributes
                0x0000015a       0x34 c:/ac6/systemworkbench/plugins/fr.ac6.mcu.externaltools.arm-none.win32_1.17.0.201812190825/tools/compiler/bin/../lib/gcc/arm-none-eabi/7.3.1/../../../../arm-none-eabi/lib/thumb/v7e-m/fpv4-sp/hard\libc.a(lib_a-fini.o)
 .ARM.attributes
                0x0000018e       0x34 c:/ac6/systemworkbench/plugins/fr.ac6.mcu.externaltools.arm-none.win32_1.17.0.201812190825/tools/compiler/bin/../lib/gcc/arm-none-eabi/7.3.1/../../../../arm-none-eabi/lib/thumb/v7e-m/fpv4-sp/hard\libc.a(lib_a-lock.o)
 .ARM.attributes
                0x000001c2       0x34 c:/ac6/systemworkbench/plugins/fr.ac6.mcu.externaltools.arm-none.win32_1.17.0.201812190825/tools/compiler/bin/../lib/gcc/arm-none-eabi/7.3.1/../../../../arm-none-eabi/lib/thumb/v7e-m/fpv4-sp/hard\libc.a(lib_a-__atexit.o)
 .ARM.attributes
                0x000001f6       0x39 StdPeriph_Driver/src/stm32f4xx_exti.o
 .ARM.attributes
                0x0000022f       0x39 StdPeriph_Driver/src/stm32f4xx_gpio.o
 .ARM.attributes
                0x00000268       0x39 StdPeriph_Driver/src/stm32f4xx_rcc.o
 .ARM.attributes
                0x000002a1       0x39 StdPeriph_Driver/src/stm32f4xx_syscfg.o
 .ARM.attributes
                0x000002da       0x39 StdPeriph_Driver/src/stm32f4xx_usart.o
 .ARM.attributes
                0x00000313       0x39 Third-Party/FreeRTOS/org/Source/list.o
 .ARM.attributes
                0x0000034c       0x39 Third-Party/FreeRTOS/org/Source/tasks.o
 .ARM.attributes
                0x00000385       0x39 Third-Party/FreeRTOS/org/Source/portable/GCC/ARM_CM4F/port.o
 .ARM.attributes
                0x000003be       0x39 Third-Party/FreeRTOS/org/Source/portable/MemMang/heap_4.o
 .ARM.attributes
                0x000003f7       0x39 Third-Party/SEGGER/Config/SEGGER_SYSVIEW_Config_FreeRTOS.o
 .ARM.attributes
                0x00000430       0x39 Third-Party/SEGGER/OS/SEGGER_SYSVIEW_FreeRTOS.o
 .ARM.attributes
                0x00000469       0x39 Third-Party/SEGGER/SEGGER/SEGGER_RTT.o
 .ARM.attributes
                0x000004a2       0x39 Third-Party/SEGGER/SEGGER/SEGGER_SYSVIEW.o
 .ARM.attributes
                0x000004db       0x39 src/main.o
 .ARM.attributes
                0x00000514       0x39 src/system_stm32f4xx.o
 .ARM.attributes
                0x0000054d       0x21 startup/startup_stm32.o
 .ARM.attributes
                0x0000056e       0x34 c:/ac6/systemworkbench/plugins/fr.ac6.mcu.externaltools.arm-none.win32_1.17.0.201812190825/tools/compiler/bin/../lib/gcc/arm-none-eabi/7.3.1/../../../../arm-none-eabi/lib/thumb/v7e-m/fpv4-sp/hard\libc.a(lib_a-memcmp.o)
 .ARM.attributes
                0x000005a2       0x20 c:/ac6/systemworkbench/plugins/fr.ac6.mcu.externaltools.arm-none.win32_1.17.0.201812190825/tools/compiler/bin/../lib/gcc/arm-none-eabi/7.3.1/../../../../arm-none-eabi/lib/thumb/v7e-m/fpv4-sp/hard\libc.a(lib_a-memcpy.o)
 .ARM.attributes
                0x000005c2       0x20 c:/ac6/systemworkbench/plugins/fr.ac6.mcu.externaltools.arm-none.win32_1.17.0.201812190825/tools/compiler/bin/../lib/gcc/arm-none-eabi/7.3.1/../../../../arm-none-eabi/lib/thumb/v7e-m/fpv4-sp/hard\libc.a(lib_a-strlen.o)
 .ARM.attributes
                0x000005e2       0x22 c:/ac6/systemworkbench/plugins/fr.ac6.mcu.externaltools.arm-none.win32_1.17.0.201812190825/tools/compiler/bin/../lib/gcc/arm-none-eabi/7.3.1/thumb/v7e-m/fpv4-sp/hard/crtn.o
OUTPUT(STM32_FreeRTOS_Task_Delete.elf elf32-littlearm)

.debug_frame    0x00000000     0x3388
 .debug_frame   0x00000000       0x2c c:/ac6/systemworkbench/plugins/fr.ac6.mcu.externaltools.arm-none.win32_1.17.0.201812190825/tools/compiler/bin/../lib/gcc/arm-none-eabi/7.3.1/../../../../arm-none-eabi/lib/thumb/v7e-m/fpv4-sp/hard\libc.a(lib_a-init.o)
 .debug_frame   0x0000002c       0x38 c:/ac6/systemworkbench/plugins/fr.ac6.mcu.externaltools.arm-none.win32_1.17.0.201812190825/tools/compiler/bin/../lib/gcc/arm-none-eabi/7.3.1/../../../../arm-none-eabi/lib/thumb/v7e-m/fpv4-sp/hard\libc.a(lib_a-memset.o)
 .debug_frame   0x00000064       0x5c c:/ac6/systemworkbench/plugins/fr.ac6.mcu.externaltools.arm-none.win32_1.17.0.201812190825/tools/compiler/bin/../lib/gcc/arm-none-eabi/7.3.1/../../../../arm-none-eabi/lib/thumb/v7e-m/fpv4-sp/hard\libc.a(lib_a-__call_atexit.o)
 .debug_frame   0x000000c0       0x20 c:/ac6/systemworkbench/plugins/fr.ac6.mcu.externaltools.arm-none.win32_1.17.0.201812190825/tools/compiler/bin/../lib/gcc/arm-none-eabi/7.3.1/../../../../arm-none-eabi/lib/thumb/v7e-m/fpv4-sp/hard\libc.a(lib_a-atexit.o)
 .debug_frame   0x000000e0       0x34 c:/ac6/systemworkbench/plugins/fr.ac6.mcu.externaltools.arm-none.win32_1.17.0.201812190825/tools/compiler/bin/../lib/gcc/arm-none-eabi/7.3.1/../../../../arm-none-eabi/lib/thumb/v7e-m/fpv4-sp/hard\libc.a(lib_a-fini.o)
 .debug_frame   0x00000114       0xb0 c:/ac6/systemworkbench/plugins/fr.ac6.mcu.externaltools.arm-none.win32_1.17.0.201812190825/tools/compiler/bin/../lib/gcc/arm-none-eabi/7.3.1/../../../../arm-none-eabi/lib/thumb/v7e-m/fpv4-sp/hard\libc.a(lib_a-lock.o)
 .debug_frame   0x000001c4       0x34 c:/ac6/systemworkbench/plugins/fr.ac6.mcu.externaltools.arm-none.win32_1.17.0.201812190825/tools/compiler/bin/../lib/gcc/arm-none-eabi/7.3.1/../../../../arm-none-eabi/lib/thumb/v7e-m/fpv4-sp/hard\libc.a(lib_a-__atexit.o)
 .debug_frame   0x000001f8      0x148 StdPeriph_Driver/src/stm32f4xx_exti.o
 .debug_frame   0x00000340      0x23c StdPeriph_Driver/src/stm32f4xx_gpio.o
 .debug_frame   0x0000057c      0x904 StdPeriph_Driver/src/stm32f4xx_rcc.o
 .debug_frame   0x00000e80      0x11c StdPeriph_Driver/src/stm32f4xx_syscfg.o
 .debug_frame   0x00000f9c      0x490 StdPeriph_Driver/src/stm32f4xx_usart.o
 .debug_frame   0x0000142c       0xd8 Third-Party/FreeRTOS/org/Source/list.o
 .debug_frame   0x00001504      0x870 Third-Party/FreeRTOS/org/Source/tasks.o
 .debug_frame   0x00001d74      0x1a8 Third-Party/FreeRTOS/org/Source/portable/GCC/ARM_CM4F/port.o
 .debug_frame   0x00001f1c      0x108 Third-Party/FreeRTOS/org/Source/portable/MemMang/heap_4.o
 .debug_frame   0x00002024       0x48 Third-Party/SEGGER/Config/SEGGER_SYSVIEW_Config_FreeRTOS.o
 .debug_frame   0x0000206c      0x100 Third-Party/SEGGER/OS/SEGGER_SYSVIEW_FreeRTOS.o
 .debug_frame   0x0000216c      0x478 Third-Party/SEGGER/SEGGER/SEGGER_RTT.o
 .debug_frame   0x000025e4      0xb5c Third-Party/SEGGER/SEGGER/SEGGER_SYSVIEW.o
 .debug_frame   0x00003140      0x194 src/main.o
 .debug_frame   0x000032d4       0x7c src/system_stm32f4xx.o
 .debug_frame   0x00003350       0x38 c:/ac6/systemworkbench/plugins/fr.ac6.mcu.externaltools.arm-none.win32_1.17.0.201812190825/tools/compiler/bin/../lib/gcc/arm-none-eabi/7.3.1/../../../../arm-none-eabi/lib/thumb/v7e-m/fpv4-sp/hard\libc.a(lib_a-memcmp.o)

.debug_info     0x00000000     0xe287
 .debug_info    0x00000000      0x358 StdPeriph_Driver/src/stm32f4xx_exti.o
 .debug_info    0x00000358      0x62b StdPeriph_Driver/src/stm32f4xx_gpio.o
 .debug_info    0x00000983      0xf8e StdPeriph_Driver/src/stm32f4xx_rcc.o
 .debug_info    0x00001911      0x2a6 StdPeriph_Driver/src/stm32f4xx_syscfg.o
 .debug_info    0x00001bb7      0x9d4 StdPeriph_Driver/src/stm32f4xx_usart.o
 .debug_info    0x0000258b      0xadb Third-Party/FreeRTOS/org/Source/list.o
 .debug_info    0x00003066     0x270c Third-Party/FreeRTOS/org/Source/tasks.o
 .debug_info    0x00005772      0x533 Third-Party/FreeRTOS/org/Source/portable/GCC/ARM_CM4F/port.o
 .debug_info    0x00005ca5      0xbfc Third-Party/FreeRTOS/org/Source/portable/MemMang/heap_4.o
 .debug_info    0x000068a1      0x10f Third-Party/SEGGER/Config/SEGGER_SYSVIEW_Config_FreeRTOS.o
 .debug_info    0x000069b0      0xb8d Third-Party/SEGGER/OS/SEGGER_SYSVIEW_FreeRTOS.o
 .debug_info    0x0000753d     0x16b9 Third-Party/SEGGER/SEGGER/SEGGER_RTT.o
 .debug_info    0x00008bf6     0x3aea Third-Party/SEGGER/SEGGER/SEGGER_SYSVIEW.o
 .debug_info    0x0000c6e0     0x1564 src/main.o
 .debug_info    0x0000dc44      0x621 src/system_stm32f4xx.o
 .debug_info    0x0000e265       0x22 startup/startup_stm32.o

.debug_abbrev   0x00000000     0x2023
 .debug_abbrev  0x00000000      0x1c3 StdPeriph_Driver/src/stm32f4xx_exti.o
 .debug_abbrev  0x000001c3      0x1bf StdPeriph_Driver/src/stm32f4xx_gpio.o
 .debug_abbrev  0x00000382      0x1d4 StdPeriph_Driver/src/stm32f4xx_rcc.o
 .debug_abbrev  0x00000556      0x14b StdPeriph_Driver/src/stm32f4xx_syscfg.o
 .debug_abbrev  0x000006a1      0x187 StdPeriph_Driver/src/stm32f4xx_usart.o
 .debug_abbrev  0x00000828      0x205 Third-Party/FreeRTOS/org/Source/list.o
 .debug_abbrev  0x00000a2d      0x395 Third-Party/FreeRTOS/org/Source/tasks.o
 .debug_abbrev  0x00000dc2      0x210 Third-Party/FreeRTOS/org/Source/portable/GCC/ARM_CM4F/port.o
 .debug_abbrev  0x00000fd2      0x2d4 Third-Party/FreeRTOS/org/Source/portable/MemMang/heap_4.o
 .debug_abbrev  0x000012a6       0xb5 Third-Party/SEGGER/Config/SEGGER_SYSVIEW_Config_FreeRTOS.o
 .debug_abbrev  0x0000135b      0x223 Third-Party/SEGGER/OS/SEGGER_SYSVIEW_FreeRTOS.o
 .debug_abbrev  0x0000157e      0x2d6 Third-Party/SEGGER/SEGGER/SEGGER_RTT.o
 .debug_abbrev  0x00001854      0x336 Third-Party/SEGGER/SEGGER/SEGGER_SYSVIEW.o
 .debug_abbrev  0x00001b8a      0x32a src/main.o
 .debug_abbrev  0x00001eb4      0x15d src/system_stm32f4xx.o
 .debug_abbrev  0x00002011       0x12 startup/startup_stm32.o

.debug_aranges  0x00000000      0xbc0
 .debug_aranges
                0x00000000       0x58 StdPeriph_Driver/src/stm32f4xx_exti.o
 .debug_aranges
                0x00000058       0x88 StdPeriph_Driver/src/stm32f4xx_gpio.o
 .debug_aranges
                0x000000e0      0x1e8 StdPeriph_Driver/src/stm32f4xx_rcc.o
 .debug_aranges
                0x000002c8       0x50 StdPeriph_Driver/src/stm32f4xx_syscfg.o
 .debug_aranges
                0x00000318      0x100 StdPeriph_Driver/src/stm32f4xx_usart.o
 .debug_aranges
                0x00000418       0x40 Third-Party/FreeRTOS/org/Source/list.o
 .debug_aranges
                0x00000458      0x1e8 Third-Party/FreeRTOS/org/Source/tasks.o
 .debug_aranges
                0x00000640       0x80 Third-Party/FreeRTOS/org/Source/portable/GCC/ARM_CM4F/port.o
 .debug_aranges
                0x000006c0       0x50 Third-Party/FreeRTOS/org/Source/portable/MemMang/heap_4.o
 .debug_aranges
                0x00000710       0x28 Third-Party/SEGGER/Config/SEGGER_SYSVIEW_Config_FreeRTOS.o
 .debug_aranges
                0x00000738       0x48 Third-Party/SEGGER/OS/SEGGER_SYSVIEW_FreeRTOS.o
 .debug_aranges
                0x00000780      0x110 Third-Party/SEGGER/SEGGER/SEGGER_RTT.o
 .debug_aranges
                0x00000890      0x268 Third-Party/SEGGER/SEGGER/SEGGER_SYSVIEW.o
 .debug_aranges
                0x00000af8       0x70 src/main.o
 .debug_aranges
                0x00000b68       0x30 src/system_stm32f4xx.o
 .debug_aranges
                0x00000b98       0x28 startup/startup_stm32.o

.debug_ranges   0x00000000      0xac8
 .debug_ranges  0x00000000       0x48 StdPeriph_Driver/src/stm32f4xx_exti.o
 .debug_ranges  0x00000048       0x78 StdPeriph_Driver/src/stm32f4xx_gpio.o
 .debug_ranges  0x000000c0      0x1d8 StdPeriph_Driver/src/stm32f4xx_rcc.o
 .debug_ranges  0x00000298       0x40 StdPeriph_Driver/src/stm32f4xx_syscfg.o
 .debug_ranges  0x000002d8       0xf0 StdPeriph_Driver/src/stm32f4xx_usart.o
 .debug_ranges  0x000003c8       0x30 Third-Party/FreeRTOS/org/Source/list.o
 .debug_ranges  0x000003f8      0x1d8 Third-Party/FreeRTOS/org/Source/tasks.o
 .debug_ranges  0x000005d0       0x70 Third-Party/FreeRTOS/org/Source/portable/GCC/ARM_CM4F/port.o
 .debug_ranges  0x00000640       0x40 Third-Party/FreeRTOS/org/Source/portable/MemMang/heap_4.o
 .debug_ranges  0x00000680       0x18 Third-Party/SEGGER/Config/SEGGER_SYSVIEW_Config_FreeRTOS.o
 .debug_ranges  0x00000698       0x38 Third-Party/SEGGER/OS/SEGGER_SYSVIEW_FreeRTOS.o
 .debug_ranges  0x000006d0      0x100 Third-Party/SEGGER/SEGGER/SEGGER_RTT.o
 .debug_ranges  0x000007d0      0x258 Third-Party/SEGGER/SEGGER/SEGGER_SYSVIEW.o
 .debug_ranges  0x00000a28       0x60 src/main.o
 .debug_ranges  0x00000a88       0x20 src/system_stm32f4xx.o
 .debug_ranges  0x00000aa8       0x20 startup/startup_stm32.o

.debug_macro    0x00000000     0x30de
 .debug_macro   0x00000000      0x1fe StdPeriph_Driver/src/stm32f4xx_exti.o
 .debug_macro   0x000001fe       0xaf StdPeriph_Driver/src/stm32f4xx_exti.o
 .debug_macro   0x000002ad      0x1fc StdPeriph_Driver/src/stm32f4xx_gpio.o
 .debug_macro   0x000004a9      0x33b StdPeriph_Driver/src/stm32f4xx_gpio.o
 .debug_macro   0x000007e4      0x2cb StdPeriph_Driver/src/stm32f4xx_rcc.o
 .debug_macro   0x00000aaf      0x24a StdPeriph_Driver/src/stm32f4xx_syscfg.o
 .debug_macro   0x00000cf9      0x10e StdPeriph_Driver/src/stm32f4xx_syscfg.o
 .debug_macro   0x00000e07      0x214 StdPeriph_Driver/src/stm32f4xx_usart.o
 .debug_macro   0x0000101b      0x21d StdPeriph_Driver/src/stm32f4xx_usart.o
 .debug_macro   0x00001238      0x1ba Third-Party/FreeRTOS/org/Source/list.o
 .debug_macro   0x000013f2      0x2ae Third-Party/FreeRTOS/org/Source/tasks.o
 .debug_macro   0x000016a0       0x10 Third-Party/FreeRTOS/org/Source/tasks.o
 .debug_macro   0x000016b0      0x1d6 Third-Party/FreeRTOS/org/Source/portable/GCC/ARM_CM4F/port.o
 .debug_macro   0x00001886      0x1e1 Third-Party/FreeRTOS/org/Source/portable/MemMang/heap_4.o
 .debug_macro   0x00001a67      0x116 Third-Party/SEGGER/Config/SEGGER_SYSVIEW_Config_FreeRTOS.o
 .debug_macro   0x00001b7d      0x1d0 Third-Party/SEGGER/OS/SEGGER_SYSVIEW_FreeRTOS.o
 .debug_macro   0x00001d4d      0x164 Third-Party/SEGGER/SEGGER/SEGGER_RTT.o
 .debug_macro   0x00001eb1       0x4f Third-Party/SEGGER/SEGGER/SEGGER_RTT.o
 .debug_macro   0x00001f00      0x115 Third-Party/SEGGER/SEGGER/SEGGER_RTT.o
 .debug_macro   0x00002015      0x1f8 Third-Party/SEGGER/SEGGER/SEGGER_SYSVIEW.o
 .debug_macro   0x0000220d       0x65 Third-Party/SEGGER/SEGGER/SEGGER_SYSVIEW.o
 .debug_macro   0x00002272       0x35 Third-Party/SEGGER/SEGGER/SEGGER_SYSVIEW.o
 .debug_macro   0x000022a7      0x11b Third-Party/SEGGER/SEGGER/SEGGER_SYSVIEW.o
 .debug_macro   0x000023c2      0x428 src/main.o
 .debug_macro   0x000027ea       0x16 src/main.o
 .debug_macro   0x00002800       0x97 src/main.o
 .debug_macro   0x00002897       0xfd src/main.o
 .debug_macro   0x00002994       0x10 src/main.o
 .debug_macro   0x000029a4       0x10 src/main.o
 .debug_macro   0x000029b4       0x1c src/main.o
 .debug_macro   0x000029d0       0x52 src/main.o
 .debug_macro   0x00002a22       0x40 src/main.o
 .debug_macro   0x00002a62       0x10 src/main.o
 .debug_macro   0x00002a72       0x40 src/main.o
 .debug_macro   0x00002ab2       0xd7 src/main.o
 .debug_macro   0x00002b89       0x1c src/main.o
 .debug_macro   0x00002ba5       0x3d src/main.o
 .debug_macro   0x00002be2       0x16 src/main.o
 .debug_macro   0x00002bf8      0x16f src/main.o
 .debug_macro   0x00002d67      0x112 src/main.o
 .debug_macro   0x00002e79       0x4c src/main.o
 .debug_macro   0x00002ec5      0x219 src/system_stm32f4xx.o

.debug_line     0x00000000     0x929f
 .debug_line    0x00000000      0x71d StdPeriph_Driver/src/stm32f4xx_exti.o
 .debug_line    0x0000071d      0x7f5 StdPeriph_Driver/src/stm32f4xx_gpio.o
 .debug_line    0x00000f12      0xb72 StdPeriph_Driver/src/stm32f4xx_rcc.o
 .debug_line    0x00001a84      0x6f0 StdPeriph_Driver/src/stm32f4xx_syscfg.o
 .debug_line    0x00002174      0x93b StdPeriph_Driver/src/stm32f4xx_usart.o
 .debug_line    0x00002aaf      0x6a9 Third-Party/FreeRTOS/org/Source/list.o
 .debug_line    0x00003158     0x1340 Third-Party/FreeRTOS/org/Source/tasks.o
 .debug_line    0x00004498      0x7df Third-Party/FreeRTOS/org/Source/portable/GCC/ARM_CM4F/port.o
 .debug_line    0x00004c77      0x78f Third-Party/FreeRTOS/org/Source/portable/MemMang/heap_4.o
 .debug_line    0x00005406      0x5ca Third-Party/SEGGER/Config/SEGGER_SYSVIEW_Config_FreeRTOS.o
 .debug_line    0x000059d0      0x73b Third-Party/SEGGER/OS/SEGGER_SYSVIEW_FreeRTOS.o
 .debug_line    0x0000610b      0x7bb Third-Party/SEGGER/SEGGER/SEGGER_RTT.o
 .debug_line    0x000068c6     0x168e Third-Party/SEGGER/SEGGER/SEGGER_SYSVIEW.o
 .debug_line    0x00007f54      0xbcd src/main.o
 .debug_line    0x00008b21      0x702 src/system_stm32f4xx.o
 .debug_line    0x00009223       0x7c startup/startup_stm32.o

.debug_str      0x00000000    0x7f298
 .debug_str     0x00000000    0x6ce22 StdPeriph_Driver/src/stm32f4xx_exti.o
                              0x6d0c4 (size before relaxing)
 .debug_str     0x0006ce22      0x2c5 StdPeriph_Driver/src/stm32f4xx_gpio.o
                              0x6d1f6 (size before relaxing)
 .debug_str     0x0006d0e7      0xe76 StdPeriph_Driver/src/stm32f4xx_rcc.o
                              0x6ddd2 (size before relaxing)
 .debug_str     0x0006df5d      0x40c StdPeriph_Driver/src/stm32f4xx_syscfg.o
                              0x6d314 (size before relaxing)
 .debug_str     0x0006e369      0x53a StdPeriph_Driver/src/stm32f4xx_usart.o
                              0x6d509 (size before relaxing)
 .debug_str     0x0006e8a3     0x9d95 Third-Party/FreeRTOS/org/Source/list.o
                               0xda9b (size before relaxing)
 .debug_str     0x00078638     0x23fb Third-Party/FreeRTOS/org/Source/tasks.o
                               0xfed8 (size before relaxing)
 .debug_str     0x0007aa33      0x7fb Third-Party/FreeRTOS/org/Source/portable/GCC/ARM_CM4F/port.o
                               0xbc35 (size before relaxing)
 .debug_str     0x0007b22e      0x252 Third-Party/FreeRTOS/org/Source/portable/MemMang/heap_4.o
                               0xe28e (size before relaxing)
 .debug_str     0x0007b480      0x174 Third-Party/SEGGER/Config/SEGGER_SYSVIEW_Config_FreeRTOS.o
                               0xa6b8 (size before relaxing)
 .debug_str     0x0007b5f4       0xfb Third-Party/SEGGER/OS/SEGGER_SYSVIEW_FreeRTOS.o
                               0xe08e (size before relaxing)
 .debug_str     0x0007b6ef      0xdca Third-Party/SEGGER/SEGGER/SEGGER_RTT.o
                               0x6dba (size before relaxing)
 .debug_str     0x0007c4b9     0x12fc Third-Party/SEGGER/SEGGER/SEGGER_SYSVIEW.o
                               0x8d60 (size before relaxing)
 .debug_str     0x0007d7b5     0x19ec src/main.o
                              0x78f0f (size before relaxing)
 .debug_str     0x0007f1a1       0xce src/system_stm32f4xx.o
                              0x6d155 (size before relaxing)
 .debug_str     0x0007f26f       0x29 startup/startup_stm32.o
                                 0x59 (size before relaxing)

.comment        0x00000000       0x7f
 .comment       0x00000000       0x7f StdPeriph_Driver/src/stm32f4xx_exti.o
                                 0x80 (size before relaxing)
 .comment       0x0000007f       0x80 StdPeriph_Driver/src/stm32f4xx_gpio.o
 .comment       0x0000007f       0x80 StdPeriph_Driver/src/stm32f4xx_rcc.o
 .comment       0x0000007f       0x80 StdPeriph_Driver/src/stm32f4xx_syscfg.o
 .comment       0x0000007f       0x80 StdPeriph_Driver/src/stm32f4xx_usart.o
 .comment       0x0000007f       0x80 Third-Party/FreeRTOS/org/Source/list.o
 .comment       0x0000007f       0x80 Third-Party/FreeRTOS/org/Source/tasks.o
 .comment       0x0000007f       0x80 Third-Party/FreeRTOS/org/Source/portable/GCC/ARM_CM4F/port.o
 .comment       0x0000007f       0x80 Third-Party/FreeRTOS/org/Source/portable/MemMang/heap_4.o
 .comment       0x0000007f       0x80 Third-Party/SEGGER/Config/SEGGER_SYSVIEW_Config_FreeRTOS.o
 .comment       0x0000007f       0x80 Third-Party/SEGGER/OS/SEGGER_SYSVIEW_FreeRTOS.o
 .comment       0x0000007f       0x80 Third-Party/SEGGER/SEGGER/SEGGER_RTT.o
 .comment       0x0000007f       0x80 Third-Party/SEGGER/SEGGER/SEGGER_SYSVIEW.o
 .comment       0x0000007f       0x80 src/main.o
 .comment       0x0000007f       0x80 src/system_stm32f4xx.o
